../Core/Src/main.c:86:6:modbus_tx_data	24	static
../Core/Src/main.c:108:9:decToBcd	16	static
../Core/Src/main.c:114:5:bcdToDec	16	static
../Core/Src/main.c:120:6:Set_Time	48	static
../Core/Src/main.c:135:6:Get_Time	32	static
../Core/Src/main.c:156:5:main	24	static
../Core/Src/main.c:252:6:SystemClock_Config	72	static
../Core/Src/main.c:292:13:MX_I2C1_Init	8	static
../Core/Src/main.c:326:13:MX_USART1_UART_Init	8	static
../Core/Src/main.c:359:13:MX_USART2_UART_Init	8	static
../Core/Src/main.c:392:13:MX_GPIO_Init	40	static
../Core/Src/main.c:425:6:Error_Handler	4	static,ignoring_inline_asm
