../Core/Src/main.c:94:7:modbus_tx_data	24	static
../Core/Src/main.c:116:10:decToBcd	16	static
../Core/Src/main.c:122:6:bcdToDec	16	static
../Core/Src/main.c:128:7:Set_Time	48	static
../Core/Src/main.c:143:7:Get_Time	32	static
../Core/Src/main.c:164:5:main	24	static
../Core/Src/main.c:255:6:SystemClock_Config	72	static
../Core/Src/main.c:295:13:MX_I2C1_Init	8	static
../Core/Src/main.c:329:13:MX_USART1_UART_Init	8	static
../Core/Src/main.c:362:13:MX_USART2_UART_Init	8	static
../Core/Src/main.c:395:13:MX_GPIO_Init	40	static
../Core/Src/main.c:428:6:Error_Handler	4	static,ignoring_inline_asm
