Archive member included to satisfy reference by file (symbol)

D:/ITC/STM32/STM32CubeIDE_1.13.0/STM32CubeIDE/plugins/com.st.stm32cube.ide.mcu.externaltools.gnu-tools-for-stm32.11.3.rel1.win32_1.1.0.202305231506/tools/bin/../lib/gcc/arm-none-eabi/11.3.1/../../../../arm-none-eabi/lib/thumb/v7e-m+fp/hard\libc_nano.a(libc_a-exit.o)
                              D:/ITC/STM32/STM32CubeIDE_1.13.0/STM32CubeIDE/plugins/com.st.stm32cube.ide.mcu.externaltools.gnu-tools-for-stm32.11.3.rel1.win32_1.1.0.202305231506/tools/bin/../lib/gcc/arm-none-eabi/11.3.1/../../../../arm-none-eabi/lib/thumb/v7e-m+fp/hard/crt0.o (exit)
D:/ITC/STM32/STM32CubeIDE_1.13.0/STM32CubeIDE/plugins/com.st.stm32cube.ide.mcu.externaltools.gnu-tools-for-stm32.11.3.rel1.win32_1.1.0.202305231506/tools/bin/../lib/gcc/arm-none-eabi/11.3.1/../../../../arm-none-eabi/lib/thumb/v7e-m+fp/hard\libc_nano.a(libc_a-findfp.o)
                              D:/ITC/STM32/STM32CubeIDE_1.13.0/STM32CubeIDE/plugins/com.st.stm32cube.ide.mcu.externaltools.gnu-tools-for-stm32.11.3.rel1.win32_1.1.0.202305231506/tools/bin/../lib/gcc/arm-none-eabi/11.3.1/../../../../arm-none-eabi/lib/thumb/v7e-m+fp/hard\libc_nano.a(libc_a-exit.o) (__stdio_exit_handler)
D:/ITC/STM32/STM32CubeIDE_1.13.0/STM32CubeIDE/plugins/com.st.stm32cube.ide.mcu.externaltools.gnu-tools-for-stm32.11.3.rel1.win32_1.1.0.202305231506/tools/bin/../lib/gcc/arm-none-eabi/11.3.1/../../../../arm-none-eabi/lib/thumb/v7e-m+fp/hard\libc_nano.a(libc_a-fwalk.o)
                              D:/ITC/STM32/STM32CubeIDE_1.13.0/STM32CubeIDE/plugins/com.st.stm32cube.ide.mcu.externaltools.gnu-tools-for-stm32.11.3.rel1.win32_1.1.0.202305231506/tools/bin/../lib/gcc/arm-none-eabi/11.3.1/../../../../arm-none-eabi/lib/thumb/v7e-m+fp/hard\libc_nano.a(libc_a-findfp.o) (_fwalk_sglue)
D:/ITC/STM32/STM32CubeIDE_1.13.0/STM32CubeIDE/plugins/com.st.stm32cube.ide.mcu.externaltools.gnu-tools-for-stm32.11.3.rel1.win32_1.1.0.202305231506/tools/bin/../lib/gcc/arm-none-eabi/11.3.1/../../../../arm-none-eabi/lib/thumb/v7e-m+fp/hard\libc_nano.a(libc_a-stdio.o)
                              D:/ITC/STM32/STM32CubeIDE_1.13.0/STM32CubeIDE/plugins/com.st.stm32cube.ide.mcu.externaltools.gnu-tools-for-stm32.11.3.rel1.win32_1.1.0.202305231506/tools/bin/../lib/gcc/arm-none-eabi/11.3.1/../../../../arm-none-eabi/lib/thumb/v7e-m+fp/hard\libc_nano.a(libc_a-findfp.o) (__sread)
D:/ITC/STM32/STM32CubeIDE_1.13.0/STM32CubeIDE/plugins/com.st.stm32cube.ide.mcu.externaltools.gnu-tools-for-stm32.11.3.rel1.win32_1.1.0.202305231506/tools/bin/../lib/gcc/arm-none-eabi/11.3.1/../../../../arm-none-eabi/lib/thumb/v7e-m+fp/hard\libc_nano.a(libc_a-memset.o)
                              D:/ITC/STM32/STM32CubeIDE_1.13.0/STM32CubeIDE/plugins/com.st.stm32cube.ide.mcu.externaltools.gnu-tools-for-stm32.11.3.rel1.win32_1.1.0.202305231506/tools/bin/../lib/gcc/arm-none-eabi/11.3.1/../../../../arm-none-eabi/lib/thumb/v7e-m+fp/hard/crt0.o (memset)
D:/ITC/STM32/STM32CubeIDE_1.13.0/STM32CubeIDE/plugins/com.st.stm32cube.ide.mcu.externaltools.gnu-tools-for-stm32.11.3.rel1.win32_1.1.0.202305231506/tools/bin/../lib/gcc/arm-none-eabi/11.3.1/../../../../arm-none-eabi/lib/thumb/v7e-m+fp/hard\libc_nano.a(libc_a-closer.o)
                              D:/ITC/STM32/STM32CubeIDE_1.13.0/STM32CubeIDE/plugins/com.st.stm32cube.ide.mcu.externaltools.gnu-tools-for-stm32.11.3.rel1.win32_1.1.0.202305231506/tools/bin/../lib/gcc/arm-none-eabi/11.3.1/../../../../arm-none-eabi/lib/thumb/v7e-m+fp/hard\libc_nano.a(libc_a-stdio.o) (_close_r)
D:/ITC/STM32/STM32CubeIDE_1.13.0/STM32CubeIDE/plugins/com.st.stm32cube.ide.mcu.externaltools.gnu-tools-for-stm32.11.3.rel1.win32_1.1.0.202305231506/tools/bin/../lib/gcc/arm-none-eabi/11.3.1/../../../../arm-none-eabi/lib/thumb/v7e-m+fp/hard\libc_nano.a(libc_a-reent.o)
                              D:/ITC/STM32/STM32CubeIDE_1.13.0/STM32CubeIDE/plugins/com.st.stm32cube.ide.mcu.externaltools.gnu-tools-for-stm32.11.3.rel1.win32_1.1.0.202305231506/tools/bin/../lib/gcc/arm-none-eabi/11.3.1/../../../../arm-none-eabi/lib/thumb/v7e-m+fp/hard\libc_nano.a(libc_a-closer.o) (errno)
D:/ITC/STM32/STM32CubeIDE_1.13.0/STM32CubeIDE/plugins/com.st.stm32cube.ide.mcu.externaltools.gnu-tools-for-stm32.11.3.rel1.win32_1.1.0.202305231506/tools/bin/../lib/gcc/arm-none-eabi/11.3.1/../../../../arm-none-eabi/lib/thumb/v7e-m+fp/hard\libc_nano.a(libc_a-impure.o)
                              D:/ITC/STM32/STM32CubeIDE_1.13.0/STM32CubeIDE/plugins/com.st.stm32cube.ide.mcu.externaltools.gnu-tools-for-stm32.11.3.rel1.win32_1.1.0.202305231506/tools/bin/../lib/gcc/arm-none-eabi/11.3.1/../../../../arm-none-eabi/lib/thumb/v7e-m+fp/hard\libc_nano.a(libc_a-reent.o) (_impure_ptr)
D:/ITC/STM32/STM32CubeIDE_1.13.0/STM32CubeIDE/plugins/com.st.stm32cube.ide.mcu.externaltools.gnu-tools-for-stm32.11.3.rel1.win32_1.1.0.202305231506/tools/bin/../lib/gcc/arm-none-eabi/11.3.1/../../../../arm-none-eabi/lib/thumb/v7e-m+fp/hard\libc_nano.a(libc_a-lseekr.o)
[...]
Memory Configuration

Name             Origin             Length             Attributes
CCMRAM           0x0000000010000000 0x0000000000002000 xrw
RAM              0x0000000020000000 0x000000000000a000 xrw
FLASH            0x0000000008000000 0x0000000000040000 xr
*default*        0x0000000000000000 0xffffffffffffffff

Linker script and memory map

LOAD D:/ITC/STM32/STM32CubeIDE_1.13.0/STM32CubeIDE/plugins/com.st.stm32cube.ide.mcu.externaltools.gnu-tools-for-stm32.11.3.rel1.win32_1.1.0.202305231506/tools/bin/../lib/gcc/arm-none-eabi/11.3.1/thumb/v7e-m+fp/hard/crti.o
LOAD D:/ITC/STM32/STM32CubeIDE_1.13.0/STM32CubeIDE/plugins/com.st.stm32cube.ide.mcu.externaltools.gnu-tools-for-stm32.11.3.rel1.win32_1.1.0.202305231506/tools/bin/../lib/gcc/arm-none-eabi/11.3.1/thumb/v7e-m+fp/hard/crtbegin.o
LOAD D:/ITC/STM32/STM32CubeIDE_1.13.0/STM32CubeIDE/plugins/com.st.stm32cube.ide.mcu.externaltools.gnu-tools-for-stm32.11.3.rel1.win32_1.1.0.202305231506/tools/bin/../lib/gcc/arm-none-eabi/11.3.1/../../../../arm-none-eabi/lib/thumb/v7e-m+fp/hard/crt0.o
LOAD ./Core/Src/main.o
LOAD ./Core/Src/modbus_crc.o
LOAD ./Core/Src/stm32f3xx_hal_msp.o
LOAD ./Core/Src/stm32f3xx_it.o
LOAD ./Core/Src/syscalls.o
LOAD ./Core/Src/sysmem.o
LOAD ./Core/Src/system_stm32f3xx.o
LOAD ./Core/Startup/startup_stm32f303vctx.o
LOAD ./Drivers/STM32F3xx_HAL_Driver/Src/stm32f3xx_hal.o
LOAD ./Drivers/STM32F3xx_HAL_Driver/Src/stm32f3xx_hal_cortex.o
LOAD ./Drivers/STM32F3xx_HAL_Driver/Src/stm32f3xx_hal_dma.o
LOAD ./Drivers/STM32F3xx_HAL_Driver/Src/stm32f3xx_hal_exti.o
LOAD ./Drivers/STM32F3xx_HAL_Driver/Src/stm32f3xx_hal_flash.o
LOAD ./Drivers/STM32F3xx_HAL_Driver/Src/stm32f3xx_hal_flash_ex.o
LOAD ./Drivers/STM32F3xx_HAL_Driver/Src/stm32f3xx_hal_gpio.o
LOAD ./Drivers/STM32F3xx_HAL_Driver/Src/stm32f3xx_hal_i2c.o
LOAD ./Drivers/STM32F3xx_HAL_Driver/Src/stm32f3xx_hal_i2c_ex.o
LOAD ./Drivers/STM32F3xx_HAL_Driver/Src/stm32f3xx_hal_pwr.o
LOAD ./Drivers/STM32F3xx_HAL_Driver/Src/stm32f3xx_hal_pwr_ex.o
LOAD ./Drivers/STM32F3xx_HAL_Driver/Src/stm32f3xx_hal_rcc.o
LOAD ./Drivers/STM32F3xx_HAL_Driver/Src/stm32f3xx_hal_rcc_ex.o
LOAD ./Drivers/STM32F3xx_HAL_Driver/Src/stm32f3xx_hal_tim.o
LOAD ./Drivers/STM32F3xx_HAL_Driver/Src/stm32f3xx_hal_tim_ex.o
LOAD ./Drivers/STM32F3xx_HAL_Driver/Src/stm32f3xx_hal_uart.o
LOAD ./Drivers/STM32F3xx_HAL_Driver/Src/stm32f3xx_hal_uart_ex.o
START GROUP
LOAD D:/ITC/STM32/STM32CubeIDE_1.13.0/STM32CubeIDE/plugins/com.st.stm32cube.ide.mcu.externaltools.gnu-tools-for-stm32.11.3.rel1.win32_1.1.0.202305231506/tools/bin/../lib/gcc/arm-none-eabi/11.3.1/../../../../arm-none-eabi/lib/thumb/v7e-m+fp/hard\libc_nano.a
LOAD D:/ITC/STM32/STM32CubeIDE_1.13.0/STM32CubeIDE/plugins/com.st.stm32cube.ide.mcu.externaltools.gnu-tools-for-stm32.11.3.rel1.win32_1.1.0.202305231506/tools/bin/../lib/gcc/arm-none-eabi/11.3.1/../../../../arm-none-eabi/lib/thumb/v7e-m+fp/hard\libm.a
END GROUP
START GROUP
LOAD D:/ITC/STM32/STM32CubeIDE_1.13.0/STM32CubeIDE/plugins/com.st.stm32cube.ide.mcu.externaltools.gnu-tools-for-stm32.11.3.rel1.win32_1.1.0.202305231506/tools/bin/../lib/gcc/arm-none-eabi/11.3.1/thumb/v7e-m+fp/hard\libgcc.a
LOAD D:/ITC/STM32/STM32CubeIDE_1.13.0/STM32CubeIDE/plugins/com.st.stm32cube.ide.mcu.externaltools.gnu-tools-for-stm32.11.3.rel1.win32_1.1.0.202305231506/tools/bin/../lib/gcc/arm-none-eabi/11.3.1/../../../../arm-none-eabi/lib/thumb/v7e-m+fp/hard\libc_nano.a
END GROUP
START GROUP
LOAD D:/ITC/STM32/STM32CubeIDE_1.13.0/STM32CubeIDE/plugins/com.st.stm32cube.ide.mcu.externaltools.gnu-tools-for-stm32.11.3.rel1.win32_1.1.0.202305231506/tools/bin/../lib/gcc/arm-none-eabi/11.3.1/thumb/v7e-m+fp/hard\libgcc.a
LOAD D:/ITC/STM32/STM32CubeIDE_1.13.0/STM32CubeIDE/plugins/com.st.stm32cube.ide.mcu.externaltools.gnu-tools-for-stm32.11.3.rel1.win32_1.1.0.202305231506/tools/bin/../lib/gcc/arm-none-eabi/11.3.1/../../../../arm-none-eabi/lib/thumb/v7e-m+fp/hard\libc_nano.a
LOAD D:/ITC/STM32/STM32CubeIDE_1.13.0/STM32CubeIDE/plugins/com.st.stm32cube.ide.mcu.externaltools.gnu-tools-for-stm32.11.3.rel1.win32_1.1.0.202305231506/tools/bin/../lib/gcc/arm-none-eabi/11.3.1/../../../../arm-none-eabi/lib/thumb/v7e-m+fp/hard\libnosys.a
END GROUP
START GROUP
LOAD D:/ITC/STM32/STM32CubeIDE_1.13.0/STM32CubeIDE/plugins/com.st.stm32cube.ide.mcu.externaltools.gnu-tools-for-stm32.11.3.rel1.win32_1.1.0.202305231506/tools/bin/../lib/gcc/arm-none-eabi/11.3.1/thumb/v7e-m+fp/hard\libgcc.a
LOAD D:/ITC/STM32/STM32CubeIDE_1.13.0/STM32CubeIDE/plugins/com.st.stm32cube.ide.mcu.externaltools.gnu-tools-for-stm32.11.3.rel1.win32_1.1.0.202305231506/tools/bin/../lib/gcc/arm-none-eabi/11.3.1/../../../../arm-none-eabi/lib/thumb/v7e-m+fp/hard\libc_nano.a
LOAD D:/ITC/STM32/STM32CubeIDE_1.13.0/STM32CubeIDE/plugins/com.st.stm32cube.ide.mcu.externaltools.gnu-tools-for-stm32.11.3.rel1.win32_1.1.0.202305231506/tools/bin/../lib/gcc/arm-none-eabi/11.3.1/../../../../arm-none-eabi/lib/thumb/v7e-m+fp/hard\libnosys.a
END GROUP
LOAD D:/ITC/STM32/STM32CubeIDE_1.13.0/STM32CubeIDE/plugins/com.st.stm32cube.ide.mcu.externaltools.gnu-tools-for-stm32.11.3.rel1.win32_1.1.0.202305231506/tools/bin/../lib/gcc/arm-none-eabi/11.3.1/thumb/v7e-m+fp/hard/crtend.o
LOAD D:/ITC/STM32/STM32CubeIDE_1.13.0/STM32CubeIDE/plugins/com.st.stm32cube.ide.mcu.externaltools.gnu-tools-for-stm32.11.3.rel1.win32_1.1.0.202305231506/tools/bin/../lib/gcc/arm-none-eabi/11.3.1/thumb/v7e-m+fp/hard/crtn.o
                0x000000002000a000                _estack = (ORIGIN (RAM) + LENGTH (RAM))
                0x0000000000000200                _Min_Heap_Size = 0x200
                0x0000000000000400                _Min_Stack_Size = 0x400

.isr_vector     0x0000000008000000      0x188
                0x0000000008000000                . = ALIGN (0x4)
 *(.isr_vector)
 .isr_vector    0x0000000008000000      0x188 ./Core/Startup/startup_stm32f303vctx.o
                0x0000000008000000                g_pfnVectors
                0x0000000008000188                . = ALIGN (0x4)

.text           0x0000000008000188     0x3604
                0x0000000008000188                . = ALIGN (0x4)
 *(.text)
 .text          0x0000000008000188       0x40 D:/ITC/STM32/STM32CubeIDE_1.13.0/STM32CubeIDE/plugins/com.st.stm32cube.ide.mcu.externaltools.gnu-tools-for-stm32.11.3.rel1.win32_1.1.0.202305231506/tools/bin/../lib/gcc/arm-none-eabi/11.3.1/thumb/v7e-m+fp/hard/crtbegin.o
 *(.text*)
 .text.modbus_tx_data
                0x00000000080001c8       0xd8 ./Core/Src/main.o
                0x00000000080001c8                modbus_tx_data
 .text.main     0x00000000080002a0       0x22 ./Core/Src/main.o
                0x00000000080002a0                main
 .text.SystemClock_Config
                0x00000000080002c2       0xa0 ./Core/Src/main.o
                0x00000000080002c2                SystemClock_Config
 *fill*         0x0000000008000362        0x2 
 .text.MX_USART2_UART_Init
                0x0000000008000364       0x60 ./Core/Src/main.o
 .text.MX_GPIO_Init
                0x00000000080003c4       0x48 ./Core/Src/main.o
 .text.Error_Handler
                0x000000000800040c        0xa ./Core/Src/main.o
                0x000000000800040c                Error_Handler
 *fill*         0x0000000008000416        0x2 
 .text.crc16    0x0000000008000418       0x6c ./Core/Src/modbus_crc.o
                0x0000000008000418                crc16
 .text.HAL_MspInit
                0x0000000008000484       0x48 ./Core/Src/stm32f3xx_hal_msp.o
                0x0000000008000484                HAL_MspInit
 .text.HAL_UART_MspInit
                0x00000000080004cc       0x94 ./Core/Src/stm32f3xx_hal_msp.o
                0x00000000080004cc                HAL_UART_MspInit
 .text.NMI_Handler
                0x0000000008000560        0x6 ./Core/Src/stm32f3xx_it.o
                0x0000000008000560                NMI_Handler
 .text.HardFault_Handler
                0x0000000008000566        0x6 ./Core/Src/stm32f3xx_it.o
                0x0000000008000566                HardFault_Handler
 .text.MemManage_Handler
                0x000000000800056c        0x6 ./Core/Src/stm32f3xx_it.o
                0x000000000800056c                MemManage_Handler
 .text.BusFault_Handler
                0x0000000008000572        0x6 ./Core/Src/stm32f3xx_it.o
                0x0000000008000572                BusFault_Handler
 .text.UsageFault_Handler
                0x0000000008000578        0x6 ./Core/Src/stm32f3xx_it.o
                0x0000000008000578                UsageFault_Handler
 .text.SVC_Handler
                0x000000000800057e        0xe ./Core/Src/stm32f3xx_it.o
                0x000000000800057e                SVC_Handler
 .text.DebugMon_Handler
                0x000000000800058c        0xe ./Core/Src/stm32f3xx_it.o
                0x000000000800058c                DebugMon_Handler
 .text.PendSV_Handler
                0x000000000800059a        0xe ./Core/Src/stm32f3xx_it.o
                0x000000000800059a                PendSV_Handler
 .text.SysTick_Handler
                0x00000000080005a8        0xc ./Core/Src/stm32f3xx_it.o
                0x00000000080005a8                SysTick_Handler
 .text.USART2_IRQHandler
                0x00000000080005b4       0x14 ./Core/Src/stm32f3xx_it.o
                0x00000000080005b4                USART2_IRQHandler
 .text.SystemInit
                0x00000000080005c8       0x24 ./Core/Src/system_stm32f3xx.o
                0x00000000080005c8                SystemInit
 .text.Reset_Handler
                0x00000000080005ec       0x50 ./Core/Startup/startup_stm32f303vctx.o
                0x00000000080005ec                Reset_Handler
 .text.Default_Handler
                0x000000000800063c        0x2 ./Core/Startup/startup_stm32f303vctx.o
                0x000000000800063c                RTC_Alarm_IRQHandler
                0x000000000800063c                TIM8_TRG_COM_IRQHandler
                0x000000000800063c                TIM8_CC_IRQHandler
                0x000000000800063c                TIM1_CC_IRQHandler
                0x000000000800063c                USB_HP_IRQHandler
                0x000000000800063c                PVD_IRQHandler
                0x000000000800063c                TAMP_STAMP_IRQHandler
                0x000000000800063c                EXTI3_IRQHandler
                0x000000000800063c                USB_HP_CAN_TX_IRQHandler
                0x000000000800063c                EXTI0_IRQHandler
                0x000000000800063c                I2C2_EV_IRQHandler
                0x000000000800063c                FPU_IRQHandler
                0x000000000800063c                TIM1_UP_TIM16_IRQHandler
                0x000000000800063c                ADC1_2_IRQHandler
                0x000000000800063c                SPI1_IRQHandler
                0x000000000800063c                CAN_SCE_IRQHandler
                0x000000000800063c                TIM6_DAC_IRQHandler
                0x000000000800063c                TIM8_UP_IRQHandler
                0x000000000800063c                DMA2_Channel2_IRQHandler
                0x000000000800063c                DMA1_Channel4_IRQHandler
                0x000000000800063c                USART3_IRQHandler
                0x000000000800063c                DMA1_Channel7_IRQHandler
                0x000000000800063c                UART5_IRQHandler
                0x000000000800063c                ADC3_IRQHandler
                0x000000000800063c                TIM4_IRQHandler
                0x000000000800063c                CAN_RX1_IRQHandler
                0x000000000800063c                DMA2_Channel1_IRQHandler
                0x000000000800063c                I2C1_EV_IRQHandler
                0x000000000800063c                DMA1_Channel6_IRQHandler
                0x000000000800063c                UART4_IRQHandler
                0x000000000800063c                DMA2_Channel4_IRQHandler
                0x000000000800063c                TIM3_IRQHandler
                0x000000000800063c                RCC_IRQHandler
                0x000000000800063c                DMA1_Channel1_IRQHandler
                0x000000000800063c                Default_Handler
                0x000000000800063c                USBWakeUp_RMP_IRQHandler
                0x000000000800063c                EXTI15_10_IRQHandler
                0x000000000800063c                TIM7_IRQHandler
                0x000000000800063c                EXTI9_5_IRQHandler
                0x000000000800063c                RTC_WKUP_IRQHandler
                0x000000000800063c                SPI2_IRQHandler
                0x000000000800063c                USB_LP_CAN_RX0_IRQHandler
                0x000000000800063c                DMA2_Channel5_IRQHandler
                0x000000000800063c                DMA1_Channel5_IRQHandler
                0x000000000800063c                USB_LP_IRQHandler
                0x000000000800063c                EXTI4_IRQHandler
                0x000000000800063c                TIM1_TRG_COM_TIM17_IRQHandler
                0x000000000800063c                DMA1_Channel3_IRQHandler
                0x000000000800063c                ADC4_IRQHandler
                0x000000000800063c                WWDG_IRQHandler
                0x000000000800063c                TIM2_IRQHandler
                0x000000000800063c                COMP7_IRQHandler
                0x000000000800063c                COMP1_2_3_IRQHandler
                0x000000000800063c                EXTI1_IRQHandler
                0x000000000800063c                COMP4_5_6_IRQHandler
                0x000000000800063c                I2C2_ER_IRQHandler
                0x000000000800063c                DMA1_Channel2_IRQHandler
                0x000000000800063c                TIM8_BRK_IRQHandler
                0x000000000800063c                FLASH_IRQHandler
                0x000000000800063c                USART1_IRQHandler
                0x000000000800063c                SPI3_IRQHandler
                0x000000000800063c                I2C1_ER_IRQHandler
                0x000000000800063c                USBWakeUp_IRQHandler
                0x000000000800063c                DMA2_Channel3_IRQHandler
                0x000000000800063c                EXTI2_TSC_IRQHandler
                0x000000000800063c                TIM1_BRK_TIM15_IRQHandler
 *fill*         0x000000000800063e        0x2 
 .text.HAL_Init
                0x0000000008000640       0x2c ./Drivers/STM32F3xx_HAL_Driver/Src/stm32f3xx_hal.o
                0x0000000008000640                HAL_Init
 .text.HAL_InitTick
                0x000000000800066c       0x60 ./Drivers/STM32F3xx_HAL_Driver/Src/stm32f3xx_hal.o
                0x000000000800066c                HAL_InitTick
 .text.HAL_IncTick
                0x00000000080006cc       0x28 ./Drivers/STM32F3xx_HAL_Driver/Src/stm32f3xx_hal.o
                0x00000000080006cc                HAL_IncTick
 .text.HAL_GetTick
                0x00000000080006f4       0x18 ./Drivers/STM32F3xx_HAL_Driver/Src/stm32f3xx_hal.o
                0x00000000080006f4                HAL_GetTick
 .text.HAL_Delay
                0x000000000800070c       0x48 ./Drivers/STM32F3xx_HAL_Driver/Src/stm32f3xx_hal.o
                0x000000000800070c                HAL_Delay
 .text.__NVIC_SetPriorityGrouping
                0x0000000008000754       0x48 ./Drivers/STM32F3xx_HAL_Driver/Src/stm32f3xx_hal_cortex.o
 .text.__NVIC_GetPriorityGrouping
                0x000000000800079c       0x1c ./Drivers/STM32F3xx_HAL_Driver/Src/stm32f3xx_hal_cortex.o
 .text.__NVIC_EnableIRQ
                0x00000000080007b8       0x3c ./Drivers/STM32F3xx_HAL_Driver/Src/stm32f3xx_hal_cortex.o
 .text.__NVIC_SetPriority
                0x00000000080007f4       0x54 ./Drivers/STM32F3xx_HAL_Driver/Src/stm32f3xx_hal_cortex.o
 .text.NVIC_EncodePriority
                0x0000000008000848       0x66 ./Drivers/STM32F3xx_HAL_Driver/Src/stm32f3xx_hal_cortex.o
 *fill*         0x00000000080008ae        0x2 
 .text.SysTick_Config
                0x00000000080008b0       0x44 ./Drivers/STM32F3xx_HAL_Driver/Src/stm32f3xx_hal_cortex.o
 .text.HAL_NVIC_SetPriorityGrouping
                0x00000000080008f4       0x16 ./Drivers/STM32F3xx_HAL_Driver/Src/stm32f3xx_hal_cortex.o
                0x00000000080008f4                HAL_NVIC_SetPriorityGrouping
 .text.HAL_NVIC_SetPriority
                0x000000000800090a       0x38 ./Drivers/STM32F3xx_HAL_Driver/Src/stm32f3xx_hal_cortex.o
                0x000000000800090a                HAL_NVIC_SetPriority
 .text.HAL_NVIC_EnableIRQ
                0x0000000008000942       0x1c ./Drivers/STM32F3xx_HAL_Driver/Src/stm32f3xx_hal_cortex.o
                0x0000000008000942                HAL_NVIC_EnableIRQ
 .text.HAL_SYSTICK_Config
                0x000000000800095e       0x18 ./Drivers/STM32F3xx_HAL_Driver/Src/stm32f3xx_hal_cortex.o
                0x000000000800095e                HAL_SYSTICK_Config
 .text.HAL_DMA_Abort
                0x0000000008000976       0x7c ./Drivers/STM32F3xx_HAL_Driver/Src/stm32f3xx_hal_dma.o
                0x0000000008000976                HAL_DMA_Abort
 .text.HAL_DMA_Abort_IT
                0x00000000080009f2       0x7c ./Drivers/STM32F3xx_HAL_Driver/Src/stm32f3xx_hal_dma.o
                0x00000000080009f2                HAL_DMA_Abort_IT
 *fill*         0x0000000008000a6e        0x2 
 .text.HAL_GPIO_Init
                0x0000000008000a70      0x2f4 ./Drivers/STM32F3xx_HAL_Driver/Src/stm32f3xx_hal_gpio.o
                0x0000000008000a70                HAL_GPIO_Init
 .text.HAL_RCC_OscConfig
                0x0000000008000d64     0x107c ./Drivers/STM32F3xx_HAL_Driver/Src/stm32f3xx_hal_rcc.o
                0x0000000008000d64                HAL_RCC_OscConfig
 .text.HAL_RCC_ClockConfig
                0x0000000008001de0      0x2f8 ./Drivers/STM32F3xx_HAL_Driver/Src/stm32f3xx_hal_rcc.o
                0x0000000008001de0                HAL_RCC_ClockConfig
 .text.HAL_RCC_GetSysClockFreq
                0x00000000080020d8       0xa8 ./Drivers/STM32F3xx_HAL_Driver/Src/stm32f3xx_hal_rcc.o
                0x00000000080020d8                HAL_RCC_GetSysClockFreq
 .text.HAL_RCC_GetHCLKFreq
                0x0000000008002180       0x18 ./Drivers/STM32F3xx_HAL_Driver/Src/stm32f3xx_hal_rcc.o
                0x0000000008002180                HAL_RCC_GetHCLKFreq
 .text.HAL_RCC_GetPCLK1Freq
                0x0000000008002198       0x44 ./Drivers/STM32F3xx_HAL_Driver/Src/stm32f3xx_hal_rcc.o
                0x0000000008002198                HAL_RCC_GetPCLK1Freq
 .text.HAL_RCC_GetPCLK2Freq
                0x00000000080021dc       0x44 ./Drivers/STM32F3xx_HAL_Driver/Src/stm32f3xx_hal_rcc.o
                0x00000000080021dc                HAL_RCC_GetPCLK2Freq
 .text.HAL_RCCEx_PeriphCLKConfig
                0x0000000008002220      0x360 ./Drivers/STM32F3xx_HAL_Driver/Src/stm32f3xx_hal_rcc_ex.o
                0x0000000008002220                HAL_RCCEx_PeriphCLKConfig
 .text.HAL_UART_Init
                0x0000000008002580       0x9c ./Drivers/STM32F3xx_HAL_Driver/Src/stm32f3xx_hal_uart.o
                0x0000000008002580                HAL_UART_Init
 .text.HAL_UART_Transmit
                0x000000000800261c      0x114 ./Drivers/STM32F3xx_HAL_Driver/Src/stm32f3xx_hal_uart.o
                0x000000000800261c                HAL_UART_Transmit
 .text.HAL_UART_Receive
                0x0000000008002730      0x16c ./Drivers/STM32F3xx_HAL_Driver/Src/stm32f3xx_hal_uart.o
                0x0000000008002730                HAL_UART_Receive
 .text.HAL_UART_IRQHandler
                0x000000000800289c      0x5cc ./Drivers/STM32F3xx_HAL_Driver/Src/stm32f3xx_hal_uart.o
                0x000000000800289c                HAL_UART_IRQHandler
 .text.HAL_UART_TxCpltCallback
                0x0000000008002e68       0x14 ./Drivers/STM32F3xx_HAL_Driver/Src/stm32f3xx_hal_uart.o
                0x0000000008002e68                HAL_UART_TxCpltCallback
 .text.HAL_UART_ErrorCallback
                0x0000000008002e7c       0x14 ./Drivers/STM32F3xx_HAL_Driver/Src/stm32f3xx_hal_uart.o
                0x0000000008002e7c                HAL_UART_ErrorCallback
 .text.HAL_UARTEx_RxEventCallback
                0x0000000008002e90       0x18 ./Drivers/STM32F3xx_HAL_Driver/Src/stm32f3xx_hal_uart.o
                0x0000000008002e90                HAL_UARTEx_RxEventCallback
 .text.UART_SetConfig
                0x0000000008002ea8      0x3a8 ./Drivers/STM32F3xx_HAL_Driver/Src/stm32f3xx_hal_uart.o
                0x0000000008002ea8                UART_SetConfig
 .text.UART_AdvFeatureConfig
                0x0000000008003250      0x144 ./Drivers/STM32F3xx_HAL_Driver/Src/stm32f3xx_hal_uart.o
                0x0000000008003250                UART_AdvFeatureConfig
 .text.UART_CheckIdleState
                0x0000000008003394      0x150 ./Drivers/STM32F3xx_HAL_Driver/Src/stm32f3xx_hal_uart.o
                0x0000000008003394                UART_CheckIdleState
 .text.UART_WaitOnFlagUntilTimeout
                0x00000000080034e4       0xda ./Drivers/STM32F3xx_HAL_Driver/Src/stm32f3xx_hal_uart.o
                0x00000000080034e4                UART_WaitOnFlagUntilTimeout
 .text.UART_EndRxTransfer
                0x00000000080035be       0xc8 ./Drivers/STM32F3xx_HAL_Driver/Src/stm32f3xx_hal_uart.o
 .text.UART_DMAAbortOnError
                0x0000000008003686       0x2c ./Drivers/STM32F3xx_HAL_Driver/Src/stm32f3xx_hal_uart.o
 .text.UART_EndTransmit_IT
                0x00000000080036b2       0x54 ./Drivers/STM32F3xx_HAL_Driver/Src/stm32f3xx_hal_uart.o
 .text.HAL_UARTEx_WakeupCallback
                0x0000000008003706       0x14 ./Drivers/STM32F3xx_HAL_Driver/Src/stm32f3xx_hal_uart_ex.o
                0x0000000008003706                HAL_UARTEx_WakeupCallback
 .text.memset   0x000000000800371a       0x10 D:/ITC/STM32/STM32CubeIDE_1.13.0/STM32CubeIDE/plugins/com.st.stm32cube.ide.mcu.externaltools.gnu-tools-for-stm32.11.3.rel1.win32_1.1.0.202305231506/tools/bin/../lib/gcc/arm-none-eabi/11.3.1/../../../../arm-none-eabi/lib/thumb/v7e-m+fp/hard\libc_nano.a(libc_a-memset.o)
                0x000000000800371a                memset
 *fill*         0x000000000800372a        0x2 
 .text.__libc_init_array
                0x000000000800372c       0x48 D:/ITC/STM32/STM32CubeIDE_1.13.0/STM32CubeIDE/plugins/com.st.stm32cube.ide.mcu.externaltools.gnu-tools-for-stm32.11.3.rel1.win32_1.1.0.202305231506/tools/bin/../lib/gcc/arm-none-eabi/11.3.1/../../../../arm-none-eabi/lib/thumb/v7e-m+fp/hard\libc_nano.a(libc_a-init.o)
                0x000000000800372c                __libc_init_array
 *(.glue_7)
 .glue_7        0x0000000008003774        0x0 linker stubs
 *(.glue_7t)
 .glue_7t       0x0000000008003774        0x0 linker stubs
 *(.eh_frame)
 .eh_frame      0x0000000008003774        0x0 D:/ITC/STM32/STM32CubeIDE_1.13.0/STM32CubeIDE/plugins/com.st.stm32cube.ide.mcu.externaltools.gnu-tools-for-stm32.11.3.rel1.win32_1.1.0.202305231506/tools/bin/../lib/gcc/arm-none-eabi/11.3.1/thumb/v7e-m+fp/hard/crtbegin.o
 *(.init)
 .init          0x0000000008003774        0x4 D:/ITC/STM32/STM32CubeIDE_1.13.0/STM32CubeIDE/plugins/com.st.stm32cube.ide.mcu.externaltools.gnu-tools-for-stm32.11.3.rel1.win32_1.1.0.202305231506/tools/bin/../lib/gcc/arm-none-eabi/11.3.1/thumb/v7e-m+fp/hard/crti.o
                0x0000000008003774                _init
 .init          0x0000000008003778        0x8 D:/ITC/STM32/STM32CubeIDE_1.13.0/STM32CubeIDE/plugins/com.st.stm32cube.ide.mcu.externaltools.gnu-tools-for-stm32.11.3.rel1.win32_1.1.0.202305231506/tools/bin/../lib/gcc/arm-none-eabi/11.3.1/thumb/v7e-m+fp/hard/crtn.o
 *(.fini)
 .fini          0x0000000008003780        0x4 D:/ITC/STM32/STM32CubeIDE_1.13.0/STM32CubeIDE/plugins/com.st.stm32cube.ide.mcu.externaltools.gnu-tools-for-stm32.11.3.rel1.win32_1.1.0.202305231506/tools/bin/../lib/gcc/arm-none-eabi/11.3.1/thumb/v7e-m+fp/hard/crti.o
                0x0000000008003780                _fini
 .fini          0x0000000008003784        0x8 D:/ITC/STM32/STM32CubeIDE_1.13.0/STM32CubeIDE/plugins/com.st.stm32cube.ide.mcu.externaltools.gnu-tools-for-stm32.11.3.rel1.win32_1.1.0.202305231506/tools/bin/../lib/gcc/arm-none-eabi/11.3.1/thumb/v7e-m+fp/hard/crtn.o
                0x000000000800378c                . = ALIGN (0x4)
                0x000000000800378c                _etext = .

.vfp11_veneer   0x000000000800378c        0x0
 .vfp11_veneer  0x000000000800378c        0x0 linker stubs

.v4_bx          0x000000000800378c        0x0
 .v4_bx         0x000000000800378c        0x0 linker stubs

.iplt           0x000000000800378c        0x0
 .iplt          0x000000000800378c        0x0 D:/ITC/STM32/STM32CubeIDE_1.13.0/STM32CubeIDE/plugins/com.st.stm32cube.ide.mcu.externaltools.gnu-tools-for-stm32.11.3.rel1.win32_1.1.0.202305231506/tools/bin/../lib/gcc/arm-none-eabi/11.3.1/thumb/v7e-m+fp/hard/crtbegin.o

.rodata         0x000000000800378c      0x240
                0x000000000800378c                . = ALIGN (0x4)
 *(.rodata)
 .rodata        0x000000000800378c        0x8 ./Core/Src/main.o
 *(.rodata*)
 .rodata.table_crc_hi
                0x0000000008003794      0x100 ./Core/Src/modbus_crc.o
 .rodata.table_crc_lo
                0x0000000008003894      0x100 ./Core/Src/modbus_crc.o
 .rodata.AHBPrescTable
                0x0000000008003994       0x10 ./Core/Src/system_stm32f3xx.o
                0x0000000008003994                AHBPrescTable
 .rodata.APBPrescTable
                0x00000000080039a4        0x8 ./Core/Src/system_stm32f3xx.o
                0x00000000080039a4                APBPrescTable
 .rodata.aPLLMULFactorTable
                0x00000000080039ac       0x10 ./Drivers/STM32F3xx_HAL_Driver/Src/stm32f3xx_hal_rcc.o
 .rodata.aPredivFactorTable
                0x00000000080039bc       0x10 ./Drivers/STM32F3xx_HAL_Driver/Src/stm32f3xx_hal_rcc.o
                0x00000000080039cc                . = ALIGN (0x4)

.rel.dyn        0x00000000080039cc        0x0
 .rel.iplt      0x00000000080039cc        0x0 D:/ITC/STM32/STM32CubeIDE_1.13.0/STM32CubeIDE/plugins/com.st.stm32cube.ide.mcu.externaltools.gnu-tools-for-stm32.11.3.rel1.win32_1.1.0.202305231506/tools/bin/../lib/gcc/arm-none-eabi/11.3.1/thumb/v7e-m+fp/hard/crtbegin.o

.ARM.extab      0x00000000080039cc        0x0
                0x00000000080039cc                . = ALIGN (0x4)
 *(.ARM.extab* .gnu.linkonce.armextab.*)
                0x00000000080039cc                . = ALIGN (0x4)

.ARM            0x00000000080039cc        0x0
                0x00000000080039cc                . = ALIGN (0x4)
                0x00000000080039cc                __exidx_start = .
 *(.ARM.exidx*)
                0x00000000080039cc                __exidx_end = .
                0x00000000080039cc                . = ALIGN (0x4)

.preinit_array  0x00000000080039cc        0x0
                0x00000000080039cc                . = ALIGN (0x4)
                0x00000000080039cc                PROVIDE (__preinit_array_start = .)
 *(.preinit_array*)
                0x00000000080039cc                PROVIDE (__preinit_array_end = .)
                0x00000000080039cc                . = ALIGN (0x4)

.init_array     0x00000000080039cc        0x4
                0x00000000080039cc                . = ALIGN (0x4)
                0x00000000080039cc                PROVIDE (__init_array_start = .)
 *(SORT_BY_NAME(.init_array.*))
 *(.init_array*)
 .init_array    0x00000000080039cc        0x4 D:/ITC/STM32/STM32CubeIDE_1.13.0/STM32CubeIDE/plugins/com.st.stm32cube.ide.mcu.externaltools.gnu-tools-for-stm32.11.3.rel1.win32_1.1.0.202305231506/tools/bin/../lib/gcc/arm-none-eabi/11.3.1/thumb/v7e-m+fp/hard/crtbegin.o
                0x00000000080039d0                PROVIDE (__init_array_end = .)
                0x00000000080039d0                . = ALIGN (0x4)

.fini_array     0x00000000080039d0        0x4
                0x00000000080039d0                . = ALIGN (0x4)
                [!provide]                        PROVIDE (__fini_array_start = .)
 *(SORT_BY_NAME(.fini_array.*))
 *(.fini_array*)
 .fini_array    0x00000000080039d0        0x4 D:/ITC/STM32/STM32CubeIDE_1.13.0/STM32CubeIDE/plugins/com.st.stm32cube.ide.mcu.externaltools.gnu-tools-for-stm32.11.3.rel1.win32_1.1.0.202305231506/tools/bin/../lib/gcc/arm-none-eabi/11.3.1/thumb/v7e-m+fp/hard/crtbegin.o
                [!provide]                        PROVIDE (__fini_array_end = .)
                0x00000000080039d4                . = ALIGN (0x4)
                0x00000000080039d4                _sidata = LOADADDR (.data)

.data           0x0000000020000000        0xc load address 0x00000000080039d4
                0x0000000020000000                . = ALIGN (0x4)
                0x0000000020000000                _sdata = .
 *(.data)
 *(.data*)
 .data.SystemCoreClock
                0x0000000020000000        0x4 ./Core/Src/system_stm32f3xx.o
                0x0000000020000000                SystemCoreClock
 .data.uwTickPrio
                0x0000000020000004        0x4 ./Drivers/STM32F3xx_HAL_Driver/Src/stm32f3xx_hal.o
                0x0000000020000004                uwTickPrio
 .data.uwTickFreq
                0x0000000020000008        0x1 ./Drivers/STM32F3xx_HAL_Driver/Src/stm32f3xx_hal.o
                0x0000000020000008                uwTickFreq
 *(.RamFunc)
 *(.RamFunc*)
                0x000000002000000c                . = ALIGN (0x4)
 *fill*         0x0000000020000009        0x3 
                0x000000002000000c                _edata = .
                0x00000000080039e0                _siccmram = LOADADDR (.ccmram)

.igot.plt       0x000000002000000c        0x0 load address 0x00000000080039e0
 .igot.plt      0x000000002000000c        0x0 D:/ITC/STM32/STM32CubeIDE_1.13.0/STM32CubeIDE/plugins/com.st.stm32cube.ide.mcu.externaltools.gnu-tools-for-stm32.11.3.rel1.win32_1.1.0.202305231506/tools/bin/../lib/gcc/arm-none-eabi/11.3.1/thumb/v7e-m+fp/hard/crtbegin.o

.ccmram         0x0000000010000000        0x0 load address 0x00000000080039e0
                0x0000000010000000                . = ALIGN (0x4)
                0x0000000010000000                _sccmram = .
 *(.ccmram)
 *(.ccmram*)
                0x0000000010000000                . = ALIGN (0x4)
                0x0000000010000000                _eccmram = .
                0x0000000010000000                . = ALIGN (0x4)

.bss            0x000000002000000c       0xc0
                0x000000002000000c                _sbss = .
                0x000000002000000c                __bss_start__ = _sbss
 *(.bss)
 .bss           0x000000002000000c       0x1c D:/ITC/STM32/STM32CubeIDE_1.13.0/STM32CubeIDE/plugins/com.st.stm32cube.ide.mcu.externaltools.gnu-tools-for-stm32.11.3.rel1.win32_1.1.0.202305231506/tools/bin/../lib/gcc/arm-none-eabi/11.3.1/thumb/v7e-m+fp/hard/crtbegin.o
 *(.bss*)
 .bss.huart2    0x0000000020000028       0x88 ./Core/Src/main.o
                0x0000000020000028                huart2
 .bss.uart2_rx_data
                0x00000000200000b0        0xf ./Core/Src/main.o
                0x00000000200000b0                uart2_rx_data
 *fill*         0x00000000200000bf        0x1 
 .bss.moisture_raw
                0x00000000200000c0        0x2 ./Core/Src/main.o
                0x00000000200000c0                moisture_raw
 .bss.temperature_raw
                0x00000000200000c2        0x2 ./Core/Src/main.o
                0x00000000200000c2                temperature_raw
 .bss.ec_raw    0x00000000200000c4        0x2 ./Core/Src/main.o
                0x00000000200000c4                ec_raw
 *fill*         0x00000000200000c6        0x2 
 .bss.uwTick    0x00000000200000c8        0x4 ./Drivers/STM32F3xx_HAL_Driver/Src/stm32f3xx_hal.o
                0x00000000200000c8                uwTick
 *(COMMON)
                0x00000000200000cc                . = ALIGN (0x4)
                0x00000000200000cc                _ebss = .
                0x00000000200000cc                __bss_end__ = _ebss

._user_heap_stack
                0x00000000200000cc      0x604
                0x00000000200000d0                . = ALIGN (0x8)
 *fill*         0x00000000200000cc        0x4 
                [!provide]                        PROVIDE (end = .)
                0x00000000200000d0                PROVIDE (_end = .)
                0x00000000200002d0                . = (. + _Min_Heap_Size)
 *fill*         0x00000000200000d0      0x200 
                0x00000000200006d0                . = (. + _Min_Stack_Size)
 *fill*         0x00000000200002d0      0x400 
                0x00000000200006d0                . = ALIGN (0x8)

/DISCARD/
 libc.a(*)
 libm.a(*)
 libgcc.a(*)

.ARM.attributes
                0x0000000000000000       0x30
 *(.ARM.attributes)
 .ARM.attributes
                0x0000000000000000       0x1e D:/ITC/STM32/STM32CubeIDE_1.13.0/STM32CubeIDE/plugins/com.st.stm32cube.ide.mcu.externaltools.gnu-tools-for-stm32.11.3.rel1.win32_1.1.0.202305231506/tools/bin/../lib/gcc/arm-none-eabi/11.3.1/thumb/v7e-m+fp/hard/crti.o
 .ARM.attributes
                0x000000000000001e       0x34 D:/ITC/STM32/STM32CubeIDE_1.13.0/STM32CubeIDE/plugins/com.st.stm32cube.ide.mcu.externaltools.gnu-tools-for-stm32.11.3.rel1.win32_1.1.0.202305231506/tools/bin/../lib/gcc/arm-none-eabi/11.3.1/thumb/v7e-m+fp/hard/crtbegin.o
 .ARM.attributes
                0x0000000000000052       0x34 ./Core/Src/main.o
 .ARM.attributes
                0x0000000000000086       0x34 ./Core/Src/modbus_crc.o
 .ARM.attributes
                0x00000000000000ba       0x34 ./Core/Src/stm32f3xx_hal_msp.o
 .ARM.attributes
                0x00000000000000ee       0x34 ./Core/Src/stm32f3xx_it.o
 .ARM.attributes
                0x0000000000000122       0x34 ./Core/Src/system_stm32f3xx.o
 .ARM.attributes
                0x0000000000000156       0x21 ./Core/Startup/startup_stm32f303vctx.o
 .ARM.attributes
                0x0000000000000177       0x34 ./Drivers/STM32F3xx_HAL_Driver/Src/stm32f3xx_hal.o
 .ARM.attributes
                0x00000000000001ab       0x34 ./Drivers/STM32F3xx_HAL_Driver/Src/stm32f3xx_hal_cortex.o
 .ARM.attributes
                0x00000000000001df       0x34 ./Drivers/STM32F3xx_HAL_Driver/Src/stm32f3xx_hal_dma.o
 .ARM.attributes
                0x0000000000000213       0x34 ./Drivers/STM32F3xx_HAL_Driver/Src/stm32f3xx_hal_gpio.o
 .ARM.attributes
                0x0000000000000247       0x34 ./Drivers/STM32F3xx_HAL_Driver/Src/stm32f3xx_hal_rcc.o
 .ARM.attributes
                0x000000000000027b       0x34 ./Drivers/STM32F3xx_HAL_Driver/Src/stm32f3xx_hal_rcc_ex.o
 .ARM.attributes
                0x00000000000002af       0x34 ./Drivers/STM32F3xx_HAL_Driver/Src/stm32f3xx_hal_uart.o
 .ARM.attributes
                0x00000000000002e3       0x34 ./Drivers/STM32F3xx_HAL_Driver/Src/stm32f3xx_hal_uart_ex.o
 .ARM.attributes
                0x0000000000000317       0x34 D:/ITC/STM32/STM32CubeIDE_1.13.0/STM32CubeIDE/plugins/com.st.stm32cube.ide.mcu.externaltools.gnu-tools-for-stm32.11.3.rel1.win32_1.1.0.202305231506/tools/bin/../lib/gcc/arm-none-eabi/11.3.1/../../../../arm-none-eabi/lib/thumb/v7e-m+fp/hard\libc_nano.a(libc_a-memset.o)
 .ARM.attributes
                0x000000000000034b       0x34 D:/ITC/STM32/STM32CubeIDE_1.13.0/STM32CubeIDE/plugins/com.st.stm32cube.ide.mcu.externaltools.gnu-tools-for-stm32.11.3.rel1.win32_1.1.0.202305231506/tools/bin/../lib/gcc/arm-none-eabi/11.3.1/../../../../arm-none-eabi/lib/thumb/v7e-m+fp/hard\libc_nano.a(libc_a-init.o)
 .ARM.attributes
                0x000000000000037f       0x1e D:/ITC/STM32/STM32CubeIDE_1.13.0/STM32CubeIDE/plugins/com.st.stm32cube.ide.mcu.externaltools.gnu-tools-for-stm32.11.3.rel1.win32_1.1.0.202305231506/tools/bin/../lib/gcc/arm-none-eabi/11.3.1/thumb/v7e-m+fp/hard/crtn.o
OUTPUT(stm32f303_soil_sensor.elf elf32-littlearm)
LOAD linker stubs
LOAD D:/ITC/STM32/STM32CubeIDE_1.13.0/STM32CubeIDE/plugins/com.st.stm32cube.ide.mcu.externaltools.gnu-tools-for-stm32.11.3.rel1.win32_1.1.0.202305231506/tools/bin/../lib/gcc/arm-none-eabi/11.3.1/../../../../arm-none-eabi/lib/thumb/v7e-m+fp/hard\libc.a
LOAD D:/ITC/STM32/STM32CubeIDE_1.13.0/STM32CubeIDE/plugins/com.st.stm32cube.ide.mcu.externaltools.gnu-tools-for-stm32.11.3.rel1.win32_1.1.0.202305231506/tools/bin/../lib/gcc/arm-none-eabi/11.3.1/../../../../arm-none-eabi/lib/thumb/v7e-m+fp/hard\libm.a
LOAD D:/ITC/STM32/STM32CubeIDE_1.13.0/STM32CubeIDE/plugins/com.st.stm32cube.ide.mcu.externaltools.gnu-tools-for-stm32.11.3.rel1.win32_1.1.0.202305231506/tools/bin/../lib/gcc/arm-none-eabi/11.3.1/thumb/v7e-m+fp/hard\libgcc.a

.comment        0x0000000000000000       0x43
 .comment       0x0000000000000000       0x43 D:/ITC/STM32/STM32CubeIDE_1.13.0/STM32CubeIDE/plugins/com.st.stm32cube.ide.mcu.externaltools.gnu-tools-for-stm32.11.3.rel1.win32_1.1.0.202305231506/tools/bin/../lib/gcc/arm-none-eabi/11.3.1/thumb/v7e-m+fp/hard/crtbegin.o
                                         0x44 (size before relaxing)
 .comment       0x0000000000000043       0x44 ./Core/Src/main.o
 .comment       0x0000000000000043       0x44 ./Core/Src/modbus_crc.o
 .comment       0x0000000000000043       0x44 ./Core/Src/stm32f3xx_hal_msp.o
 .comment       0x0000000000000043       0x44 ./Core/Src/stm32f3xx_it.o
 .comment       0x0000000000000043       0x44 ./Core/Src/system_stm32f3xx.o
 .comment       0x0000000000000043       0x44 ./Drivers/STM32F3xx_HAL_Driver/Src/stm32f3xx_hal.o
 .comment       0x0000000000000043       0x44 ./Drivers/STM32F3xx_HAL_Driver/Src/stm32f3xx_hal_cortex.o
 .comment       0x0000000000000043       0x44 ./Drivers/STM32F3xx_HAL_Driver/Src/stm32f3xx_hal_dma.o
 .comment       0x0000000000000043       0x44 ./Drivers/STM32F3xx_HAL_Driver/Src/stm32f3xx_hal_gpio.o
 .comment       0x0000000000000043       0x44 ./Drivers/STM32F3xx_HAL_Driver/Src/stm32f3xx_hal_rcc.o
 .comment       0x0000000000000043       0x44 ./Drivers/STM32F3xx_HAL_Driver/Src/stm32f3xx_hal_rcc_ex.o
 .comment       0x0000000000000043       0x44 ./Drivers/STM32F3xx_HAL_Driver/Src/stm32f3xx_hal_uart.o
 .comment       0x0000000000000043       0x44 ./Drivers/STM32F3xx_HAL_Driver/Src/stm32f3xx_hal_uart_ex.o

.debug_info     0x0000000000000000     0xa5a3
 .debug_info    0x0000000000000000      0xc1d ./Core/Src/main.o
 .debug_info    0x0000000000000c1d      0x143 ./Core/Src/modbus_crc.o
 .debug_info    0x0000000000000d60      0xb0d ./Core/Src/stm32f3xx_hal_msp.o
 .debug_info    0x000000000000186d      0x6ee ./Core/Src/stm32f3xx_it.o
 .debug_info    0x0000000000001f5b      0x407 ./Core/Src/system_stm32f3xx.o
 .debug_info    0x0000000000002362       0x23 ./Core/Startup/startup_stm32f303vctx.o
 .debug_info    0x0000000000002385      0x7d4 ./Drivers/STM32F3xx_HAL_Driver/Src/stm32f3xx_hal.o
 .debug_info    0x0000000000002b59      0xce4 ./Drivers/STM32F3xx_HAL_Driver/Src/stm32f3xx_hal_cortex.o
 .debug_info    0x000000000000383d      0x6e1 ./Drivers/STM32F3xx_HAL_Driver/Src/stm32f3xx_hal_dma.o
 .debug_info    0x0000000000003f1e      0x5fe ./Drivers/STM32F3xx_HAL_Driver/Src/stm32f3xx_hal_gpio.o
 .debug_info    0x000000000000451c     0x148a ./Drivers/STM32F3xx_HAL_Driver/Src/stm32f3xx_hal_rcc.o
 .debug_info    0x00000000000059a6      0x5b9 ./Drivers/STM32F3xx_HAL_Driver/Src/stm32f3xx_hal_rcc_ex.o
 .debug_info    0x0000000000005f5f     0x39a8 ./Drivers/STM32F3xx_HAL_Driver/Src/stm32f3xx_hal_uart.o
 .debug_info    0x0000000000009907      0xc9c ./Drivers/STM32F3xx_HAL_Driver/Src/stm32f3xx_hal_uart_ex.o

.debug_abbrev   0x0000000000000000     0x1b27
 .debug_abbrev  0x0000000000000000      0x26f ./Core/Src/main.o
 .debug_abbrev  0x000000000000026f       0xaf ./Core/Src/modbus_crc.o
 .debug_abbrev  0x000000000000031e      0x1af ./Core/Src/stm32f3xx_hal_msp.o
 .debug_abbrev  0x00000000000004cd      0x173 ./Core/Src/stm32f3xx_it.o
 .debug_abbrev  0x0000000000000640      0x11a ./Core/Src/system_stm32f3xx.o
 .debug_abbrev  0x000000000000075a       0x12 ./Core/Startup/startup_stm32f303vctx.o
 .debug_abbrev  0x000000000000076c      0x215 ./Drivers/STM32F3xx_HAL_Driver/Src/stm32f3xx_hal.o
 .debug_abbrev  0x0000000000000981      0x31e ./Drivers/STM32F3xx_HAL_Driver/Src/stm32f3xx_hal_cortex.o
 .debug_abbrev  0x0000000000000c9f      0x20d ./Drivers/STM32F3xx_HAL_Driver/Src/stm32f3xx_hal_dma.o
 .debug_abbrev  0x0000000000000eac      0x1ca ./Drivers/STM32F3xx_HAL_Driver/Src/stm32f3xx_hal_gpio.o
 .debug_abbrev  0x0000000000001076      0x300 ./Drivers/STM32F3xx_HAL_Driver/Src/stm32f3xx_hal_rcc.o
 .debug_abbrev  0x0000000000001376      0x221 ./Drivers/STM32F3xx_HAL_Driver/Src/stm32f3xx_hal_rcc_ex.o
 .debug_abbrev  0x0000000000001597      0x2d1 ./Drivers/STM32F3xx_HAL_Driver/Src/stm32f3xx_hal_uart.o
 .debug_abbrev  0x0000000000001868      0x2bf ./Drivers/STM32F3xx_HAL_Driver/Src/stm32f3xx_hal_uart_ex.o

.debug_aranges  0x0000000000000000      0x790
 .debug_aranges
                0x0000000000000000       0x48 ./Core/Src/main.o
 .debug_aranges
                0x0000000000000048       0x20 ./Core/Src/modbus_crc.o
 .debug_aranges
                0x0000000000000068       0x30 ./Core/Src/stm32f3xx_hal_msp.o
 .debug_aranges
                0x0000000000000098       0x68 ./Core/Src/stm32f3xx_it.o
 .debug_aranges
                0x0000000000000100       0x28 ./Core/Src/system_stm32f3xx.o
 .debug_aranges
                0x0000000000000128       0x28 ./Core/Startup/startup_stm32f303vctx.o
 .debug_aranges
                0x0000000000000150       0xe0 ./Drivers/STM32F3xx_HAL_Driver/Src/stm32f3xx_hal.o
 .debug_aranges
                0x0000000000000230      0x128 ./Drivers/STM32F3xx_HAL_Driver/Src/stm32f3xx_hal_cortex.o
 .debug_aranges
                0x0000000000000358       0x88 ./Drivers/STM32F3xx_HAL_Driver/Src/stm32f3xx_hal_dma.o
 .debug_aranges
                0x00000000000003e0       0x58 ./Drivers/STM32F3xx_HAL_Driver/Src/stm32f3xx_hal_gpio.o
 .debug_aranges
                0x0000000000000438       0x88 ./Drivers/STM32F3xx_HAL_Driver/Src/stm32f3xx_hal_rcc.o
 .debug_aranges
                0x00000000000004c0       0x38 ./Drivers/STM32F3xx_HAL_Driver/Src/stm32f3xx_hal_rcc_ex.o
 .debug_aranges
                0x00000000000004f8      0x228 ./Drivers/STM32F3xx_HAL_Driver/Src/stm32f3xx_hal_uart.o
 .debug_aranges
                0x0000000000000720       0x70 ./Drivers/STM32F3xx_HAL_Driver/Src/stm32f3xx_hal_uart_ex.o

.debug_rnglists
                0x0000000000000000      0x5c3
 .debug_rnglists
                0x0000000000000000       0x33 ./Core/Src/main.o
 .debug_rnglists
                0x0000000000000033       0x13 ./Core/Src/modbus_crc.o
 .debug_rnglists
                0x0000000000000046       0x20 ./Core/Src/stm32f3xx_hal_msp.o
 .debug_rnglists
                0x0000000000000066       0x49 ./Core/Src/stm32f3xx_it.o
 .debug_rnglists
                0x00000000000000af       0x1a ./Core/Src/system_stm32f3xx.o
 .debug_rnglists
                0x00000000000000c9       0x19 ./Core/Startup/startup_stm32f303vctx.o
 .debug_rnglists
                0x00000000000000e2       0xa3 ./Drivers/STM32F3xx_HAL_Driver/Src/stm32f3xx_hal.o
 .debug_rnglists
                0x0000000000000185       0xda ./Drivers/STM32F3xx_HAL_Driver/Src/stm32f3xx_hal_cortex.o
 .debug_rnglists
                0x000000000000025f       0x69 ./Drivers/STM32F3xx_HAL_Driver/Src/stm32f3xx_hal_dma.o
 .debug_rnglists
                0x00000000000002c8       0x3f ./Drivers/STM32F3xx_HAL_Driver/Src/stm32f3xx_hal_gpio.o
 .debug_rnglists
                0x0000000000000307       0x66 ./Drivers/STM32F3xx_HAL_Driver/Src/stm32f3xx_hal_rcc.o
 .debug_rnglists
                0x000000000000036d       0x28 ./Drivers/STM32F3xx_HAL_Driver/Src/stm32f3xx_hal_rcc_ex.o
 .debug_rnglists
                0x0000000000000395      0x1da ./Drivers/STM32F3xx_HAL_Driver/Src/stm32f3xx_hal_uart.o
 .debug_rnglists
                0x000000000000056f       0x54 ./Drivers/STM32F3xx_HAL_Driver/Src/stm32f3xx_hal_uart_ex.o

.debug_macro    0x0000000000000000    0x1c41f
 .debug_macro   0x0000000000000000      0x1d7 ./Core/Src/main.o
 .debug_macro   0x00000000000001d7      0xaa8 ./Core/Src/main.o
 .debug_macro   0x0000000000000c7f      0x151 ./Core/Src/main.o
 .debug_macro   0x0000000000000dd0       0x2e ./Core/Src/main.o
 .debug_macro   0x0000000000000dfe       0x28 ./Core/Src/main.o
 .debug_macro   0x0000000000000e26       0x22 ./Core/Src/main.o
 .debug_macro   0x0000000000000e48       0x8e ./Core/Src/main.o
 .debug_macro   0x0000000000000ed6       0x51 ./Core/Src/main.o
 .debug_macro   0x0000000000000f27      0x103 ./Core/Src/main.o
 .debug_macro   0x000000000000102a       0x6a ./Core/Src/main.o
 .debug_macro   0x0000000000001094      0x1df ./Core/Src/main.o
 .debug_macro   0x0000000000001273       0x1c ./Core/Src/main.o
 .debug_macro   0x000000000000128f       0x22 ./Core/Src/main.o
 .debug_macro   0x00000000000012b1       0xd9 ./Core/Src/main.o
 .debug_macro   0x000000000000138a     0x102d ./Core/Src/main.o
 .debug_macro   0x00000000000023b7      0x11f ./Core/Src/main.o
 .debug_macro   0x00000000000024d6    0x12a3a ./Core/Src/main.o
 .debug_macro   0x0000000000014f10       0x6d ./Core/Src/main.o
 .debug_macro   0x0000000000014f7d     0x3574 ./Core/Src/main.o
 .debug_macro   0x00000000000184f1      0x174 ./Core/Src/main.o
 .debug_macro   0x0000000000018665       0x55 ./Core/Src/main.o
 .debug_macro   0x00000000000186ba      0x961 ./Core/Src/main.o
 .debug_macro   0x000000000001901b      0x5fe ./Core/Src/main.o
 .debug_macro   0x0000000000019619      0x1b5 ./Core/Src/main.o
 .debug_macro   0x00000000000197ce      0x1fb ./Core/Src/main.o
 .debug_macro   0x00000000000199c9      0x1dc ./Core/Src/main.o
 .debug_macro   0x0000000000019ba5      0x1bc ./Core/Src/main.o
 .debug_macro   0x0000000000019d61       0x30 ./Core/Src/main.o
 .debug_macro   0x0000000000019d91       0x3c ./Core/Src/main.o
 .debug_macro   0x0000000000019dcd      0x235 ./Core/Src/main.o
 .debug_macro   0x000000000001a002       0xc5 ./Core/Src/main.o
 .debug_macro   0x000000000001a0c7      0x21d ./Core/Src/main.o
 .debug_macro   0x000000000001a2e4      0x22c ./Core/Src/main.o
 .debug_macro   0x000000000001a510       0x5b ./Core/Src/main.o
 .debug_macro   0x000000000001a56b       0xa5 ./Core/Src/main.o
 .debug_macro   0x000000000001a610       0x81 ./Core/Src/main.o
 .debug_macro   0x000000000001a691       0xd3 ./Core/Src/main.o
 .debug_macro   0x000000000001a764      0x5ba ./Core/Src/main.o
 .debug_macro   0x000000000001ad1e       0x3e ./Core/Src/main.o
 .debug_macro   0x000000000001ad5c      0x275 ./Core/Src/main.o
 .debug_macro   0x000000000001afd1       0x63 ./Core/Src/modbus_crc.o
 .debug_macro   0x000000000001b034      0x1cd ./Core/Src/stm32f3xx_hal_msp.o
 .debug_macro   0x000000000001b201      0x1d7 ./Core/Src/stm32f3xx_it.o
 .debug_macro   0x000000000001b3d8      0x1c3 ./Core/Src/system_stm32f3xx.o
 .debug_macro   0x000000000001b59b      0x1e7 ./Drivers/STM32F3xx_HAL_Driver/Src/stm32f3xx_hal.o
 .debug_macro   0x000000000001b782      0x1c3 ./Drivers/STM32F3xx_HAL_Driver/Src/stm32f3xx_hal_cortex.o
 .debug_macro   0x000000000001b945      0x1c3 ./Drivers/STM32F3xx_HAL_Driver/Src/stm32f3xx_hal_dma.o
 .debug_macro   0x000000000001bb08      0x1ca ./Drivers/STM32F3xx_HAL_Driver/Src/stm32f3xx_hal_gpio.o
 .debug_macro   0x000000000001bcd2      0x1e7 ./Drivers/STM32F3xx_HAL_Driver/Src/stm32f3xx_hal_rcc.o
 .debug_macro   0x000000000001beb9      0x1c3 ./Drivers/STM32F3xx_HAL_Driver/Src/stm32f3xx_hal_rcc_ex.o
 .debug_macro   0x000000000001c07c      0x1e0 ./Drivers/STM32F3xx_HAL_Driver/Src/stm32f3xx_hal_uart.o
 .debug_macro   0x000000000001c25c      0x1c3 ./Drivers/STM32F3xx_HAL_Driver/Src/stm32f3xx_hal_uart_ex.o

.debug_line     0x0000000000000000     0xafcd
 .debug_line    0x0000000000000000      0x885 ./Core/Src/main.o
 .debug_line    0x0000000000000885      0x41f ./Core/Src/modbus_crc.o
 .debug_line    0x0000000000000ca4      0x77d ./Core/Src/stm32f3xx_hal_msp.o
 .debug_line    0x0000000000001421      0x807 ./Core/Src/stm32f3xx_it.o
 .debug_line    0x0000000000001c28      0x7a3 ./Core/Src/system_stm32f3xx.o
 .debug_line    0x00000000000023cb       0x7a ./Core/Startup/startup_stm32f303vctx.o
 .debug_line    0x0000000000002445      0x9d8 ./Drivers/STM32F3xx_HAL_Driver/Src/stm32f3xx_hal.o
 .debug_line    0x0000000000002e1d      0xccb ./Drivers/STM32F3xx_HAL_Driver/Src/stm32f3xx_hal_cortex.o
 .debug_line    0x0000000000003ae8      0xcec ./Drivers/STM32F3xx_HAL_Driver/Src/stm32f3xx_hal_dma.o
 .debug_line    0x00000000000047d4      0xb37 ./Drivers/STM32F3xx_HAL_Driver/Src/stm32f3xx_hal_gpio.o
 .debug_line    0x000000000000530b     0x1372 ./Drivers/STM32F3xx_HAL_Driver/Src/stm32f3xx_hal_rcc.o
 .debug_line    0x000000000000667d      0xd14 ./Drivers/STM32F3xx_HAL_Driver/Src/stm32f3xx_hal_rcc_ex.o
 .debug_line    0x0000000000007391     0x3101 ./Drivers/STM32F3xx_HAL_Driver/Src/stm32f3xx_hal_uart.o
 .debug_line    0x000000000000a492      0xb3b ./Drivers/STM32F3xx_HAL_Driver/Src/stm32f3xx_hal_uart_ex.o

.debug_str      0x0000000000000000    0xa98c7
 .debug_str     0x0000000000000000    0xa79d8 ./Core/Src/main.o
                                      0xa80be (size before relaxing)
 .debug_str     0x00000000000a79d8       0x48 ./Core/Src/modbus_crc.o
                                       0x3d3f (size before relaxing)
 .debug_str     0x00000000000a7a20      0x446 ./Core/Src/stm32f3xx_hal_msp.o
                                      0xa8209 (size before relaxing)
 .debug_str     0x00000000000a7e66       0xef ./Core/Src/stm32f3xx_it.o
                                      0xa7d51 (size before relaxing)
 .debug_str     0x00000000000a7f55       0xe9 ./Core/Src/system_stm32f3xx.o
                                      0xa7965 (size before relaxing)
 .debug_str     0x00000000000a803e       0x34 ./Core/Startup/startup_stm32f303vctx.o
                                         0x67 (size before relaxing)
 .debug_str     0x00000000000a8072      0x397 ./Drivers/STM32F3xx_HAL_Driver/Src/stm32f3xx_hal.o
                                      0xa81a3 (size before relaxing)
 .debug_str     0x00000000000a8409      0x376 ./Drivers/STM32F3xx_HAL_Driver/Src/stm32f3xx_hal_cortex.o
                                      0xa8227 (size before relaxing)
 .debug_str     0x00000000000a877f      0x24d ./Drivers/STM32F3xx_HAL_Driver/Src/stm32f3xx_hal_dma.o
                                      0xa7cad (size before relaxing)
 .debug_str     0x00000000000a89cc      0x167 ./Drivers/STM32F3xx_HAL_Driver/Src/stm32f3xx_hal_gpio.o
                                      0xa7ad2 (size before relaxing)
 .debug_str     0x00000000000a8b33      0x2d1 ./Drivers/STM32F3xx_HAL_Driver/Src/stm32f3xx_hal_rcc.o
                                      0xa7e05 (size before relaxing)
 .debug_str     0x00000000000a8e04       0xbe ./Drivers/STM32F3xx_HAL_Driver/Src/stm32f3xx_hal_rcc_ex.o
                                      0xa7bc9 (size before relaxing)
 .debug_str     0x00000000000a8ec2      0x844 ./Drivers/STM32F3xx_HAL_Driver/Src/stm32f3xx_hal_uart.o
                                      0xa8688 (size before relaxing)
 .debug_str     0x00000000000a9706      0x1c1 ./Drivers/STM32F3xx_HAL_Driver/Src/stm32f3xx_hal_uart_ex.o
                                      0xa7f8d (size before relaxing)

.debug_frame    0x0000000000000000     0x1d3c
 .debug_frame   0x0000000000000000       0xd4 ./Core/Src/main.o
 .debug_frame   0x00000000000000d4       0x38 ./Core/Src/modbus_crc.o
 .debug_frame   0x000000000000010c       0x80 ./Core/Src/stm32f3xx_hal_msp.o
 .debug_frame   0x000000000000018c      0x120 ./Core/Src/stm32f3xx_it.o
 .debug_frame   0x00000000000002ac       0x58 ./Core/Src/system_stm32f3xx.o
 .debug_frame   0x0000000000000304      0x334 ./Drivers/STM32F3xx_HAL_Driver/Src/stm32f3xx_hal.o
 .debug_frame   0x0000000000000638      0x4e8 ./Drivers/STM32F3xx_HAL_Driver/Src/stm32f3xx_hal_cortex.o
 .debug_frame   0x0000000000000b20      0x224 ./Drivers/STM32F3xx_HAL_Driver/Src/stm32f3xx_hal_dma.o
 .debug_frame   0x0000000000000d44      0x14c ./Drivers/STM32F3xx_HAL_Driver/Src/stm32f3xx_hal_gpio.o
 .debug_frame   0x0000000000000e90      0x214 ./Drivers/STM32F3xx_HAL_Driver/Src/stm32f3xx_hal_rcc.o
 .debug_frame   0x00000000000010a4       0xb0 ./Drivers/STM32F3xx_HAL_Driver/Src/stm32f3xx_hal_rcc_ex.o
 .debug_frame   0x0000000000001154      0x9e8 ./Drivers/STM32F3xx_HAL_Driver/Src/stm32f3xx_hal_uart.o
 .debug_frame   0x0000000000001b3c      0x1b4 ./Drivers/STM32F3xx_HAL_Driver/Src/stm32f3xx_hal_uart_ex.o
 .debug_frame   0x0000000000001cf0       0x20 D:/ITC/STM32/STM32CubeIDE_1.13.0/STM32CubeIDE/plugins/com.st.stm32cube.ide.mcu.externaltools.gnu-tools-for-stm32.11.3.rel1.win32_1.1.0.202305231506/tools/bin/../lib/gcc/arm-none-eabi/11.3.1/../../../../arm-none-eabi/lib/thumb/v7e-m+fp/hard\libc_nano.a(libc_a-memset.o)
 .debug_frame   0x0000000000001d10       0x2c D:/ITC/STM32/STM32CubeIDE_1.13.0/STM32CubeIDE/plugins/com.st.stm32cube.ide.mcu.externaltools.gnu-tools-for-stm32.11.3.rel1.win32_1.1.0.202305231506/tools/bin/../lib/gcc/arm-none-eabi/11.3.1/../../../../arm-none-eabi/lib/thumb/v7e-m+fp/hard\libc_nano.a(libc_a-init.o)

.debug_line_str
                0x0000000000000000       0x5b
 .debug_line_str
                0x0000000000000000       0x5b ./Core/Startup/startup_stm32f303vctx.o
                                         0x73 (size before relaxing)
