2025-03-22 09:03:12,434 [INFO] Activator:176 - 


2025-03-22 09:03:12,439 [INFO] Activator:177 - !SESSION log4j initialized
2025-03-22 09:03:21,328 [INFO] LogOutputStream:77 - [STDOUT_REDIRECT] 
2025-03-22 09:03:24,301 [INFO] ApplicationProperties:184 - Using Application install path: D:\ITC\STM32\STM32CubeIDE_1.13.0\STM32CubeIDE\plugins\com.st.stm32cube.common.mx_6.9.0.202307051724
2025-03-22 09:03:24,321 [INFO] DbMcusXml:78 - Set database path to: D:\ITC\STM32\STM32CubeIDE_1.13.0\STM32CubeIDE\plugins\com.st.stm32cube.common.mx_6.9.0.202307051724\\db\/mcu/
2025-03-22 09:03:24,321 [INFO] ApiDb:274 - Set plugin database path to: D:\ITC\STM32\STM32CubeIDE_1.13.0\STM32CubeIDE\plugins\com.st.stm32cube.common.mx_6.9.0.202307051724\\db\/plugins/boardmanager/
2025-03-22 09:03:24,321 [WARN] ApiDb:259 - Overriding images path with different value:  => D:\ITC\STM32\STM32CubeIDE_1.13.0\STM32CubeIDE\plugins\com.st.stm32cube.common.mx_6.9.0.202307051724\\db\/plugins/mcufinder/images/
2025-03-22 09:03:24,336 [INFO] ApiDb:250 - Set database path to: C:\Users\msi1\.stmcufinder\plugins\mcufinder//mcu/
2025-03-22 09:03:24,337 [INFO] DbMcusAds:125 - Set database path to: C:\Users\msi1\.stmcufinder\plugins\mcufinder//mcu/
2025-03-22 09:03:24,339 [INFO] CrossReferenceDbSqlite:203 - Set database path to: C:\Users\msi1\.stmcufinder\plugins\mcufinder//mcu/cs/
2025-03-22 09:03:24,463 [INFO] RulesReader:64 - Compatibility file has been processed (293 Rules)
2025-03-22 09:03:24,557 [INFO] DbMcusXml:78 - Set database path to: D:\ITC\STM32\STM32CubeIDE_1.13.0\STM32CubeIDE\plugins\com.st.stm32cube.common.mx_6.9.0.202307051724\\db\/mcu/
2025-03-22 09:03:24,557 [INFO] ApiDb:274 - Set plugin database path to: D:\ITC\STM32\STM32CubeIDE_1.13.0\STM32CubeIDE\plugins\com.st.stm32cube.common.mx_6.9.0.202307051724\\db\/plugins/boardmanager/
2025-03-22 09:03:24,557 [INFO] ApiDb:261 - Set plugin images path to: D:\ITC\STM32\STM32CubeIDE_1.13.0\STM32CubeIDE\plugins\com.st.stm32cube.common.mx_6.9.0.202307051724\\db\/plugins/mcufinder/images/
2025-03-22 09:03:24,558 [WARN] DbFile:41 - Overriding database path with different value: C:\Users\msi1\.stmcufinder\plugins\mcufinder/ => C:\Users\msi1\.stmcufinder\plugins\mcufinder
2025-03-22 09:03:24,558 [INFO] ApiDb:250 - Set database path to: C:\Users\msi1\.stmcufinder\plugins\mcufinder//mcu/
2025-03-22 09:03:24,558 [WARN] DbFile:41 - Overriding database path with different value: C:\Users\msi1\.stmcufinder\plugins\mcufinder/ => C:\Users\msi1\.stmcufinder\plugins\mcufinder
2025-03-22 09:03:24,558 [INFO] DbMcusAds:125 - Set database path to: C:\Users\msi1\.stmcufinder\plugins\mcufinder//mcu/
2025-03-22 09:03:24,558 [WARN] DbFile:41 - Overriding database path with different value: C:\Users\msi1\.stmcufinder\plugins\mcufinder/ => C:\Users\msi1\.stmcufinder\plugins\mcufinder
2025-03-22 09:03:24,558 [WARN] DbFile:41 - Overriding database path with different value: C:\Users\msi1\.stmcufinder\plugins\mcufinder/ => C:\Users\msi1\.stmcufinder\plugins\mcufinder
2025-03-22 09:03:24,558 [INFO] CrossReferenceDbSqlite:203 - Set database path to: C:\Users\msi1\.stmcufinder\plugins\mcufinder//mcu/cs/
2025-03-22 09:03:24,644 [INFO] MainPanel:262 - HeapMemory: 268435456
2025-03-22 09:03:24,743 [INFO] DbMcusXml:78 - Set database path to: D:\ITC\STM32\STM32CubeIDE_1.13.0\STM32CubeIDE\plugins\com.st.stm32cube.common.mx_6.9.0.202307051724\\db\/mcu/
2025-03-22 09:03:24,743 [INFO] ApiDb:274 - Set plugin database path to: D:\ITC\STM32\STM32CubeIDE_1.13.0\STM32CubeIDE\plugins\com.st.stm32cube.common.mx_6.9.0.202307051724\\db\/plugins/boardmanager/
2025-03-22 09:03:24,743 [INFO] ApiDb:261 - Set plugin images path to: D:\ITC\STM32\STM32CubeIDE_1.13.0\STM32CubeIDE\plugins\com.st.stm32cube.common.mx_6.9.0.202307051724\\db\/plugins/mcufinder/images/
2025-03-22 09:03:24,744 [WARN] DbFile:41 - Overriding database path with different value: C:\Users\msi1\.stmcufinder\plugins\mcufinder/ => C:\Users\msi1\.stmcufinder\plugins\mcufinder
2025-03-22 09:03:24,744 [INFO] ApiDb:250 - Set database path to: C:\Users\msi1\.stmcufinder\plugins\mcufinder//mcu/
2025-03-22 09:03:24,744 [WARN] DbFile:41 - Overriding database path with different value: C:\Users\msi1\.stmcufinder\plugins\mcufinder/ => C:\Users\msi1\.stmcufinder\plugins\mcufinder
2025-03-22 09:03:24,744 [INFO] DbMcusAds:125 - Set database path to: C:\Users\msi1\.stmcufinder\plugins\mcufinder//mcu/
2025-03-22 09:03:24,744 [WARN] DbFile:41 - Overriding database path with different value: C:\Users\msi1\.stmcufinder\plugins\mcufinder/ => C:\Users\msi1\.stmcufinder\plugins\mcufinder
2025-03-22 09:03:24,744 [WARN] DbFile:41 - Overriding database path with different value: C:\Users\msi1\.stmcufinder\plugins\mcufinder/ => C:\Users\msi1\.stmcufinder\plugins\mcufinder
2025-03-22 09:03:24,744 [INFO] CrossReferenceDbSqlite:203 - Set database path to: C:\Users\msi1\.stmcufinder\plugins\mcufinder//mcu/cs/
2025-03-22 09:03:24,763 [INFO] ApplicationProperties:184 - Using Application install path: D:\ITC\STM32\STM32CubeIDE_1.13.0\STM32CubeIDE\plugins\com.st.stm32cube.common.mx_6.9.0.202307051724
2025-03-22 09:03:24,764 [INFO] PluginManage:196 - Search for loadable plugins [exclusion list=, ]
2025-03-22 09:03:24,765 [INFO] PluginManage:310 - Check plugin analytics
2025-03-22 09:03:24,909 [INFO] AnalyticsPlugin:253 - Accepted Software Licenses: 
2025-03-22 09:03:24,909 [INFO] AnalyticsPlugin:255 - Accepted CMSIS Pack Licenses: 
2025-03-22 09:03:24,909 [INFO] AnalyticsPlugin:257 - Accepted Firmware Licenses: FW.F4.1.27.0
2025-03-22 09:03:24,911 [INFO] PluginManage:359 - Loaded plugin analytics (category:tool,tabindex:-1)
2025-03-22 09:03:24,913 [INFO] PluginManage:310 - Check plugin cadmodel
2025-03-22 09:03:24,933 [INFO] CADModel:105 - Init CAD model plugin
2025-03-22 09:03:24,933 [INFO] PluginManage:359 - Loaded plugin cadmodel (category:power,tabindex:5)
2025-03-22 09:03:24,933 [INFO] PluginManage:310 - Check plugin clock
2025-03-22 09:03:24,957 [INFO] PluginManage:359 - Loaded plugin clock (category:base,tabindex:2)
2025-03-22 09:03:24,957 [INFO] PluginManage:310 - Check plugin ddr
2025-03-22 09:03:24,961 [INFO] PluginManage:359 - Loaded plugin ddr (category:tool,tabindex:6)
2025-03-22 09:03:24,961 [INFO] PluginManage:310 - Check plugin filemanager
2025-03-22 09:03:25,072 [INFO] PluginManage:359 - Loaded plugin filemanager (category:base,tabindex:10)
2025-03-22 09:03:25,073 [INFO] PluginManage:310 - Check plugin ipmanager
2025-03-22 09:03:25,081 [INFO] PluginManage:359 - Loaded plugin ipmanager (category:base,tabindex:5)
2025-03-22 09:03:25,082 [INFO] PluginManage:310 - Check plugin lpbam
2025-03-22 09:03:25,101 [INFO] PluginManage:359 - Loaded plugin lpbam (category:base,tabindex:0)
2025-03-22 09:03:25,101 [INFO] PluginManage:310 - Check plugin memorymap
2025-03-22 09:03:25,134 [INFO] PluginManage:359 - Loaded plugin memorymap (category:base,tabindex:4)
2025-03-22 09:03:25,135 [INFO] PluginManage:310 - Check plugin pinoutandconfiguration
2025-03-22 09:03:25,154 [INFO] PluginManage:359 - Loaded plugin pinoutandconfiguration (category:base,tabindex:1)
2025-03-22 09:03:25,154 [INFO] PluginManage:310 - Check plugin pinoutconfig
2025-03-22 09:03:25,250 [WARN] SupportedApi:132 - Cannot load RTOS API schema: s4s-elt-must-match.1: The content of 'definitions' must match (annotation?, (simpleType | complexType)?, (unique | key | keyref)*)). A problem was found starting at: attribute.
2025-03-22 09:03:25,367 [INFO] PluginManage:359 - Loaded plugin pinoutconfig (category:base,tabindex:0)
2025-03-22 09:03:25,367 [INFO] PluginManage:310 - Check plugin power
2025-03-22 09:03:25,396 [INFO] PluginManage:359 - Loaded plugin power (category:power,tabindex:4)
2025-03-22 09:03:25,396 [INFO] PluginManage:310 - Check plugin projectmanager
2025-03-22 09:03:25,409 [INFO] PluginManage:359 - Loaded plugin projectmanager (category:projectmanager,tabindex:3)
2025-03-22 09:03:25,409 [INFO] PluginManage:310 - Check plugin thirdparty
2025-03-22 09:03:25,703 [INFO] PluginManage:359 - Loaded plugin thirdparty (category:base,tabindex:-1)
2025-03-22 09:03:25,703 [WARN] IntegrityCheckThread:84 - waiting for thirdparty lock release [integrity check]
2025-03-22 09:03:25,703 [INFO] PluginManage:310 - Check plugin tools
2025-03-22 09:03:25,703 [INFO] IntegrityCheckThread:86 - entering critical section [integrity check]
2025-03-22 09:03:25,704 [INFO] ThirdPartyUpdaterWithRetryManager:70 - Updater plugin not ready yet. [1/15]
2025-03-22 09:03:25,743 [INFO] PluginManage:359 - Loaded plugin tools (category:base,tabindex:7)
2025-03-22 09:03:25,743 [INFO] PluginManage:310 - Check plugin tutovideos
2025-03-22 09:03:25,938 [INFO] PluginManage:359 - Loaded plugin tutovideos (category:base,tabindex:-1)
2025-03-22 09:03:25,938 [INFO] PluginManage:310 - Check plugin updater
2025-03-22 09:03:25,949 [INFO] PluginManage:359 - Loaded plugin updater (category:base,tabindex:12)
2025-03-22 09:03:25,950 [INFO] PluginManage:310 - Check plugin userauth
2025-03-22 09:03:25,955 [INFO] UserAuth:113 - Init User Auth plugin
2025-03-22 09:03:25,955 [INFO] PluginManage:359 - Loaded plugin userauth (category:base,tabindex:14)
2025-03-22 09:03:25,955 [INFO] PluginManage:283 - PluginManage : Loaded plugins [17]
2025-03-22 09:03:26,174 [INFO] PinOutPanel:1499 - setPackage(No Configuration,No Configuration)
2025-03-22 09:03:26,299 [INFO] CADModel:165 - CPN selected for project level
2025-03-22 09:03:26,299 [INFO] CADModel:114 - Register for checkConnection events
2025-03-22 09:03:26,333 [INFO] IPUIPlugin:80 - create IPUIPlugin
2025-03-22 09:03:26,333 [INFO] PluginManager:220 - loadIPPluginJar : add adc
2025-03-22 09:03:26,379 [INFO] IPUIPlugin:80 - create IPUIPlugin
2025-03-22 09:03:26,379 [INFO] PluginManager:220 - loadIPPluginJar : add aes
2025-03-22 09:03:26,431 [INFO] IPUIPlugin:80 - create IPUIPlugin
2025-03-22 09:03:26,431 [INFO] PluginManager:220 - loadIPPluginJar : add can
2025-03-22 09:03:26,457 [INFO] IPUIPlugin:80 - create IPUIPlugin
2025-03-22 09:03:26,457 [INFO] PluginManager:220 - loadIPPluginJar : add comp
2025-03-22 09:03:26,493 [INFO] IPUIPlugin:80 - create IPUIPlugin
2025-03-22 09:03:26,493 [INFO] PluginManager:220 - loadIPPluginJar : add cryp
2025-03-22 09:03:26,527 [INFO] IPUIPlugin:80 - create IPUIPlugin
2025-03-22 09:03:26,527 [INFO] PluginManager:220 - loadIPPluginJar : add dfsdm
2025-03-22 09:03:26,543 [INFO] IPUIPlugin:80 - create IPUIPlugin
2025-03-22 09:03:26,544 [INFO] PluginManager:220 - loadIPPluginJar : add dma
2025-03-22 09:03:26,592 [INFO] IPUIPlugin:80 - create IPUIPlugin
2025-03-22 09:03:26,592 [INFO] PluginManager:220 - loadIPPluginJar : add dma3
2025-03-22 09:03:26,617 [INFO] IPUIPlugin:80 - create IPUIPlugin
2025-03-22 09:03:26,617 [INFO] PluginManager:220 - loadIPPluginJar : add fatfs
2025-03-22 09:03:26,670 [INFO] IPUIPlugin:80 - create IPUIPlugin
2025-03-22 09:03:26,670 [INFO] PluginManager:220 - loadIPPluginJar : add fmc
2025-03-22 09:03:26,689 [INFO] IPUIPlugin:80 - create IPUIPlugin
2025-03-22 09:03:26,689 [INFO] PluginManager:220 - loadIPPluginJar : add freertos
2025-03-22 09:03:26,712 [INFO] IPUIPlugin:80 - create IPUIPlugin
2025-03-22 09:03:26,713 [INFO] PluginManager:220 - loadIPPluginJar : add genericplugin
2025-03-22 09:03:26,810 [INFO] IPUIPlugin:80 - create IPUIPlugin
2025-03-22 09:03:26,810 [INFO] PluginManager:220 - loadIPPluginJar : add gfxmmu
2025-03-22 09:03:26,946 [INFO] IPUIPlugin:80 - create IPUIPlugin
2025-03-22 09:03:26,946 [INFO] PluginManager:220 - loadIPPluginJar : add gic
2025-03-22 09:03:26,960 [INFO] IPUIPlugin:80 - create IPUIPlugin
2025-03-22 09:03:26,961 [INFO] PluginManager:220 - loadIPPluginJar : add gpio
2025-03-22 09:03:27,058 [INFO] IPUIPlugin:80 - create IPUIPlugin
2025-03-22 09:03:27,058 [INFO] PluginManager:220 - loadIPPluginJar : add gtzc
2025-03-22 09:03:27,094 [INFO] IPUIPlugin:80 - create IPUIPlugin
2025-03-22 09:03:27,094 [INFO] PluginManager:220 - loadIPPluginJar : add hash
2025-03-22 09:03:27,152 [INFO] IPUIPlugin:80 - create IPUIPlugin
2025-03-22 09:03:27,152 [INFO] PluginManager:220 - loadIPPluginJar : add i2c
2025-03-22 09:03:27,193 [INFO] IPUIPlugin:80 - create IPUIPlugin
2025-03-22 09:03:27,193 [INFO] PluginManager:220 - loadIPPluginJar : add i2s
2025-03-22 09:03:27,238 [INFO] IPUIPlugin:80 - create IPUIPlugin
2025-03-22 09:03:27,238 [INFO] PluginManager:220 - loadIPPluginJar : add i3c
2025-03-22 09:03:27,349 [INFO] IPUIPlugin:80 - create IPUIPlugin
2025-03-22 09:03:27,349 [INFO] PluginManager:220 - loadIPPluginJar : add ipddr
2025-03-22 09:03:27,448 [INFO] IPUIPlugin:80 - create IPUIPlugin
2025-03-22 09:03:27,448 [INFO] PluginManager:220 - loadIPPluginJar : add linkedlist
2025-03-22 09:03:27,493 [INFO] IPUIPlugin:80 - create IPUIPlugin
2025-03-22 09:03:27,493 [INFO] PluginManager:220 - loadIPPluginJar : add lorawan
2025-03-22 09:03:27,536 [INFO] IPUIPlugin:80 - create IPUIPlugin
2025-03-22 09:03:27,536 [INFO] PluginManager:220 - loadIPPluginJar : add ltdc
2025-03-22 09:03:27,553 [INFO] IPUIPlugin:80 - create IPUIPlugin
2025-03-22 09:03:27,553 [INFO] PluginManager:220 - loadIPPluginJar : add mdma
2025-03-22 09:03:27,567 [INFO] IPUIPlugin:80 - create IPUIPlugin
2025-03-22 09:03:27,568 [INFO] PluginManager:220 - loadIPPluginJar : add nvic
2025-03-22 09:03:27,609 [INFO] IPUIPlugin:80 - create IPUIPlugin
2025-03-22 09:03:27,609 [INFO] PluginManager:220 - loadIPPluginJar : add opamp
2025-03-22 09:03:27,688 [INFO] IPUIPlugin:80 - create IPUIPlugin
2025-03-22 09:03:27,688 [INFO] PluginManager:220 - loadIPPluginJar : add openamp
2025-03-22 09:03:27,746 [INFO] IPUIPlugin:80 - create IPUIPlugin
2025-03-22 09:03:27,746 [INFO] PluginManager:220 - loadIPPluginJar : add pdm2pcm
2025-03-22 09:03:27,763 [INFO] IPUIPlugin:80 - create IPUIPlugin
2025-03-22 09:03:27,764 [INFO] PluginManager:220 - loadIPPluginJar : add plateformsettings
2025-03-22 09:03:27,806 [INFO] IPUIPlugin:80 - create IPUIPlugin
2025-03-22 09:03:27,806 [INFO] PluginManager:220 - loadIPPluginJar : add quadspi
2025-03-22 09:03:27,821 [INFO] IPUIPlugin:80 - create IPUIPlugin
2025-03-22 09:03:27,821 [INFO] PluginManager:220 - loadIPPluginJar : add resmgrutility
2025-03-22 09:03:27,873 [INFO] IPUIPlugin:80 - create IPUIPlugin
2025-03-22 09:03:27,874 [INFO] PluginManager:220 - loadIPPluginJar : add sai
2025-03-22 09:03:27,917 [INFO] IPUIPlugin:80 - create IPUIPlugin
2025-03-22 09:03:27,918 [INFO] PluginManager:220 - loadIPPluginJar : add spi
2025-03-22 09:03:27,978 [INFO] IPUIPlugin:80 - create IPUIPlugin
2025-03-22 09:03:27,978 [INFO] PluginManager:220 - loadIPPluginJar : add stm32_wpan
2025-03-22 09:03:28,004 [INFO] IPUIPlugin:80 - create IPUIPlugin
2025-03-22 09:03:28,004 [INFO] PluginManager:220 - loadIPPluginJar : add tim
2025-03-22 09:03:28,064 [INFO] IPUIPlugin:80 - create IPUIPlugin
2025-03-22 09:03:28,064 [INFO] PluginManager:220 - loadIPPluginJar : add touchsensing
2025-03-22 09:03:28,089 [INFO] IPUIPlugin:80 - create IPUIPlugin
2025-03-22 09:03:28,089 [INFO] PluginManager:220 - loadIPPluginJar : add tracer_emb
2025-03-22 09:03:28,115 [INFO] IPUIPlugin:80 - create IPUIPlugin
2025-03-22 09:03:28,115 [INFO] PluginManager:220 - loadIPPluginJar : add ts
2025-03-22 09:03:28,142 [INFO] IPUIPlugin:80 - create IPUIPlugin
2025-03-22 09:03:28,143 [INFO] PluginManager:220 - loadIPPluginJar : add tsc
2025-03-22 09:03:28,167 [INFO] IPUIPlugin:80 - create IPUIPlugin
2025-03-22 09:03:28,167 [INFO] PluginManager:220 - loadIPPluginJar : add ucpd
2025-03-22 09:03:28,217 [INFO] IPUIPlugin:80 - create IPUIPlugin
2025-03-22 09:03:28,217 [INFO] PluginManager:220 - loadIPPluginJar : add usart
2025-03-22 09:03:28,263 [INFO] IPUIPlugin:80 - create IPUIPlugin
2025-03-22 09:03:28,263 [INFO] PluginManager:220 - loadIPPluginJar : add usbx
2025-03-22 09:03:28,383 [INFO] CADModel:165 - CPN selected for project level
2025-03-22 09:03:28,383 [INFO] CADModel:114 - Register for checkConnection events
2025-03-22 09:03:28,383 [FATAL] Updater:308 - Updater called before beeing initialized
2025-03-22 09:03:28,383 [ERROR] CADModel:125 - Updater not yet initialized, retry later 
2025-03-22 09:03:28,514 [INFO] CADModel:165 - CPN selected for project level
2025-03-22 09:03:28,514 [INFO] CADModel:114 - Register for checkConnection events
2025-03-22 09:03:28,515 [FATAL] Updater:308 - Updater called before beeing initialized
2025-03-22 09:03:28,515 [ERROR] CADModel:125 - Updater not yet initialized, retry later 
2025-03-22 09:03:28,519 [FATAL] Updater:308 - Updater called before beeing initialized
2025-03-22 09:03:28,645 [FATAL] Updater:308 - Updater called before beeing initialized
2025-03-22 09:03:28,658 [INFO] DbMcusAds:53 - JSON generation date=Thu Mar 06 21:54:21 ICT 2025 (1741272861825)
2025-03-22 09:03:28,659 [FATAL] Updater:308 - Updater called before beeing initialized
2025-03-22 09:03:28,704 [INFO] ThirdPartyUpdaterWithRetryManager:70 - Updater plugin not ready yet. [2/15]
2025-03-22 09:03:28,746 [WARN] DetailPanel:346 - Failed to get advertising image, set to default
2025-03-22 09:03:28,825 [FATAL] Updater:308 - Updater called before beeing initialized
2025-03-22 09:03:28,826 [FATAL] Updater:308 - Updater called before beeing initialized
2025-03-22 09:03:28,827 [FATAL] Updater:308 - Updater called before beeing initialized
2025-03-22 09:03:28,827 [WARN] DetailPanel:346 - Failed to get advertising image, set to default
2025-03-22 09:03:28,827 [FATAL] Updater:308 - Updater called before beeing initialized
2025-03-22 09:03:28,881 [ERROR] Updater:1120 - MainUpdater not yet initialized. External WinMGr cannot be set.
2025-03-22 09:03:28,894 [INFO] Updater:1056 - Updater Version found : 6.9.0
2025-03-22 09:03:28,914 [INFO] ApplicationProperties:184 - Using Application install path: D:\ITC\STM32\STM32CubeIDE_1.13.0\STM32CubeIDE\plugins\com.st.stm32cube.common.mx_6.9.0.202307051724
2025-03-22 09:03:29,295 [INFO] MainUpdater:2868 - connection check result : 10
2025-03-22 09:03:29,295 [INFO] MainUpdater:3562 - Updater definition file requires update
2025-03-22 09:03:29,296 [INFO] MainUpdater:285 - Updater Check For Update Now.
2025-03-22 09:03:29,296 [INFO] MicroXplorer:498 - Change Database Version : DB.6.0.90
2025-03-22 09:03:29,315 [INFO] McuFinderGlobals:63 - Set McuFinder mode to 2 (CubeIDE integrated)
2025-03-22 09:03:29,488 [INFO] ServerAccessManage:473 - Download File updaters.zip
2025-03-22 09:03:29,765 [INFO] FileExtend:240 - Unzip File : updaters.zip
2025-03-22 09:03:29,765 [INFO] FileExtend:255 - Standard Zip Deflate
2025-03-22 09:03:30,932 [INFO] ServerAccessManage:473 - Download File PacksControlFlags.xml
2025-03-22 09:03:31,172 [INFO] ServerAccessManage:473 - Download File cubemx.pidx
2025-03-22 09:03:31,705 [WARN] MainUpdater:1189 - Updater busy. Cannot search thirdparties
2025-03-22 09:03:31,705 [INFO] ThirdPartyUpdaterWithRetryManager:96 - Updater plugin is busy. [1/15]
2025-03-22 09:03:32,496 [INFO] ServerAccessManage:473 - Download File STMicroelectronics.X-CUBE-AZRTOS-H7RS.pdsc
2025-03-22 09:03:33,776 [WARN] PackLoader:240 - Cannot read IP mode file for STMicroelectronics.X-CUBE-AZRTOS-H7RS.1.1.0
2025-03-22 09:03:33,782 [INFO] PopulateThirdPartyThread:66 - Ending populate Thread
2025-03-22 09:03:33,784 [INFO] ThirdParty:1030 - CMSIS Pack Vendor :STMicroelectronics X-CUBE-AZRTOS-H7RS 1.1.0
2025-03-22 09:03:33,784 [INFO] LoadServerUpdatesThread:373 - End of LoadServerUpdate Thread
2025-03-22 09:03:33,878 [INFO] CheckServerUpdateThread:120 - End of CheckServer Thread
2025-03-22 09:03:34,950 [WARN] PackLoader:240 - Cannot read IP mode file for STMicroelectronics.FP-SNS-MOTENVWB1.1.4.0
2025-03-22 09:03:34,956 [WARN] PackLoader:240 - Cannot read IP mode file for STMicroelectronics.FP-ATR-ASTRA1.2.0.2
2025-03-22 09:03:34,969 [WARN] PackLoader:240 - Cannot read IP mode file for STMicroelectronics.FP-ATR-ASTRA1.2.0.1
2025-03-22 09:03:34,988 [WARN] PackLoader:240 - Cannot read IP mode file for STMicroelectronics.X-CUBE-SMBUS.2.1.0
2025-03-22 09:03:35,005 [WARN] PackLoader:240 - Cannot read IP mode file for STMicroelectronics.X-CUBE-WB05N.1.1.0
2025-03-22 09:03:35,020 [WARN] PackLoader:240 - Cannot read IP mode file for STMicroelectronics.X-CUBE-TOUCHGFX.4.23.0
2025-03-22 09:03:35,034 [WARN] PackLoader:240 - Cannot read IP mode file for STMicroelectronics.X-CUBE-TOUCHGFX.4.23.2
2025-03-22 09:03:35,065 [WARN] PackLoader:240 - Cannot read IP mode file for STMicroelectronics.X-CUBE-AZRTOS-F7.1.1.0
2025-03-22 09:03:35,083 [ERROR] RealEvaluatedCondition:428 - Found unsupported composite condition: CLASS='Data Exchange' GROUP='STM32_MetaDataManager'
2025-03-22 09:03:35,083 [ERROR] RealEvaluatedCondition:428 - Found unsupported composite condition: CLASS='Data Exchange' GROUP='STM32_MetaDataManager'
2025-03-22 09:03:35,084 [WARN] PackLoader:240 - Cannot read IP mode file for STMicroelectronics.FP-SNS-MOTENV1.4.3.0
2025-03-22 09:03:35,100 [WARN] PackLoader:240 - Cannot read IP mode file for STMicroelectronics.FP-SNS-MOTENV1.4.3.2
2025-03-22 09:03:35,115 [WARN] PackLoader:240 - Cannot read IP mode file for STMicroelectronics.FP-SNS-FLIGHT1.5.0.0
2025-03-22 09:03:35,129 [WARN] PackLoader:240 - Cannot read IP mode file for STMicroelectronics.X-CUBE-BLE1.6.2.4
2025-03-22 09:03:35,141 [WARN] PackLoader:240 - Cannot read IP mode file for STMicroelectronics.FP-SNS-FLIGHT1.5.0.2
2025-03-22 09:03:35,159 [ERROR] Engine:466 - C:\Users\msi1\.stm32cubemx\thirdparties\pdsc\Infineon.AIROC-Wi-Fi-Bluetooth-STM32.1.7.0.pdsc: PDSC version is not supported
2025-03-22 09:03:35,173 [WARN] PackLoader:240 - Cannot read IP mode file for STMicroelectronics.X-CUBE-DISPLAY.3.0.0
2025-03-22 09:03:35,190 [WARN] PackLoader:240 - Cannot read IP mode file for STMicroelectronics.X-CUBE-BLE1.7.0.0
2025-03-22 09:03:35,204 [WARN] PackLoader:240 - Cannot read IP mode file for STMicroelectronics.X-CUBE-NFC10.1.0.0
2025-03-22 09:03:35,218 [ERROR] Engine:466 - C:\Users\msi1\.stm32cubemx\thirdparties\pdsc\STMicroelectronics.X-CUBE-BLEMGR.4.0.0.pdsc: PDSC version is not supported
2025-03-22 09:03:35,234 [WARN] PackLoader:240 - Cannot read IP mode file for emotas.I-CUBE-CANOPEN.1.3.0
2025-03-22 09:03:35,248 [WARN] PackLoader:240 - Cannot read IP mode file for STMicroelectronics.X-CUBE-TOUCHGFX.4.22.0
2025-03-22 09:03:35,262 [WARN] PackLoader:240 - Cannot read IP mode file for STMicroelectronics.X-CUBE-TOUCHGFX.4.22.1
2025-03-22 09:03:35,282 [WARN] PackLoader:240 - Cannot read IP mode file for STMicroelectronics.X-CUBE-BLEMGR.3.1.0
2025-03-22 09:03:35,296 [WARN] PackLoader:240 - Cannot read IP mode file for STMicroelectronics.X-CUBE-AI.10.0.0
2025-03-22 09:03:35,309 [WARN] PackLoader:240 - Cannot read IP mode file for STMicroelectronics.FP-SNS-SMARTAG2.1.2.0
2025-03-22 09:03:35,313 [ERROR] Engine:466 - C:\Users\msi1\.stm32cubemx\thirdparties\pdsc\STMicroelectronics.FP-SNS-FLIGHT1.5.1.0.pdsc: PDSC version is not supported
2025-03-22 09:03:35,366 [WARN] PackLoader:240 - Cannot read IP mode file for STMicroelectronics.X-CUBE-MEMS1.11.1.0
2025-03-22 09:03:35,515 [INFO] LogOutputStream:77 - [STDOUT_REDIRECT] 1 : Invalid condition id : UX_CORESTACK_Condition cause : null
2025-03-22 09:03:35,515 [INFO] LogOutputStream:77 - [STDOUT_REDIRECT] 1 : Invalid condition id : UX_CORESTACK_Condition cause : null
2025-03-22 09:03:35,516 [INFO] LogOutputStream:77 - [STDOUT_REDIRECT] 1 : Invalid condition id : UX_CORESTACK_Condition cause : null
2025-03-22 09:03:35,517 [INFO] LogOutputStream:77 - [STDOUT_REDIRECT] 1 : Invalid condition id : UX_CORESTACK_Condition cause : null
2025-03-22 09:03:35,518 [INFO] LogOutputStream:77 - [STDOUT_REDIRECT] 1 : Invalid condition id : UX_CORESTACK_Condition cause : null
2025-03-22 09:03:35,521 [WARN] PackLoader:240 - Cannot read IP mode file for STMicroelectronics.X-CUBE-AZRTOS-WL.2.0.0
2025-03-22 09:03:35,539 [WARN] PackLoader:240 - Cannot read IP mode file for STMicroelectronics.FP-SNS-MOTENV1.5.0.0
2025-03-22 09:03:35,546 [WARN] PackLoader:240 - Cannot read IP mode file for wolfSSL.I-CUBE-wolfMQTT.1.19.0
2025-03-22 09:03:35,565 [WARN] PackLoader:240 - Cannot read IP mode file for WES.I-CUBE-Cesium.1.3.0
2025-03-22 09:03:35,582 [WARN] PackLoader:240 - Cannot read IP mode file for STMicroelectronics.X-CUBE-BLE2.3.3.0
2025-03-22 09:03:35,599 [WARN] PackLoader:240 - Cannot read IP mode file for STMicroelectronics.X-CUBE-NFC9.1.0.0
2025-03-22 09:03:35,618 [WARN] PackLoader:240 - Cannot read IP mode file for STMicroelectronics.X-CUBE-BLE1.7.1.0
2025-03-22 09:03:35,639 [WARN] PackLoader:240 - Cannot read IP mode file for STMicroelectronics.X-CUBE-TCPP.4.1.0
2025-03-22 09:03:35,663 [WARN] PackLoader:240 - Cannot read IP mode file for STMicroelectronics.X-CUBE-TOUCHGFX.4.21.4
2025-03-22 09:03:35,685 [WARN] PackLoader:240 - Cannot read IP mode file for STMicroelectronics.X-CUBE-ALGOBUILD.1.3.0
2025-03-22 09:03:35,718 [WARN] PackLoader:240 - Cannot read IP mode file for STMicroelectronics.X-CUBE-AZRTOS-G0.1.1.0
2025-03-22 09:03:35,740 [WARN] PackLoader:240 - Cannot read IP mode file for STMicroelectronics.X-CUBE-SAFEA1.1.2.2
2025-03-22 09:03:35,759 [WARN] PackLoader:240 - Cannot read IP mode file for STMicroelectronics.X-CUBE-NFC4.3.0.0
2025-03-22 09:03:35,773 [WARN] PackLoader:240 - Cannot read IP mode file for wolfSSL.I-CUBE-wolfMQTT.1.18.0
2025-03-22 09:03:35,788 [ERROR] Engine:466 - C:\Users\msi1\.stm32cubemx\thirdparties\pdsc\EmbeddedOffice.I-CUBE-FS-RTOS.1.0.1.pdsc: PDSC version is not supported
2025-03-22 09:03:35,809 [WARN] PackLoader:240 - Cannot read IP mode file for STMicroelectronics.X-CUBE-BLEMGR.3.0.0
2025-03-22 09:03:35,824 [ERROR] Engine:466 - C:\Users\msi1\.stm32cubemx\thirdparties\pdsc\STMicroelectronics.X-CUBE-TCPP.4.2.0.pdsc: PDSC version is not supported
2025-03-22 09:03:35,838 [ERROR] Engine:466 - C:\Users\msi1\.stm32cubemx\thirdparties\pdsc\RealThread.X-CUBE-RT-Thread_Nano.4.1.1.pdsc: PDSC version is not supported
2025-03-22 09:03:35,844 [WARN] PackLoader:240 - Cannot read IP mode file for STMicroelectronics.FP-ATR-SIGFOX1.3.2.0
2025-03-22 09:03:35,848 [ERROR] Engine:466 - C:\Users\msi1\.stm32cubemx\thirdparties\pdsc\quantropi.X-CUBE-qispace-sdk-base.1.9.3.pdsc: PDSC version is not supported
2025-03-22 09:03:35,864 [WARN] PackLoader:240 - Cannot read IP mode file for STMicroelectronics.X-CUBE-EEPRMA1.5.1.0
2025-03-22 09:03:35,881 [WARN] PackLoader:240 - Cannot read IP mode file for wolfSSL.I-CUBE-wolfSSL.5.7.6
2025-03-22 09:03:35,899 [WARN] PackLoader:240 - Cannot read IP mode file for ITTIA_DB.I-CUBE-ITTIADB.8.9.0
2025-03-22 09:03:35,935 [WARN] PackLoader:240 - Cannot read IP mode file for SEGGER.I-CUBE-embOS.1.3.1
2025-03-22 09:03:35,974 [WARN] PackLoader:240 - Cannot read IP mode file for STMicroelectronics.X-CUBE-ALGOBUILD.1.4.0
2025-03-22 09:03:35,991 [WARN] PackLoader:240 - Cannot read IP mode file for STMicroelectronics.X-CUBE-AI.9.1.0
2025-03-22 09:03:36,011 [WARN] PackLoader:240 - Cannot read IP mode file for STMicroelectronics.X-CUBE-GNSS1.6.0.0
2025-03-22 09:03:36,044 [WARN] PackLoader:240 - Cannot read IP mode file for STMicroelectronics.X-CUBE-AZRTOS-F4.1.1.0
2025-03-22 09:03:36,060 [WARN] PackLoader:240 - Cannot read IP mode file for wolfSSL.I-CUBE-wolfSSL.5.6.0
2025-03-22 09:03:36,074 [WARN] PackLoader:240 - Cannot read IP mode file for STMicroelectronics.X-CUBE-ISPU.2.1.0
2025-03-22 09:03:36,089 [WARN] PackLoader:240 - Cannot read IP mode file for STMicroelectronics.X-CUBE-FREERTOS.1.2.0
2025-03-22 09:03:36,126 [WARN] PackLoader:240 - Cannot read IP mode file for STMicroelectronics.X-CUBE-AZRTOS-L5.2.0.0
2025-03-22 09:03:36,172 [WARN] PackLoader:240 - Cannot read IP mode file for STMicroelectronics.X-CUBE-MEMS1.9.6.0
2025-03-22 09:03:36,288 [WARN] PackLoader:240 - Cannot read IP mode file for STMicroelectronics.X-CUBE-EEPRMA1.4.2.0
2025-03-22 09:03:36,305 [WARN] PackLoader:240 - Cannot read IP mode file for STMicroelectronics.X-CUBE-NFC6.3.1.0
2025-03-22 09:03:36,321 [WARN] PackLoader:240 - Cannot read IP mode file for ITTIA_DB.I-CUBE-ITTIADB.8.8.0
2025-03-22 09:03:36,337 [WARN] PackLoader:240 - Cannot read IP mode file for emotas.I-CUBE-CANOPEN.1.1.3
2025-03-22 09:03:36,353 [WARN] PackLoader:240 - Cannot read IP mode file for STMicroelectronics.X-CUBE-BLEMGR.2.0.0
2025-03-22 09:03:36,369 [ERROR] Engine:466 - C:\Users\msi1\.stm32cubemx\thirdparties\pdsc\STMicroelectronics.X-CUBE-DPower.1.2.0.pdsc: PDSC version is not supported
2025-03-22 09:03:36,383 [WARN] PackLoader:240 - Cannot read IP mode file for STMicroelectronics.X-CUBE-AI.9.0.0
2025-03-22 09:03:36,411 [WARN] ConditionMgr:438 - getConditionDescription Invalid condition id : UX DEVICE CLASS RTOS Condition cause : null
2025-03-22 09:03:36,412 [WARN] ConditionMgr:438 - getConditionDescription Invalid condition id : UX DEVICE CLASS RTOS Condition cause : null
2025-03-22 09:03:36,413 [WARN] PackLoader:240 - Cannot read IP mode file for STMicroelectronics.X-CUBE-AZRTOS-H7.3.1.0
2025-03-22 09:03:36,414 [WARN] ConditionMgr:1039 - genDependencies : Invalid condition id : UX DEVICE CLASS RTOS Condition cause : null
2025-03-22 09:03:36,414 [WARN] ConditionMgr:1039 - genDependencies : Invalid condition id : UX DEVICE CLASS RTOS Condition cause : null
2025-03-22 09:03:36,415 [WARN] ConditionMgr:1039 - genDependencies : Invalid condition id : UX DEVICE CLASS RTOS Condition cause : null
2025-03-22 09:03:36,415 [WARN] ConditionMgr:1039 - genDependencies : Invalid condition id : UX DEVICE CLASS RTOS Condition cause : null
2025-03-22 09:03:36,415 [WARN] ConditionMgr:1039 - genDependencies : Invalid condition id : UX DEVICE CLASS RTOS Condition cause : null
2025-03-22 09:03:36,429 [WARN] PackLoader:240 - Cannot read IP mode file for STMicroelectronics.X-CUBE-FREERTOS.1.3.0
2025-03-22 09:03:36,443 [WARN] PackLoader:240 - Cannot read IP mode file for STMicroelectronics.X-CUBE-NFC7.1.0.1
2025-03-22 09:03:36,457 [WARN] PackLoader:240 - Cannot read IP mode file for STMicroelectronics.X-CUBE-NFC7.1.0.0
2025-03-22 09:03:36,476 [WARN] PackLoader:240 - Cannot read IP mode file for wolfSSL.I-CUBE-wolfTPM.3.2.0
2025-03-22 09:03:36,491 [WARN] PackLoader:240 - Cannot read IP mode file for STMicroelectronics.X-CUBE-NFC6.3.0.0
2025-03-22 09:03:36,506 [WARN] PackLoader:240 - Cannot read IP mode file for STMicroelectronics.X-CUBE-EEPRMA1.4.1.0
2025-03-22 09:03:36,525 [WARN] PackLoader:240 - Cannot read IP mode file for STMicroelectronics.X-CUBE-AI.8.1.0
2025-03-22 09:03:36,557 [WARN] ConditionMgr:438 - getConditionDescription Invalid condition id : LAN8742 Phy interface Condition cause : null
2025-03-22 09:03:36,557 [WARN] PackLoader:240 - Cannot read IP mode file for STMicroelectronics.X-CUBE-AZRTOS-L4.2.0.0
2025-03-22 09:03:36,558 [WARN] ConditionMgr:1039 - genDependencies : Invalid condition id : LAN8742 Phy interface Condition cause : null
2025-03-22 09:03:36,558 [WARN] ConditionMgr:1039 - genDependencies : Invalid condition id : LAN8742 Phy interface Condition cause : null
2025-03-22 09:03:36,558 [WARN] ConditionMgr:1039 - genDependencies : Invalid condition id : LAN8742 Phy interface Condition cause : null
2025-03-22 09:03:36,575 [WARN] PackLoader:240 - Cannot read IP mode file for STMicroelectronics.X-CUBE-SFXS2LP1.4.0.0
2025-03-22 09:03:36,590 [WARN] PackLoader:240 - Cannot read IP mode file for STMicroelectronics.X-CUBE-ISPU.1.1.0
2025-03-22 09:03:36,620 [WARN] PackLoader:240 - Cannot read IP mode file for STMicroelectronics.X-CUBE-AZRTOS-H7.3.3.0
2025-03-22 09:03:36,644 [ERROR] Engine:466 - C:\Users\msi1\.stm32cubemx\thirdparties\pdsc\STMicroelectronics.X-CUBE-IPS.3.0.0.pdsc: PDSC version is not supported
2025-03-22 09:03:36,667 [WARN] ConditionMgr:438 - getConditionDescription Invalid condition id : UX DEVICE CLASS RTOS Condition cause : null
2025-03-22 09:03:36,668 [WARN] ConditionMgr:438 - getConditionDescription Invalid condition id : UX DEVICE CLASS RTOS Condition cause : null
2025-03-22 09:03:36,669 [WARN] PackLoader:240 - Cannot read IP mode file for STMicroelectronics.X-CUBE-AZRTOS-WB.2.0.0
2025-03-22 09:03:36,669 [WARN] ConditionMgr:1039 - genDependencies : Invalid condition id : UX DEVICE CLASS RTOS Condition cause : null
2025-03-22 09:03:36,669 [WARN] ConditionMgr:1039 - genDependencies : Invalid condition id : UX DEVICE CLASS RTOS Condition cause : null
2025-03-22 09:03:36,670 [WARN] ConditionMgr:1039 - genDependencies : Invalid condition id : UX DEVICE CLASS RTOS Condition cause : null
2025-03-22 09:03:36,670 [WARN] ConditionMgr:1039 - genDependencies : Invalid condition id : UX DEVICE CLASS RTOS Condition cause : null
2025-03-22 09:03:36,670 [WARN] ConditionMgr:1039 - genDependencies : Invalid condition id : UX DEVICE CLASS RTOS Condition cause : null
2025-03-22 09:03:36,690 [WARN] PackLoader:240 - Cannot read IP mode file for STMicroelectronics.X-CUBE-FREERTOS.1.0.1
2025-03-22 09:03:36,711 [WARN] PackLoader:240 - Cannot read IP mode file for STMicroelectronics.X-CUBE-GNSS1.7.0.1
2025-03-22 09:03:36,730 [WARN] PackLoader:240 - Cannot read IP mode file for STMicroelectronics.X-CUBE-TOUCHGFX.4.25.0
2025-03-22 09:03:36,755 [ERROR] Engine:466 - C:\Users\msi1\.stm32cubemx\thirdparties\pdsc\STMicroelectronics.FP-SNS-STBOX1.2.0.0.pdsc: PDSC version is not supported
2025-03-22 09:03:36,789 [WARN] PackLoader:240 - Cannot read IP mode file for STMicroelectronics.X-CUBE-AZRTOS-L5.1.1.0
2025-03-22 09:03:36,806 [WARN] PackLoader:240 - Cannot read IP mode file for STMicroelectronics.X-CUBE-AI.8.0.1
2025-03-22 09:03:36,830 [WARN] PackLoader:240 - Cannot read IP mode file for STMicroelectronics.X-CUBE-SUBG2.5.0.0
2025-03-22 09:03:36,845 [WARN] PackLoader:240 - Cannot read IP mode file for STMicroelectronics.X-CUBE-AZRTOS-H7RS.1.1.0
2025-03-22 09:03:36,853 [WARN] PackLoader:240 - Cannot read IP mode file for Cesanta.I-CUBE-Mongoose.7.13.0
2025-03-22 09:03:36,874 [WARN] PackLoader:240 - Cannot read IP mode file for STMicroelectronics.X-CUBE-TOF1.3.3.1
2025-03-22 09:03:36,901 [WARN] PackLoader:240 - Cannot read IP mode file for STMicroelectronics.X-CUBE-AZRTOS-G4.2.0.0
2025-03-22 09:03:36,917 [WARN] PackLoader:240 - Cannot read IP mode file for STMicroelectronics.X-CUBE-TOF1.3.3.0
2025-03-22 09:03:36,949 [WARN] PackLoader:240 - Cannot read IP mode file for Infineon.AIROC-Wi-Fi-Bluetooth-STM32.1.5.1
2025-03-22 09:03:36,964 [WARN] PackLoader:240 - Cannot read IP mode file for STMicroelectronics.FP-SNS-MOTENVWB1.1.3.0
2025-03-22 09:03:36,977 [WARN] PackLoader:240 - Cannot read IP mode file for STMicroelectronics.FP-SNS-MOTENVWB1.1.3.1
2025-03-22 09:03:37,002 [WARN] PackLoader:240 - Cannot read IP mode file for STMicroelectronics.X-CUBE-AZRTOS-L4.1.0.0
2025-03-22 09:03:37,016 [WARN] PackLoader:240 - Cannot read IP mode file for STMicroelectronics.X-CUBE-ISPU.2.0.0
2025-03-22 09:03:37,033 [ERROR] Engine:466 - C:\Users\msi1\.stm32cubemx\thirdparties\pdsc\STMicroelectronics.X-CUBE-IPS.3.1.0.pdsc: PDSC version is not supported
2025-03-22 09:03:37,047 [WARN] PackLoader:240 - Cannot read IP mode file for STMicroelectronics.X-CUBE-ALS.1.0.2
2025-03-22 09:03:37,084 [WARN] PackLoader:240 - Cannot read IP mode file for STMicroelectronics.X-CUBE-MEMS1.10.0.0
2025-03-22 09:03:37,156 [WARN] PackLoader:240 - Cannot read IP mode file for STMicroelectronics.X-CUBE-FREERTOS.1.1.0
2025-03-22 09:03:37,169 [WARN] PackLoader:240 - Cannot read IP mode file for STMicroelectronics.X-CUBE-TOUCHGFX.4.24.0
2025-03-22 09:03:37,184 [WARN] PackLoader:240 - Cannot read IP mode file for STMicroelectronics.X-CUBE-TOUCHGFX.4.24.2
2025-03-22 09:03:37,210 [WARN] PackLoader:240 - Cannot read IP mode file for STMicroelectronics.X-CUBE-AZRTOS-WL.1.0.0
2025-03-22 09:03:37,229 [WARN] PackLoader:240 - Cannot read IP mode file for STMicroelectronics.X-CUBE-TOUCHGFX.4.24.1
2025-03-22 09:03:37,233 [WARN] PackLoader:240 - Cannot read IP mode file for wolfSSL.I-CUBE-wolfTPM.3.4.0
2025-03-22 09:03:37,250 [WARN] PackLoader:240 - Cannot read IP mode file for portGmbH.I-Cube-SoM-uGOAL.1.1.0
2025-03-22 09:03:37,267 [WARN] PackLoader:240 - Cannot read IP mode file for STMicroelectronics.X-CUBE-ALS.1.0.1
2025-03-22 09:03:37,291 [WARN] PackLoader:240 - Cannot read IP mode file for STMicroelectronics.X-CUBE-AZRTOS-WB.1.1.0
2025-03-22 09:03:37,321 [WARN] PackLoader:240 - Cannot read IP mode file for STMicroelectronics.X-CUBE-AZRTOS-H7RS.1.0.0
2025-03-22 09:03:37,339 [WARN] PackLoader:240 - Cannot read IP mode file for STMicroelectronics.FP-ATR-ASTRA1.2.0.0
2025-03-22 09:03:37,354 [ERROR] Engine:466 - C:\Users\msi1\.stm32cubemx\thirdparties\pdsc\STMicroelectronics.X-CUBE-TOF1.3.4.2.pdsc: PDSC version is not supported
2025-03-22 09:03:37,371 [WARN] PackLoader:240 - Cannot read IP mode file for STMicroelectronics.X-CUBE-TOF1.3.4.0
2025-03-22 09:03:37,394 [WARN] PackLoader:240 - Cannot read IP mode file for STMicroelectronics.X-CUBE-TOF1.3.4.1
2025-03-22 09:03:37,422 [WARN] PackLoader:240 - Cannot read IP mode file for STMicroelectronics.X-CUBE-AZRTOS-H7.3.2.0
2025-03-22 09:03:37,427 [WARN] PackLoader:240 - Cannot read IP mode file for wolfSSL.I-CUBE-wolfSSH.1.4.17
2025-03-22 09:03:37,427 [INFO] ThirdParty:978 - Integrity check success = true
2025-03-22 09:03:37,428 [INFO] IntegrityCheckThread:100 - exiting critical section [integrity check]
2025-03-22 09:03:37,428 [INFO] IntegrityCheckThread:103 - End integrity checks thread
2025-03-22 09:03:50,521 [ERROR] LogOutputStream:75 - [STDERR_REDIRECT] SLF4J: Failed to load class "org.slf4j.impl.StaticLoggerBinder".
2025-03-22 09:03:50,523 [ERROR] LogOutputStream:75 - [STDERR_REDIRECT] SLF4J: Defaulting to no-operation (NOP) logger implementation
2025-03-22 09:03:50,524 [ERROR] LogOutputStream:75 - [STDERR_REDIRECT] SLF4J: See http://www.slf4j.org/codes.html#StaticLoggerBinder for further details.
