2025-06-11 13:54:32,907 [INFO] Activator:176 - 


2025-06-11 13:54:32,913 [INFO] Activator:177 - !SESSION log4j initialized
2025-06-11 13:54:40,648 [INFO] LogOutputStream:77 - [STDOUT_REDIRECT] 
2025-06-11 13:54:44,351 [INFO] ApplicationProperties:184 - Using Application install path: D:\ITC\STM32\STM32CubeIDE_1.13.0\STM32CubeIDE\plugins\com.st.stm32cube.common.mx_6.9.0.202307051724
2025-06-11 13:54:44,370 [INFO] DbMcusXml:78 - Set database path to: D:\ITC\STM32\STM32CubeIDE_1.13.0\STM32CubeIDE\plugins\com.st.stm32cube.common.mx_6.9.0.202307051724\\db\/mcu/
2025-06-11 13:54:44,370 [INFO] ApiDb:274 - Set plugin database path to: D:\ITC\STM32\STM32CubeIDE_1.13.0\STM32CubeIDE\plugins\com.st.stm32cube.common.mx_6.9.0.202307051724\\db\/plugins/boardmanager/
2025-06-11 13:54:44,371 [WARN] ApiDb:259 - Overriding images path with different value:  => D:\ITC\STM32\STM32CubeIDE_1.13.0\STM32CubeIDE\plugins\com.st.stm32cube.common.mx_6.9.0.202307051724\\db\/plugins/mcufinder/images/
2025-06-11 13:54:44,384 [INFO] ApiDb:250 - Set database path to: C:\Users\msi1\.stmcufinder\plugins\mcufinder//mcu/
2025-06-11 13:54:44,385 [INFO] DbMcusAds:125 - Set database path to: C:\Users\msi1\.stmcufinder\plugins\mcufinder//mcu/
2025-06-11 13:54:44,387 [INFO] CrossReferenceDbSqlite:203 - Set database path to: C:\Users\msi1\.stmcufinder\plugins\mcufinder//mcu/cs/
2025-06-11 13:54:44,485 [INFO] RulesReader:64 - Compatibility file has been processed (293 Rules)
2025-06-11 13:54:44,564 [INFO] DbMcusXml:78 - Set database path to: D:\ITC\STM32\STM32CubeIDE_1.13.0\STM32CubeIDE\plugins\com.st.stm32cube.common.mx_6.9.0.202307051724\\db\/mcu/
2025-06-11 13:54:44,564 [INFO] ApiDb:274 - Set plugin database path to: D:\ITC\STM32\STM32CubeIDE_1.13.0\STM32CubeIDE\plugins\com.st.stm32cube.common.mx_6.9.0.202307051724\\db\/plugins/boardmanager/
2025-06-11 13:54:44,564 [INFO] ApiDb:261 - Set plugin images path to: D:\ITC\STM32\STM32CubeIDE_1.13.0\STM32CubeIDE\plugins\com.st.stm32cube.common.mx_6.9.0.202307051724\\db\/plugins/mcufinder/images/
2025-06-11 13:54:44,564 [WARN] DbFile:41 - Overriding database path with different value: C:\Users\msi1\.stmcufinder\plugins\mcufinder/ => C:\Users\msi1\.stmcufinder\plugins\mcufinder
2025-06-11 13:54:44,565 [INFO] ApiDb:250 - Set database path to: C:\Users\msi1\.stmcufinder\plugins\mcufinder//mcu/
2025-06-11 13:54:44,565 [WARN] DbFile:41 - Overriding database path with different value: C:\Users\msi1\.stmcufinder\plugins\mcufinder/ => C:\Users\msi1\.stmcufinder\plugins\mcufinder
2025-06-11 13:54:44,565 [INFO] DbMcusAds:125 - Set database path to: C:\Users\msi1\.stmcufinder\plugins\mcufinder//mcu/
2025-06-11 13:54:44,565 [WARN] DbFile:41 - Overriding database path with different value: C:\Users\msi1\.stmcufinder\plugins\mcufinder/ => C:\Users\msi1\.stmcufinder\plugins\mcufinder
2025-06-11 13:54:44,565 [WARN] DbFile:41 - Overriding database path with different value: C:\Users\msi1\.stmcufinder\plugins\mcufinder/ => C:\Users\msi1\.stmcufinder\plugins\mcufinder
2025-06-11 13:54:44,565 [INFO] CrossReferenceDbSqlite:203 - Set database path to: C:\Users\msi1\.stmcufinder\plugins\mcufinder//mcu/cs/
2025-06-11 13:54:44,632 [INFO] MainPanel:262 - HeapMemory: 268435456
2025-06-11 13:54:44,737 [INFO] DbMcusXml:78 - Set database path to: D:\ITC\STM32\STM32CubeIDE_1.13.0\STM32CubeIDE\plugins\com.st.stm32cube.common.mx_6.9.0.202307051724\\db\/mcu/
2025-06-11 13:54:44,737 [INFO] ApiDb:274 - Set plugin database path to: D:\ITC\STM32\STM32CubeIDE_1.13.0\STM32CubeIDE\plugins\com.st.stm32cube.common.mx_6.9.0.202307051724\\db\/plugins/boardmanager/
2025-06-11 13:54:44,738 [INFO] ApiDb:261 - Set plugin images path to: D:\ITC\STM32\STM32CubeIDE_1.13.0\STM32CubeIDE\plugins\com.st.stm32cube.common.mx_6.9.0.202307051724\\db\/plugins/mcufinder/images/
2025-06-11 13:54:44,738 [WARN] DbFile:41 - Overriding database path with different value: C:\Users\msi1\.stmcufinder\plugins\mcufinder/ => C:\Users\msi1\.stmcufinder\plugins\mcufinder
2025-06-11 13:54:44,738 [INFO] ApiDb:250 - Set database path to: C:\Users\msi1\.stmcufinder\plugins\mcufinder//mcu/
2025-06-11 13:54:44,738 [WARN] DbFile:41 - Overriding database path with different value: C:\Users\msi1\.stmcufinder\plugins\mcufinder/ => C:\Users\msi1\.stmcufinder\plugins\mcufinder
2025-06-11 13:54:44,738 [INFO] DbMcusAds:125 - Set database path to: C:\Users\msi1\.stmcufinder\plugins\mcufinder//mcu/
2025-06-11 13:54:44,738 [WARN] DbFile:41 - Overriding database path with different value: C:\Users\msi1\.stmcufinder\plugins\mcufinder/ => C:\Users\msi1\.stmcufinder\plugins\mcufinder
2025-06-11 13:54:44,739 [WARN] DbFile:41 - Overriding database path with different value: C:\Users\msi1\.stmcufinder\plugins\mcufinder/ => C:\Users\msi1\.stmcufinder\plugins\mcufinder
2025-06-11 13:54:44,739 [INFO] CrossReferenceDbSqlite:203 - Set database path to: C:\Users\msi1\.stmcufinder\plugins\mcufinder//mcu/cs/
2025-06-11 13:54:44,755 [INFO] ApplicationProperties:184 - Using Application install path: D:\ITC\STM32\STM32CubeIDE_1.13.0\STM32CubeIDE\plugins\com.st.stm32cube.common.mx_6.9.0.202307051724
2025-06-11 13:54:44,756 [INFO] PluginManage:196 - Search for loadable plugins [exclusion list=, ]
2025-06-11 13:54:44,757 [INFO] PluginManage:310 - Check plugin analytics
2025-06-11 13:54:44,899 [INFO] AnalyticsPlugin:253 - Accepted Software Licenses: 
2025-06-11 13:54:44,900 [INFO] AnalyticsPlugin:255 - Accepted CMSIS Pack Licenses: 
2025-06-11 13:54:44,900 [INFO] AnalyticsPlugin:257 - Accepted Firmware Licenses: FW.F4.1.27.0
2025-06-11 13:54:44,902 [INFO] PluginManage:359 - Loaded plugin analytics (category:tool,tabindex:-1)
2025-06-11 13:54:44,902 [INFO] PluginManage:310 - Check plugin cadmodel
2025-06-11 13:54:44,920 [INFO] CADModel:105 - Init CAD model plugin
2025-06-11 13:54:44,920 [INFO] PluginManage:359 - Loaded plugin cadmodel (category:power,tabindex:5)
2025-06-11 13:54:44,920 [INFO] PluginManage:310 - Check plugin clock
2025-06-11 13:54:44,942 [INFO] PluginManage:359 - Loaded plugin clock (category:base,tabindex:2)
2025-06-11 13:54:44,942 [INFO] PluginManage:310 - Check plugin ddr
2025-06-11 13:54:44,944 [INFO] PluginManage:359 - Loaded plugin ddr (category:tool,tabindex:6)
2025-06-11 13:54:44,944 [INFO] PluginManage:310 - Check plugin filemanager
2025-06-11 13:54:45,084 [INFO] PluginManage:359 - Loaded plugin filemanager (category:base,tabindex:10)
2025-06-11 13:54:45,084 [INFO] PluginManage:310 - Check plugin ipmanager
2025-06-11 13:54:45,092 [INFO] PluginManage:359 - Loaded plugin ipmanager (category:base,tabindex:5)
2025-06-11 13:54:45,093 [INFO] PluginManage:310 - Check plugin lpbam
2025-06-11 13:54:45,107 [INFO] PluginManage:359 - Loaded plugin lpbam (category:base,tabindex:0)
2025-06-11 13:54:45,108 [INFO] PluginManage:310 - Check plugin memorymap
2025-06-11 13:54:45,131 [INFO] PluginManage:359 - Loaded plugin memorymap (category:base,tabindex:4)
2025-06-11 13:54:45,131 [INFO] PluginManage:310 - Check plugin pinoutandconfiguration
2025-06-11 13:54:45,147 [INFO] PluginManage:359 - Loaded plugin pinoutandconfiguration (category:base,tabindex:1)
2025-06-11 13:54:45,147 [INFO] PluginManage:310 - Check plugin pinoutconfig
2025-06-11 13:54:45,235 [WARN] SupportedApi:132 - Cannot load RTOS API schema: s4s-elt-must-match.1: The content of 'definitions' must match (annotation?, (simpleType | complexType)?, (unique | key | keyref)*)). A problem was found starting at: attribute.
2025-06-11 13:54:45,345 [INFO] PluginManage:359 - Loaded plugin pinoutconfig (category:base,tabindex:0)
2025-06-11 13:54:45,345 [INFO] PluginManage:310 - Check plugin power
2025-06-11 13:54:45,371 [INFO] PluginManage:359 - Loaded plugin power (category:power,tabindex:4)
2025-06-11 13:54:45,371 [INFO] PluginManage:310 - Check plugin projectmanager
2025-06-11 13:54:45,384 [INFO] PluginManage:359 - Loaded plugin projectmanager (category:projectmanager,tabindex:3)
2025-06-11 13:54:45,384 [INFO] PluginManage:310 - Check plugin thirdparty
2025-06-11 13:54:45,652 [INFO] PluginManage:359 - Loaded plugin thirdparty (category:base,tabindex:-1)
2025-06-11 13:54:45,653 [WARN] IntegrityCheckThread:84 - waiting for thirdparty lock release [integrity check]
2025-06-11 13:54:45,653 [INFO] PluginManage:310 - Check plugin tools
2025-06-11 13:54:45,653 [INFO] IntegrityCheckThread:86 - entering critical section [integrity check]
2025-06-11 13:54:45,653 [INFO] ThirdPartyUpdaterWithRetryManager:70 - Updater plugin not ready yet. [1/15]
2025-06-11 13:54:45,689 [INFO] PluginManage:359 - Loaded plugin tools (category:base,tabindex:7)
2025-06-11 13:54:45,689 [INFO] PluginManage:310 - Check plugin tutovideos
2025-06-11 13:54:45,865 [INFO] PluginManage:359 - Loaded plugin tutovideos (category:base,tabindex:-1)
2025-06-11 13:54:45,866 [INFO] PluginManage:310 - Check plugin updater
2025-06-11 13:54:45,875 [INFO] PluginManage:359 - Loaded plugin updater (category:base,tabindex:12)
2025-06-11 13:54:45,875 [INFO] PluginManage:310 - Check plugin userauth
2025-06-11 13:54:45,881 [INFO] UserAuth:113 - Init User Auth plugin
2025-06-11 13:54:45,881 [INFO] PluginManage:359 - Loaded plugin userauth (category:base,tabindex:14)
2025-06-11 13:54:45,881 [INFO] PluginManage:283 - PluginManage : Loaded plugins [17]
2025-06-11 13:54:46,080 [INFO] PinOutPanel:1499 - setPackage(No Configuration,No Configuration)
2025-06-11 13:54:46,174 [INFO] CADModel:165 - CPN selected for project level
2025-06-11 13:54:46,174 [INFO] CADModel:114 - Register for checkConnection events
2025-06-11 13:54:46,199 [INFO] IPUIPlugin:80 - create IPUIPlugin
2025-06-11 13:54:46,200 [INFO] PluginManager:220 - loadIPPluginJar : add adc
2025-06-11 13:54:46,233 [INFO] IPUIPlugin:80 - create IPUIPlugin
2025-06-11 13:54:46,234 [INFO] PluginManager:220 - loadIPPluginJar : add aes
2025-06-11 13:54:46,274 [INFO] IPUIPlugin:80 - create IPUIPlugin
2025-06-11 13:54:46,274 [INFO] PluginManager:220 - loadIPPluginJar : add can
2025-06-11 13:54:46,297 [INFO] IPUIPlugin:80 - create IPUIPlugin
2025-06-11 13:54:46,297 [INFO] PluginManager:220 - loadIPPluginJar : add comp
2025-06-11 13:54:46,331 [INFO] IPUIPlugin:80 - create IPUIPlugin
2025-06-11 13:54:46,331 [INFO] PluginManager:220 - loadIPPluginJar : add cryp
2025-06-11 13:54:46,360 [INFO] IPUIPlugin:80 - create IPUIPlugin
2025-06-11 13:54:46,360 [INFO] PluginManager:220 - loadIPPluginJar : add dfsdm
2025-06-11 13:54:46,373 [INFO] IPUIPlugin:80 - create IPUIPlugin
2025-06-11 13:54:46,374 [INFO] PluginManager:220 - loadIPPluginJar : add dma
2025-06-11 13:54:46,421 [INFO] IPUIPlugin:80 - create IPUIPlugin
2025-06-11 13:54:46,422 [INFO] PluginManager:220 - loadIPPluginJar : add dma3
2025-06-11 13:54:46,444 [INFO] IPUIPlugin:80 - create IPUIPlugin
2025-06-11 13:54:46,444 [INFO] PluginManager:220 - loadIPPluginJar : add fatfs
2025-06-11 13:54:46,490 [INFO] IPUIPlugin:80 - create IPUIPlugin
2025-06-11 13:54:46,490 [INFO] PluginManager:220 - loadIPPluginJar : add fmc
2025-06-11 13:54:46,506 [INFO] IPUIPlugin:80 - create IPUIPlugin
2025-06-11 13:54:46,506 [INFO] PluginManager:220 - loadIPPluginJar : add freertos
2025-06-11 13:54:46,527 [INFO] IPUIPlugin:80 - create IPUIPlugin
2025-06-11 13:54:46,527 [INFO] PluginManager:220 - loadIPPluginJar : add genericplugin
2025-06-11 13:54:46,619 [INFO] IPUIPlugin:80 - create IPUIPlugin
2025-06-11 13:54:46,619 [INFO] PluginManager:220 - loadIPPluginJar : add gfxmmu
2025-06-11 13:54:46,747 [INFO] IPUIPlugin:80 - create IPUIPlugin
2025-06-11 13:54:46,747 [INFO] PluginManager:220 - loadIPPluginJar : add gic
2025-06-11 13:54:46,760 [INFO] IPUIPlugin:80 - create IPUIPlugin
2025-06-11 13:54:46,760 [INFO] PluginManager:220 - loadIPPluginJar : add gpio
2025-06-11 13:54:46,847 [INFO] IPUIPlugin:80 - create IPUIPlugin
2025-06-11 13:54:46,847 [INFO] PluginManager:220 - loadIPPluginJar : add gtzc
2025-06-11 13:54:46,881 [INFO] IPUIPlugin:80 - create IPUIPlugin
2025-06-11 13:54:46,881 [INFO] PluginManager:220 - loadIPPluginJar : add hash
2025-06-11 13:54:46,930 [INFO] IPUIPlugin:80 - create IPUIPlugin
2025-06-11 13:54:46,931 [INFO] PluginManager:220 - loadIPPluginJar : add i2c
2025-06-11 13:54:46,968 [INFO] IPUIPlugin:80 - create IPUIPlugin
2025-06-11 13:54:46,968 [INFO] PluginManager:220 - loadIPPluginJar : add i2s
2025-06-11 13:54:47,009 [INFO] IPUIPlugin:80 - create IPUIPlugin
2025-06-11 13:54:47,010 [INFO] PluginManager:220 - loadIPPluginJar : add i3c
2025-06-11 13:54:47,110 [INFO] IPUIPlugin:80 - create IPUIPlugin
2025-06-11 13:54:47,110 [INFO] PluginManager:220 - loadIPPluginJar : add ipddr
2025-06-11 13:54:47,200 [INFO] IPUIPlugin:80 - create IPUIPlugin
2025-06-11 13:54:47,200 [INFO] PluginManager:220 - loadIPPluginJar : add linkedlist
2025-06-11 13:54:47,238 [INFO] IPUIPlugin:80 - create IPUIPlugin
2025-06-11 13:54:47,238 [INFO] PluginManager:220 - loadIPPluginJar : add lorawan
2025-06-11 13:54:47,274 [INFO] IPUIPlugin:80 - create IPUIPlugin
2025-06-11 13:54:47,274 [INFO] PluginManager:220 - loadIPPluginJar : add ltdc
2025-06-11 13:54:47,289 [INFO] IPUIPlugin:80 - create IPUIPlugin
2025-06-11 13:54:47,289 [INFO] PluginManager:220 - loadIPPluginJar : add mdma
2025-06-11 13:54:47,302 [INFO] IPUIPlugin:80 - create IPUIPlugin
2025-06-11 13:54:47,302 [INFO] PluginManager:220 - loadIPPluginJar : add nvic
2025-06-11 13:54:47,338 [INFO] IPUIPlugin:80 - create IPUIPlugin
2025-06-11 13:54:47,338 [INFO] PluginManager:220 - loadIPPluginJar : add opamp
2025-06-11 13:54:47,400 [INFO] IPUIPlugin:80 - create IPUIPlugin
2025-06-11 13:54:47,400 [INFO] PluginManager:220 - loadIPPluginJar : add openamp
2025-06-11 13:54:47,447 [INFO] IPUIPlugin:80 - create IPUIPlugin
2025-06-11 13:54:47,447 [INFO] PluginManager:220 - loadIPPluginJar : add pdm2pcm
2025-06-11 13:54:47,462 [INFO] IPUIPlugin:80 - create IPUIPlugin
2025-06-11 13:54:47,463 [INFO] PluginManager:220 - loadIPPluginJar : add plateformsettings
2025-06-11 13:54:47,488 [INFO] IPUIPlugin:80 - create IPUIPlugin
2025-06-11 13:54:47,488 [INFO] PluginManager:220 - loadIPPluginJar : add quadspi
2025-06-11 13:54:47,502 [INFO] IPUIPlugin:80 - create IPUIPlugin
2025-06-11 13:54:47,502 [INFO] PluginManager:220 - loadIPPluginJar : add resmgrutility
2025-06-11 13:54:47,551 [INFO] IPUIPlugin:80 - create IPUIPlugin
2025-06-11 13:54:47,551 [INFO] PluginManager:220 - loadIPPluginJar : add sai
2025-06-11 13:54:47,589 [INFO] IPUIPlugin:80 - create IPUIPlugin
2025-06-11 13:54:47,589 [INFO] PluginManager:220 - loadIPPluginJar : add spi
2025-06-11 13:54:47,643 [INFO] IPUIPlugin:80 - create IPUIPlugin
2025-06-11 13:54:47,643 [INFO] PluginManager:220 - loadIPPluginJar : add stm32_wpan
2025-06-11 13:54:47,667 [INFO] IPUIPlugin:80 - create IPUIPlugin
2025-06-11 13:54:47,667 [INFO] PluginManager:220 - loadIPPluginJar : add tim
2025-06-11 13:54:47,722 [INFO] IPUIPlugin:80 - create IPUIPlugin
2025-06-11 13:54:47,722 [INFO] PluginManager:220 - loadIPPluginJar : add touchsensing
2025-06-11 13:54:47,746 [INFO] IPUIPlugin:80 - create IPUIPlugin
2025-06-11 13:54:47,747 [INFO] PluginManager:220 - loadIPPluginJar : add tracer_emb
2025-06-11 13:54:47,771 [INFO] IPUIPlugin:80 - create IPUIPlugin
2025-06-11 13:54:47,771 [INFO] PluginManager:220 - loadIPPluginJar : add ts
2025-06-11 13:54:47,794 [INFO] IPUIPlugin:80 - create IPUIPlugin
2025-06-11 13:54:47,794 [INFO] PluginManager:220 - loadIPPluginJar : add tsc
2025-06-11 13:54:47,816 [INFO] IPUIPlugin:80 - create IPUIPlugin
2025-06-11 13:54:47,816 [INFO] PluginManager:220 - loadIPPluginJar : add ucpd
2025-06-11 13:54:47,858 [INFO] IPUIPlugin:80 - create IPUIPlugin
2025-06-11 13:54:47,858 [INFO] PluginManager:220 - loadIPPluginJar : add usart
2025-06-11 13:54:47,900 [INFO] IPUIPlugin:80 - create IPUIPlugin
2025-06-11 13:54:47,900 [INFO] PluginManager:220 - loadIPPluginJar : add usbx
2025-06-11 13:54:48,015 [INFO] CADModel:165 - CPN selected for project level
2025-06-11 13:54:48,016 [INFO] CADModel:114 - Register for checkConnection events
2025-06-11 13:54:48,016 [FATAL] Updater:308 - Updater called before beeing initialized
2025-06-11 13:54:48,016 [ERROR] CADModel:125 - Updater not yet initialized, retry later 
2025-06-11 13:54:48,152 [INFO] CADModel:165 - CPN selected for project level
2025-06-11 13:54:48,152 [INFO] CADModel:114 - Register for checkConnection events
2025-06-11 13:54:48,152 [FATAL] Updater:308 - Updater called before beeing initialized
2025-06-11 13:54:48,152 [ERROR] CADModel:125 - Updater not yet initialized, retry later 
2025-06-11 13:54:48,155 [FATAL] Updater:308 - Updater called before beeing initialized
2025-06-11 13:54:48,259 [FATAL] Updater:308 - Updater called before beeing initialized
2025-06-11 13:54:48,272 [INFO] DbMcusAds:53 - JSON generation date=Wed May 07 16:07:55 ICT 2025 (1746608875638)
2025-06-11 13:54:48,272 [FATAL] Updater:308 - Updater called before beeing initialized
2025-06-11 13:54:48,350 [WARN] DetailPanel:346 - Failed to get advertising image, set to default
2025-06-11 13:54:48,429 [FATAL] Updater:308 - Updater called before beeing initialized
2025-06-11 13:54:48,431 [FATAL] Updater:308 - Updater called before beeing initialized
2025-06-11 13:54:48,431 [FATAL] Updater:308 - Updater called before beeing initialized
2025-06-11 13:54:48,431 [WARN] DetailPanel:346 - Failed to get advertising image, set to default
2025-06-11 13:54:48,432 [FATAL] Updater:308 - Updater called before beeing initialized
2025-06-11 13:54:48,489 [ERROR] Updater:1120 - MainUpdater not yet initialized. External WinMGr cannot be set.
2025-06-11 13:54:48,499 [INFO] Updater:1056 - Updater Version found : 6.9.0
2025-06-11 13:54:48,514 [INFO] ApplicationProperties:184 - Using Application install path: D:\ITC\STM32\STM32CubeIDE_1.13.0\STM32CubeIDE\plugins\com.st.stm32cube.common.mx_6.9.0.202307051724
2025-06-11 13:54:48,654 [INFO] ThirdPartyUpdaterWithRetryManager:70 - Updater plugin not ready yet. [2/15]
2025-06-11 13:54:48,976 [INFO] MainUpdater:2868 - connection check result : 10
2025-06-11 13:54:48,977 [INFO] MainUpdater:3562 - Updater definition file requires update
2025-06-11 13:54:48,980 [INFO] MainUpdater:285 - Updater Check For Update Now.
2025-06-11 13:54:48,980 [INFO] MicroXplorer:498 - Change Database Version : DB.6.0.90
2025-06-11 13:54:48,997 [INFO] McuFinderGlobals:63 - Set McuFinder mode to 2 (CubeIDE integrated)
2025-06-11 13:54:49,321 [INFO] ServerAccessManage:473 - Download File updaters.zip
2025-06-11 13:54:49,561 [INFO] FileExtend:240 - Unzip File : updaters.zip
2025-06-11 13:54:49,562 [INFO] FileExtend:255 - Standard Zip Deflate
2025-06-11 13:54:50,561 [INFO] ServerAccessManage:473 - Download File PacksControlFlags.xml
2025-06-11 13:54:50,765 [INFO] ServerAccessManage:473 - Download File cubemx.pidx
2025-06-11 13:54:51,661 [WARN] MainUpdater:1189 - Updater busy. Cannot search thirdparties
2025-06-11 13:54:51,661 [INFO] ThirdPartyUpdaterWithRetryManager:96 - Updater plugin is busy. [1/15]
2025-06-11 13:54:52,070 [INFO] ServerAccessManage:473 - Download File STMicroelectronics.X-CUBE-FREERTOS.pdsc
2025-06-11 13:54:53,609 [INFO] ServerAccessManage:473 - Download File STMicroelectronics.X-CUBE-MEMS1.pdsc
2025-06-11 13:54:54,663 [WARN] MainUpdater:1189 - Updater busy. Cannot search thirdparties
2025-06-11 13:54:54,663 [INFO] ThirdPartyUpdaterWithRetryManager:96 - Updater plugin is busy. [2/15]
2025-06-11 13:54:57,666 [WARN] MainUpdater:1189 - Updater busy. Cannot search thirdparties
2025-06-11 13:54:57,666 [INFO] ThirdPartyUpdaterWithRetryManager:96 - Updater plugin is busy. [3/15]
2025-06-11 13:55:00,667 [WARN] MainUpdater:1189 - Updater busy. Cannot search thirdparties
2025-06-11 13:55:00,668 [INFO] ThirdPartyUpdaterWithRetryManager:96 - Updater plugin is busy. [4/15]
2025-06-11 13:55:03,671 [WARN] MainUpdater:1189 - Updater busy. Cannot search thirdparties
2025-06-11 13:55:03,671 [INFO] ThirdPartyUpdaterWithRetryManager:96 - Updater plugin is busy. [5/15]
2025-06-11 13:55:03,993 [INFO] CheckServerUpdateThread:120 - End of CheckServer Thread
2025-06-11 13:55:04,027 [WARN] PackLoader:240 - Cannot read IP mode file for STMicroelectronics.X-CUBE-FREERTOS.1.3.1
2025-06-11 13:55:04,129 [WARN] PackLoader:240 - Cannot read IP mode file for STMicroelectronics.X-CUBE-MEMS1.11.3.0
2025-06-11 13:55:04,260 [INFO] PopulateThirdPartyThread:66 - Ending populate Thread
2025-06-11 13:55:04,265 [INFO] ThirdParty:1030 - CMSIS Pack Vendor :STMicroelectronics X-CUBE-FREERTOS 1.3.1
2025-06-11 13:55:04,266 [INFO] ThirdParty:1030 - CMSIS Pack Vendor :STMicroelectronics X-CUBE-MEMS1 11.3.0
2025-06-11 13:55:04,266 [INFO] LoadServerUpdatesThread:373 - End of LoadServerUpdate Thread
2025-06-11 13:55:07,537 [WARN] PackLoader:240 - Cannot read IP mode file for STMicroelectronics.FP-SNS-MOTENVWB1.1.4.0
2025-06-11 13:55:07,543 [WARN] PackLoader:240 - Cannot read IP mode file for STMicroelectronics.FP-ATR-ASTRA1.2.0.2
2025-06-11 13:55:07,553 [WARN] PackLoader:240 - Cannot read IP mode file for STMicroelectronics.FP-ATR-ASTRA1.2.0.1
2025-06-11 13:55:07,567 [WARN] PackLoader:240 - Cannot read IP mode file for STMicroelectronics.X-CUBE-SMBUS.2.1.0
2025-06-11 13:55:07,580 [WARN] PackLoader:240 - Cannot read IP mode file for STMicroelectronics.X-CUBE-WB05N.1.1.0
2025-06-11 13:55:07,590 [ERROR] Engine:466 - C:\Users\msi1\.stm32cubemx\thirdparties\pdsc\STMicroelectronics.X-CUBE-ST60.1.0.0.pdsc: PDSC version is not supported
2025-06-11 13:55:07,603 [WARN] PackLoader:240 - Cannot read IP mode file for STMicroelectronics.X-CUBE-TOUCHGFX.4.23.0
2025-06-11 13:55:07,614 [WARN] PackLoader:240 - Cannot read IP mode file for STMicroelectronics.X-CUBE-TOUCHGFX.4.23.2
2025-06-11 13:55:07,640 [WARN] PackLoader:240 - Cannot read IP mode file for STMicroelectronics.X-CUBE-AZRTOS-F7.1.1.0
2025-06-11 13:55:07,660 [ERROR] RealEvaluatedCondition:428 - Found unsupported composite condition: CLASS='Data Exchange' GROUP='STM32_MetaDataManager'
2025-06-11 13:55:07,660 [ERROR] RealEvaluatedCondition:428 - Found unsupported composite condition: GROUP='STM32_MetaDataManager' CLASS='Data Exchange'
2025-06-11 13:55:07,662 [WARN] PackLoader:240 - Cannot read IP mode file for STMicroelectronics.FP-SNS-MOTENV1.4.3.0
2025-06-11 13:55:07,675 [WARN] PackLoader:240 - Cannot read IP mode file for STMicroelectronics.FP-SNS-MOTENV1.4.3.2
2025-06-11 13:55:07,689 [WARN] PackLoader:240 - Cannot read IP mode file for STMicroelectronics.FP-SNS-FLIGHT1.5.0.0
2025-06-11 13:55:07,704 [WARN] PackLoader:240 - Cannot read IP mode file for STMicroelectronics.X-CUBE-BLE1.6.2.4
2025-06-11 13:55:07,715 [WARN] PackLoader:240 - Cannot read IP mode file for STMicroelectronics.FP-SNS-FLIGHT1.5.0.2
2025-06-11 13:55:07,730 [ERROR] Engine:466 - C:\Users\msi1\.stm32cubemx\thirdparties\pdsc\Infineon.AIROC-Wi-Fi-Bluetooth-STM32.1.7.0.pdsc: PDSC version is not supported
2025-06-11 13:55:07,745 [WARN] PackLoader:240 - Cannot read IP mode file for STMicroelectronics.X-CUBE-DISPLAY.3.0.0
2025-06-11 13:55:07,765 [WARN] PackLoader:240 - Cannot read IP mode file for STMicroelectronics.X-CUBE-BLE1.7.0.0
2025-06-11 13:55:07,782 [WARN] PackLoader:240 - Cannot read IP mode file for STMicroelectronics.X-CUBE-NFC10.1.0.0
2025-06-11 13:55:07,796 [ERROR] Engine:466 - C:\Users\msi1\.stm32cubemx\thirdparties\pdsc\STMicroelectronics.X-CUBE-BLEMGR.4.0.0.pdsc: PDSC version is not supported
2025-06-11 13:55:07,812 [WARN] PackLoader:240 - Cannot read IP mode file for emotas.I-CUBE-CANOPEN.1.3.0
2025-06-11 13:55:07,827 [WARN] PackLoader:240 - Cannot read IP mode file for STMicroelectronics.X-CUBE-TOUCHGFX.4.22.0
2025-06-11 13:55:07,840 [WARN] PackLoader:240 - Cannot read IP mode file for STMicroelectronics.X-CUBE-TOUCHGFX.4.22.1
2025-06-11 13:55:07,857 [WARN] PackLoader:240 - Cannot read IP mode file for STMicroelectronics.X-CUBE-BLEMGR.3.1.0
2025-06-11 13:55:07,872 [WARN] PackLoader:240 - Cannot read IP mode file for STMicroelectronics.X-CUBE-AI.10.0.0
2025-06-11 13:55:07,885 [WARN] PackLoader:240 - Cannot read IP mode file for STMicroelectronics.FP-SNS-SMARTAG2.1.2.0
2025-06-11 13:55:07,888 [ERROR] Engine:466 - C:\Users\msi1\.stm32cubemx\thirdparties\pdsc\STMicroelectronics.FP-SNS-FLIGHT1.5.1.0.pdsc: PDSC version is not supported
2025-06-11 13:55:07,933 [WARN] PackLoader:240 - Cannot read IP mode file for STMicroelectronics.X-CUBE-MEMS1.11.1.0
2025-06-11 13:55:08,037 [INFO] LogOutputStream:77 - [STDOUT_REDIRECT] 1 : Invalid condition id : UX_CORESTACK_Condition cause : null
2025-06-11 13:55:08,038 [INFO] LogOutputStream:77 - [STDOUT_REDIRECT] 1 : Invalid condition id : UX_CORESTACK_Condition cause : null
2025-06-11 13:55:08,039 [INFO] LogOutputStream:77 - [STDOUT_REDIRECT] 1 : Invalid condition id : UX_CORESTACK_Condition cause : null
2025-06-11 13:55:08,040 [INFO] LogOutputStream:77 - [STDOUT_REDIRECT] 1 : Invalid condition id : UX_CORESTACK_Condition cause : null
2025-06-11 13:55:08,041 [INFO] LogOutputStream:77 - [STDOUT_REDIRECT] 1 : Invalid condition id : UX_CORESTACK_Condition cause : null
2025-06-11 13:55:08,043 [WARN] PackLoader:240 - Cannot read IP mode file for STMicroelectronics.X-CUBE-AZRTOS-WL.2.0.0
2025-06-11 13:55:08,058 [WARN] PackLoader:240 - Cannot read IP mode file for STMicroelectronics.FP-SNS-MOTENV1.5.0.0
2025-06-11 13:55:08,064 [WARN] PackLoader:240 - Cannot read IP mode file for wolfSSL.I-CUBE-wolfMQTT.1.19.0
2025-06-11 13:55:08,080 [WARN] PackLoader:240 - Cannot read IP mode file for WES.I-CUBE-Cesium.1.3.0
2025-06-11 13:55:08,096 [WARN] PackLoader:240 - Cannot read IP mode file for STMicroelectronics.X-CUBE-BLE2.3.3.0
2025-06-11 13:55:08,112 [WARN] PackLoader:240 - Cannot read IP mode file for STMicroelectronics.X-CUBE-NFC9.1.0.0
2025-06-11 13:55:08,125 [WARN] PackLoader:240 - Cannot read IP mode file for STMicroelectronics.X-CUBE-BLE1.7.1.0
2025-06-11 13:55:08,139 [WARN] PackLoader:240 - Cannot read IP mode file for STMicroelectronics.X-CUBE-TCPP.4.1.0
2025-06-11 13:55:08,156 [WARN] PackLoader:240 - Cannot read IP mode file for STMicroelectronics.X-CUBE-TOUCHGFX.4.21.4
2025-06-11 13:55:08,168 [WARN] PackLoader:240 - Cannot read IP mode file for STMicroelectronics.X-CUBE-AI.10.1.0
2025-06-11 13:55:08,182 [WARN] PackLoader:240 - Cannot read IP mode file for STMicroelectronics.X-CUBE-ALGOBUILD.1.3.0
2025-06-11 13:55:08,226 [WARN] PackLoader:240 - Cannot read IP mode file for STMicroelectronics.X-CUBE-MEMS1.11.2.0
2025-06-11 13:55:08,320 [WARN] PackLoader:240 - Cannot read IP mode file for STMicroelectronics.X-CUBE-AZRTOS-G0.1.1.0
2025-06-11 13:55:08,336 [WARN] PackLoader:240 - Cannot read IP mode file for STMicroelectronics.X-CUBE-SAFEA1.1.2.2
2025-06-11 13:55:08,350 [WARN] PackLoader:240 - Cannot read IP mode file for STMicroelectronics.X-CUBE-NFC4.3.0.0
2025-06-11 13:55:08,364 [WARN] PackLoader:240 - Cannot read IP mode file for wolfSSL.I-CUBE-wolfMQTT.1.18.0
2025-06-11 13:55:08,377 [ERROR] Engine:466 - C:\Users\msi1\.stm32cubemx\thirdparties\pdsc\EmbeddedOffice.I-CUBE-FS-RTOS.1.0.1.pdsc: PDSC version is not supported
2025-06-11 13:55:08,391 [WARN] PackLoader:240 - Cannot read IP mode file for STMicroelectronics.X-CUBE-WB05N.2.0.0
2025-06-11 13:55:08,406 [WARN] PackLoader:240 - Cannot read IP mode file for STMicroelectronics.X-CUBE-BLEMGR.3.0.0
2025-06-11 13:55:08,421 [ERROR] Engine:466 - C:\Users\msi1\.stm32cubemx\thirdparties\pdsc\STMicroelectronics.X-CUBE-TCPP.4.2.0.pdsc: PDSC version is not supported
2025-06-11 13:55:08,434 [ERROR] Engine:466 - C:\Users\msi1\.stm32cubemx\thirdparties\pdsc\RealThread.X-CUBE-RT-Thread_Nano.4.1.1.pdsc: PDSC version is not supported
2025-06-11 13:55:08,440 [WARN] PackLoader:240 - Cannot read IP mode file for STMicroelectronics.FP-ATR-SIGFOX1.3.2.0
2025-06-11 13:55:08,443 [ERROR] Engine:466 - C:\Users\msi1\.stm32cubemx\thirdparties\pdsc\quantropi.X-CUBE-qispace-sdk-base.1.9.3.pdsc: PDSC version is not supported
2025-06-11 13:55:08,458 [WARN] PackLoader:240 - Cannot read IP mode file for STMicroelectronics.X-CUBE-EEPRMA1.5.1.0
2025-06-11 13:55:08,470 [WARN] PackLoader:240 - Cannot read IP mode file for wolfSSL.I-CUBE-wolfSSL.5.7.6
2025-06-11 13:55:08,483 [WARN] PackLoader:240 - Cannot read IP mode file for ITTIA_DB.I-CUBE-ITTIADB.8.9.0
2025-06-11 13:55:08,496 [ERROR] Engine:466 - C:\Users\msi1\.stm32cubemx\thirdparties\pdsc\STMicroelectronics.X-CUBE-ST67W61.1.0.0.pdsc: PDSC version is not supported
2025-06-11 13:55:08,525 [WARN] PackLoader:240 - Cannot read IP mode file for SEGGER.I-CUBE-embOS.1.3.1
2025-06-11 13:55:08,560 [WARN] PackLoader:240 - Cannot read IP mode file for STMicroelectronics.X-CUBE-ALGOBUILD.1.4.0
2025-06-11 13:55:08,587 [WARN] PackLoader:240 - Cannot read IP mode file for STMicroelectronics.X-CUBE-MEMS1.11.3.0
2025-06-11 13:55:08,680 [WARN] PackLoader:240 - Cannot read IP mode file for STMicroelectronics.X-CUBE-AI.9.1.0
2025-06-11 13:55:08,696 [WARN] PackLoader:240 - Cannot read IP mode file for STMicroelectronics.X-CUBE-GNSS1.6.0.0
2025-06-11 13:55:08,724 [WARN] PackLoader:240 - Cannot read IP mode file for STMicroelectronics.X-CUBE-AZRTOS-F4.1.1.0
2025-06-11 13:55:08,728 [ERROR] Engine:466 - C:\Users\msi1\.stm32cubemx\thirdparties\pdsc\Avnet-IotConnect.X-CUBE-IoTC-DA16k-PMOD.1.0.0.pdsc: PDSC version is not supported
2025-06-11 13:55:08,741 [WARN] PackLoader:240 - Cannot read IP mode file for wolfSSL.I-CUBE-wolfSSL.5.6.0
2025-06-11 13:55:08,757 [WARN] PackLoader:240 - Cannot read IP mode file for STMicroelectronics.X-CUBE-ISPU.2.1.0
2025-06-11 13:55:08,774 [WARN] PackLoader:240 - Cannot read IP mode file for STMicroelectronics.X-CUBE-FREERTOS.1.2.0
2025-06-11 13:55:08,799 [WARN] PackLoader:240 - Cannot read IP mode file for STMicroelectronics.X-CUBE-AZRTOS-L5.2.0.0
2025-06-11 13:55:08,853 [WARN] PackLoader:240 - Cannot read IP mode file for STMicroelectronics.X-CUBE-MEMS1.9.6.0
2025-06-11 13:55:08,943 [WARN] PackLoader:240 - Cannot read IP mode file for STMicroelectronics.X-CUBE-EEPRMA1.4.2.0
2025-06-11 13:55:08,957 [WARN] PackLoader:240 - Cannot read IP mode file for STMicroelectronics.X-CUBE-NFC6.3.1.0
2025-06-11 13:55:08,969 [WARN] PackLoader:240 - Cannot read IP mode file for ITTIA_DB.I-CUBE-ITTIADB.8.8.0
2025-06-11 13:55:08,982 [WARN] PackLoader:240 - Cannot read IP mode file for emotas.I-CUBE-CANOPEN.1.1.3
2025-06-11 13:55:08,994 [WARN] PackLoader:240 - Cannot read IP mode file for STMicroelectronics.X-CUBE-BLEMGR.2.0.0
2025-06-11 13:55:09,005 [ERROR] Engine:466 - C:\Users\msi1\.stm32cubemx\thirdparties\pdsc\STMicroelectronics.X-CUBE-DPower.1.2.0.pdsc: PDSC version is not supported
2025-06-11 13:55:09,016 [WARN] PackLoader:240 - Cannot read IP mode file for STMicroelectronics.X-CUBE-AI.9.0.0
2025-06-11 13:55:09,038 [WARN] ConditionMgr:438 - getConditionDescription Invalid condition id : UX DEVICE CLASS RTOS Condition cause : null
2025-06-11 13:55:09,039 [WARN] ConditionMgr:438 - getConditionDescription Invalid condition id : UX DEVICE CLASS RTOS Condition cause : null
2025-06-11 13:55:09,040 [WARN] PackLoader:240 - Cannot read IP mode file for STMicroelectronics.X-CUBE-AZRTOS-H7.3.1.0
2025-06-11 13:55:09,041 [WARN] ConditionMgr:1039 - genDependencies : Invalid condition id : UX DEVICE CLASS RTOS Condition cause : null
2025-06-11 13:55:09,041 [WARN] ConditionMgr:1039 - genDependencies : Invalid condition id : UX DEVICE CLASS RTOS Condition cause : null
2025-06-11 13:55:09,041 [WARN] ConditionMgr:1039 - genDependencies : Invalid condition id : UX DEVICE CLASS RTOS Condition cause : null
2025-06-11 13:55:09,041 [WARN] ConditionMgr:1039 - genDependencies : Invalid condition id : UX DEVICE CLASS RTOS Condition cause : null
2025-06-11 13:55:09,041 [WARN] ConditionMgr:1039 - genDependencies : Invalid condition id : UX DEVICE CLASS RTOS Condition cause : null
2025-06-11 13:55:09,046 [WARN] PackLoader:240 - Cannot read IP mode file for STMicroelectronics.X-CUBE-FREERTOS.1.3.1
2025-06-11 13:55:09,060 [WARN] PackLoader:240 - Cannot read IP mode file for STMicroelectronics.X-CUBE-FREERTOS.1.3.0
2025-06-11 13:55:09,075 [WARN] PackLoader:240 - Cannot read IP mode file for STMicroelectronics.X-CUBE-NFC7.1.0.1
2025-06-11 13:55:09,090 [WARN] PackLoader:240 - Cannot read IP mode file for STMicroelectronics.X-CUBE-NFC7.1.0.0
2025-06-11 13:55:09,106 [WARN] PackLoader:240 - Cannot read IP mode file for wolfSSL.I-CUBE-wolfTPM.3.2.0
2025-06-11 13:55:09,122 [WARN] PackLoader:240 - Cannot read IP mode file for STMicroelectronics.X-CUBE-NFC6.3.0.0
2025-06-11 13:55:09,139 [WARN] PackLoader:240 - Cannot read IP mode file for STMicroelectronics.X-CUBE-EEPRMA1.4.1.0
2025-06-11 13:55:09,153 [ERROR] Engine:466 - C:\Users\msi1\.stm32cubemx\thirdparties\pdsc\STMicroelectronics.X-CUBE-DPower.1.3.0.pdsc: PDSC version is not supported
2025-06-11 13:55:09,167 [WARN] PackLoader:240 - Cannot read IP mode file for STMicroelectronics.X-CUBE-AI.8.1.0
2025-06-11 13:55:09,196 [WARN] ConditionMgr:438 - getConditionDescription Invalid condition id : LAN8742 Phy interface Condition cause : null
2025-06-11 13:55:09,196 [WARN] PackLoader:240 - Cannot read IP mode file for STMicroelectronics.X-CUBE-AZRTOS-L4.2.0.0
2025-06-11 13:55:09,197 [WARN] ConditionMgr:1039 - genDependencies : Invalid condition id : LAN8742 Phy interface Condition cause : null
2025-06-11 13:55:09,197 [WARN] ConditionMgr:1039 - genDependencies : Invalid condition id : LAN8742 Phy interface Condition cause : null
2025-06-11 13:55:09,198 [WARN] ConditionMgr:1039 - genDependencies : Invalid condition id : LAN8742 Phy interface Condition cause : null
2025-06-11 13:55:09,217 [WARN] PackLoader:240 - Cannot read IP mode file for STMicroelectronics.X-CUBE-SFXS2LP1.4.0.0
2025-06-11 13:55:09,232 [WARN] PackLoader:240 - Cannot read IP mode file for STMicroelectronics.X-CUBE-ISPU.1.1.0
2025-06-11 13:55:09,258 [WARN] PackLoader:240 - Cannot read IP mode file for STMicroelectronics.X-CUBE-AZRTOS-H7.3.3.0
2025-06-11 13:55:09,276 [ERROR] Engine:466 - C:\Users\msi1\.stm32cubemx\thirdparties\pdsc\STMicroelectronics.X-CUBE-IPS.3.0.0.pdsc: PDSC version is not supported
2025-06-11 13:55:09,296 [WARN] ConditionMgr:438 - getConditionDescription Invalid condition id : UX DEVICE CLASS RTOS Condition cause : null
2025-06-11 13:55:09,296 [WARN] ConditionMgr:438 - getConditionDescription Invalid condition id : UX DEVICE CLASS RTOS Condition cause : null
2025-06-11 13:55:09,297 [WARN] PackLoader:240 - Cannot read IP mode file for STMicroelectronics.X-CUBE-AZRTOS-WB.2.0.0
2025-06-11 13:55:09,297 [WARN] ConditionMgr:1039 - genDependencies : Invalid condition id : UX DEVICE CLASS RTOS Condition cause : null
2025-06-11 13:55:09,298 [WARN] ConditionMgr:1039 - genDependencies : Invalid condition id : UX DEVICE CLASS RTOS Condition cause : null
2025-06-11 13:55:09,298 [WARN] ConditionMgr:1039 - genDependencies : Invalid condition id : UX DEVICE CLASS RTOS Condition cause : null
2025-06-11 13:55:09,298 [WARN] ConditionMgr:1039 - genDependencies : Invalid condition id : UX DEVICE CLASS RTOS Condition cause : null
2025-06-11 13:55:09,298 [WARN] ConditionMgr:1039 - genDependencies : Invalid condition id : UX DEVICE CLASS RTOS Condition cause : null
2025-06-11 13:55:09,309 [WARN] PackLoader:240 - Cannot read IP mode file for STMicroelectronics.X-CUBE-FREERTOS.1.0.1
2025-06-11 13:55:09,319 [WARN] PackLoader:240 - Cannot read IP mode file for STMicroelectronics.X-CUBE-GNSS1.7.0.1
2025-06-11 13:55:09,330 [WARN] PackLoader:240 - Cannot read IP mode file for STMicroelectronics.X-CUBE-TOUCHGFX.4.25.0
2025-06-11 13:55:09,340 [ERROR] Engine:466 - C:\Users\msi1\.stm32cubemx\thirdparties\pdsc\STMicroelectronics.FP-SNS-STBOX1.2.0.0.pdsc: PDSC version is not supported
2025-06-11 13:55:09,359 [WARN] PackLoader:240 - Cannot read IP mode file for STMicroelectronics.X-CUBE-AZRTOS-L5.1.1.0
2025-06-11 13:55:09,370 [WARN] PackLoader:240 - Cannot read IP mode file for STMicroelectronics.X-CUBE-AI.8.0.1
2025-06-11 13:55:09,384 [WARN] PackLoader:240 - Cannot read IP mode file for STMicroelectronics.X-CUBE-SUBG2.5.0.0
2025-06-11 13:55:09,410 [WARN] PackLoader:240 - Cannot read IP mode file for STMicroelectronics.X-CUBE-AZRTOS-H7RS.1.1.0
2025-06-11 13:55:09,416 [WARN] PackLoader:240 - Cannot read IP mode file for Cesanta.I-CUBE-Mongoose.7.13.0
2025-06-11 13:55:09,430 [WARN] PackLoader:240 - Cannot read IP mode file for STMicroelectronics.X-CUBE-TOF1.3.3.1
2025-06-11 13:55:09,456 [WARN] PackLoader:240 - Cannot read IP mode file for STMicroelectronics.X-CUBE-AZRTOS-G4.2.0.0
2025-06-11 13:55:09,473 [WARN] PackLoader:240 - Cannot read IP mode file for STMicroelectronics.X-CUBE-TOF1.3.3.0
2025-06-11 13:55:09,498 [WARN] PackLoader:240 - Cannot read IP mode file for Infineon.AIROC-Wi-Fi-Bluetooth-STM32.1.5.1
2025-06-11 13:55:09,515 [WARN] PackLoader:240 - Cannot read IP mode file for STMicroelectronics.FP-SNS-MOTENVWB1.1.3.0
2025-06-11 13:55:09,530 [WARN] PackLoader:240 - Cannot read IP mode file for STMicroelectronics.X-CUBE-NFC7.2.0.0
2025-06-11 13:55:09,545 [WARN] PackLoader:240 - Cannot read IP mode file for STMicroelectronics.FP-SNS-MOTENVWB1.1.3.1
2025-06-11 13:55:09,576 [WARN] PackLoader:240 - Cannot read IP mode file for STMicroelectronics.X-CUBE-AZRTOS-L4.1.0.0
2025-06-11 13:55:09,594 [WARN] PackLoader:240 - Cannot read IP mode file for STMicroelectronics.X-CUBE-ISPU.2.0.0
2025-06-11 13:55:09,613 [ERROR] Engine:466 - C:\Users\msi1\.stm32cubemx\thirdparties\pdsc\STMicroelectronics.X-CUBE-IPS.3.1.0.pdsc: PDSC version is not supported
2025-06-11 13:55:09,627 [WARN] PackLoader:240 - Cannot read IP mode file for STMicroelectronics.X-CUBE-ALS.1.0.2
2025-06-11 13:55:09,664 [WARN] PackLoader:240 - Cannot read IP mode file for STMicroelectronics.X-CUBE-MEMS1.10.0.0
2025-06-11 13:55:09,735 [WARN] PackLoader:240 - Cannot read IP mode file for STMicroelectronics.X-CUBE-FREERTOS.1.1.0
2025-06-11 13:55:09,749 [WARN] PackLoader:240 - Cannot read IP mode file for STMicroelectronics.X-CUBE-TOUCHGFX.4.24.0
2025-06-11 13:55:09,766 [WARN] PackLoader:240 - Cannot read IP mode file for STMicroelectronics.X-CUBE-TOUCHGFX.4.24.2
2025-06-11 13:55:09,786 [WARN] PackLoader:240 - Cannot read IP mode file for STMicroelectronics.X-CUBE-AZRTOS-WL.1.0.0
2025-06-11 13:55:09,800 [WARN] PackLoader:240 - Cannot read IP mode file for STMicroelectronics.X-CUBE-TOUCHGFX.4.24.1
2025-06-11 13:55:09,803 [WARN] PackLoader:240 - Cannot read IP mode file for wolfSSL.I-CUBE-wolfTPM.3.4.0
2025-06-11 13:55:09,818 [WARN] PackLoader:240 - Cannot read IP mode file for portGmbH.I-Cube-SoM-uGOAL.1.1.0
2025-06-11 13:55:09,834 [WARN] PackLoader:240 - Cannot read IP mode file for STMicroelectronics.X-CUBE-ALS.1.0.1
2025-06-11 13:55:09,855 [WARN] PackLoader:240 - Cannot read IP mode file for STMicroelectronics.X-CUBE-AZRTOS-WB.1.1.0
2025-06-11 13:55:09,882 [WARN] PackLoader:240 - Cannot read IP mode file for STMicroelectronics.X-CUBE-AZRTOS-H7RS.1.0.0
2025-06-11 13:55:09,895 [WARN] PackLoader:240 - Cannot read IP mode file for STMicroelectronics.FP-ATR-ASTRA1.2.0.0
2025-06-11 13:55:09,915 [ERROR] Engine:466 - C:\Users\msi1\.stm32cubemx\thirdparties\pdsc\STMicroelectronics.X-CUBE-TOF1.3.4.2.pdsc: PDSC version is not supported
2025-06-11 13:55:09,931 [ERROR] Engine:466 - C:\Users\msi1\.stm32cubemx\thirdparties\pdsc\STMicroelectronics.X-CUBE-TOF1.3.4.3.pdsc: PDSC version is not supported
2025-06-11 13:55:09,950 [WARN] PackLoader:240 - Cannot read IP mode file for STMicroelectronics.X-CUBE-TOF1.3.4.0
2025-06-11 13:55:09,985 [WARN] PackLoader:240 - Cannot read IP mode file for STMicroelectronics.X-CUBE-TOF1.3.4.1
2025-06-11 13:55:10,016 [WARN] PackLoader:240 - Cannot read IP mode file for STMicroelectronics.X-CUBE-AZRTOS-H7.3.2.0
2025-06-11 13:55:10,022 [WARN] PackLoader:240 - Cannot read IP mode file for wolfSSL.I-CUBE-wolfSSH.1.4.17
2025-06-11 13:55:10,023 [INFO] ThirdParty:978 - Integrity check success = true
2025-06-11 13:55:10,023 [INFO] IntegrityCheckThread:100 - exiting critical section [integrity check]
2025-06-11 13:55:10,023 [INFO] IntegrityCheckThread:103 - End integrity checks thread
2025-06-11 13:55:10,212 [ERROR] LogOutputStream:75 - [STDERR_REDIRECT] SLF4J: Failed to load class "org.slf4j.impl.StaticLoggerBinder".
2025-06-11 13:55:10,212 [ERROR] LogOutputStream:75 - [STDERR_REDIRECT] SLF4J: Defaulting to no-operation (NOP) logger implementation
2025-06-11 13:55:10,213 [ERROR] LogOutputStream:75 - [STDERR_REDIRECT] SLF4J: See http://www.slf4j.org/codes.html#StaticLoggerBinder for further details.
