2025-03-21 08:40:04,121 [INFO] Activator:176 - 


2025-03-21 08:40:04,126 [INFO] Activator:177 - !SESSION log4j initialized
2025-03-21 08:40:13,152 [INFO] LogOutputStream:77 - [STDOUT_REDIRECT] 
2025-03-21 08:40:17,040 [INFO] ApplicationProperties:184 - Using Application install path: D:\ITC\STM32\STM32CubeIDE_1.13.0\STM32CubeIDE\plugins\com.st.stm32cube.common.mx_6.9.0.202307051724
2025-03-21 08:40:17,064 [INFO] DbMcusXml:78 - Set database path to: D:\ITC\STM32\STM32CubeIDE_1.13.0\STM32CubeIDE\plugins\com.st.stm32cube.common.mx_6.9.0.202307051724\\db\/mcu/
2025-03-21 08:40:17,064 [INFO] ApiDb:274 - Set plugin database path to: D:\ITC\STM32\STM32CubeIDE_1.13.0\STM32CubeIDE\plugins\com.st.stm32cube.common.mx_6.9.0.202307051724\\db\/plugins/boardmanager/
2025-03-21 08:40:17,065 [WARN] ApiDb:259 - Overriding images path with different value:  => D:\ITC\STM32\STM32CubeIDE_1.13.0\STM32CubeIDE\plugins\com.st.stm32cube.common.mx_6.9.0.202307051724\\db\/plugins/mcufinder/images/
2025-03-21 08:40:17,083 [INFO] ApiDb:250 - Set database path to: C:\Users\msi1\.stmcufinder\plugins\mcufinder//mcu/
2025-03-21 08:40:17,084 [INFO] DbMcusAds:125 - Set database path to: C:\Users\msi1\.stmcufinder\plugins\mcufinder//mcu/
2025-03-21 08:40:17,085 [INFO] CrossReferenceDbSqlite:203 - Set database path to: C:\Users\msi1\.stmcufinder\plugins\mcufinder//mcu/cs/
2025-03-21 08:40:17,205 [INFO] RulesReader:64 - Compatibility file has been processed (293 Rules)
2025-03-21 08:40:17,318 [INFO] DbMcusXml:78 - Set database path to: D:\ITC\STM32\STM32CubeIDE_1.13.0\STM32CubeIDE\plugins\com.st.stm32cube.common.mx_6.9.0.202307051724\\db\/mcu/
2025-03-21 08:40:17,318 [INFO] ApiDb:274 - Set plugin database path to: D:\ITC\STM32\STM32CubeIDE_1.13.0\STM32CubeIDE\plugins\com.st.stm32cube.common.mx_6.9.0.202307051724\\db\/plugins/boardmanager/
2025-03-21 08:40:17,318 [INFO] ApiDb:261 - Set plugin images path to: D:\ITC\STM32\STM32CubeIDE_1.13.0\STM32CubeIDE\plugins\com.st.stm32cube.common.mx_6.9.0.202307051724\\db\/plugins/mcufinder/images/
2025-03-21 08:40:17,319 [WARN] DbFile:41 - Overriding database path with different value: C:\Users\msi1\.stmcufinder\plugins\mcufinder/ => C:\Users\msi1\.stmcufinder\plugins\mcufinder
2025-03-21 08:40:17,319 [INFO] ApiDb:250 - Set database path to: C:\Users\msi1\.stmcufinder\plugins\mcufinder//mcu/
2025-03-21 08:40:17,319 [WARN] DbFile:41 - Overriding database path with different value: C:\Users\msi1\.stmcufinder\plugins\mcufinder/ => C:\Users\msi1\.stmcufinder\plugins\mcufinder
2025-03-21 08:40:17,319 [INFO] DbMcusAds:125 - Set database path to: C:\Users\msi1\.stmcufinder\plugins\mcufinder//mcu/
2025-03-21 08:40:17,319 [WARN] DbFile:41 - Overriding database path with different value: C:\Users\msi1\.stmcufinder\plugins\mcufinder/ => C:\Users\msi1\.stmcufinder\plugins\mcufinder
2025-03-21 08:40:17,319 [WARN] DbFile:41 - Overriding database path with different value: C:\Users\msi1\.stmcufinder\plugins\mcufinder/ => C:\Users\msi1\.stmcufinder\plugins\mcufinder
2025-03-21 08:40:17,319 [INFO] CrossReferenceDbSqlite:203 - Set database path to: C:\Users\msi1\.stmcufinder\plugins\mcufinder//mcu/cs/
2025-03-21 08:40:17,407 [INFO] MainPanel:262 - HeapMemory: 268435456
2025-03-21 08:40:17,560 [INFO] DbMcusXml:78 - Set database path to: D:\ITC\STM32\STM32CubeIDE_1.13.0\STM32CubeIDE\plugins\com.st.stm32cube.common.mx_6.9.0.202307051724\\db\/mcu/
2025-03-21 08:40:17,560 [INFO] ApiDb:274 - Set plugin database path to: D:\ITC\STM32\STM32CubeIDE_1.13.0\STM32CubeIDE\plugins\com.st.stm32cube.common.mx_6.9.0.202307051724\\db\/plugins/boardmanager/
2025-03-21 08:40:17,561 [INFO] ApiDb:261 - Set plugin images path to: D:\ITC\STM32\STM32CubeIDE_1.13.0\STM32CubeIDE\plugins\com.st.stm32cube.common.mx_6.9.0.202307051724\\db\/plugins/mcufinder/images/
2025-03-21 08:40:17,561 [WARN] DbFile:41 - Overriding database path with different value: C:\Users\msi1\.stmcufinder\plugins\mcufinder/ => C:\Users\msi1\.stmcufinder\plugins\mcufinder
2025-03-21 08:40:17,561 [INFO] ApiDb:250 - Set database path to: C:\Users\msi1\.stmcufinder\plugins\mcufinder//mcu/
2025-03-21 08:40:17,561 [WARN] DbFile:41 - Overriding database path with different value: C:\Users\msi1\.stmcufinder\plugins\mcufinder/ => C:\Users\msi1\.stmcufinder\plugins\mcufinder
2025-03-21 08:40:17,561 [INFO] DbMcusAds:125 - Set database path to: C:\Users\msi1\.stmcufinder\plugins\mcufinder//mcu/
2025-03-21 08:40:17,561 [WARN] DbFile:41 - Overriding database path with different value: C:\Users\msi1\.stmcufinder\plugins\mcufinder/ => C:\Users\msi1\.stmcufinder\plugins\mcufinder
2025-03-21 08:40:17,561 [WARN] DbFile:41 - Overriding database path with different value: C:\Users\msi1\.stmcufinder\plugins\mcufinder/ => C:\Users\msi1\.stmcufinder\plugins\mcufinder
2025-03-21 08:40:17,561 [INFO] CrossReferenceDbSqlite:203 - Set database path to: C:\Users\msi1\.stmcufinder\plugins\mcufinder//mcu/cs/
2025-03-21 08:40:17,580 [INFO] ApplicationProperties:184 - Using Application install path: D:\ITC\STM32\STM32CubeIDE_1.13.0\STM32CubeIDE\plugins\com.st.stm32cube.common.mx_6.9.0.202307051724
2025-03-21 08:40:17,581 [INFO] PluginManage:196 - Search for loadable plugins [exclusion list=, ]
2025-03-21 08:40:17,582 [INFO] PluginManage:310 - Check plugin analytics
2025-03-21 08:40:17,745 [INFO] AnalyticsPlugin:253 - Accepted Software Licenses: 
2025-03-21 08:40:17,745 [INFO] AnalyticsPlugin:255 - Accepted CMSIS Pack Licenses: 
2025-03-21 08:40:17,745 [INFO] AnalyticsPlugin:257 - Accepted Firmware Licenses: FW.F4.1.27.0
2025-03-21 08:40:17,747 [INFO] PluginManage:359 - Loaded plugin analytics (category:tool,tabindex:-1)
2025-03-21 08:40:17,748 [INFO] PluginManage:310 - Check plugin cadmodel
2025-03-21 08:40:17,764 [INFO] CADModel:105 - Init CAD model plugin
2025-03-21 08:40:17,764 [INFO] PluginManage:359 - Loaded plugin cadmodel (category:power,tabindex:5)
2025-03-21 08:40:17,765 [INFO] PluginManage:310 - Check plugin clock
2025-03-21 08:40:17,786 [INFO] PluginManage:359 - Loaded plugin clock (category:base,tabindex:2)
2025-03-21 08:40:17,786 [INFO] PluginManage:310 - Check plugin ddr
2025-03-21 08:40:17,788 [INFO] PluginManage:359 - Loaded plugin ddr (category:tool,tabindex:6)
2025-03-21 08:40:17,788 [INFO] PluginManage:310 - Check plugin filemanager
2025-03-21 08:40:17,925 [INFO] PluginManage:359 - Loaded plugin filemanager (category:base,tabindex:10)
2025-03-21 08:40:17,926 [INFO] PluginManage:310 - Check plugin ipmanager
2025-03-21 08:40:17,934 [INFO] PluginManage:359 - Loaded plugin ipmanager (category:base,tabindex:5)
2025-03-21 08:40:17,934 [INFO] PluginManage:310 - Check plugin lpbam
2025-03-21 08:40:17,953 [INFO] PluginManage:359 - Loaded plugin lpbam (category:base,tabindex:0)
2025-03-21 08:40:17,953 [INFO] PluginManage:310 - Check plugin memorymap
2025-03-21 08:40:17,986 [INFO] PluginManage:359 - Loaded plugin memorymap (category:base,tabindex:4)
2025-03-21 08:40:17,986 [INFO] PluginManage:310 - Check plugin pinoutandconfiguration
2025-03-21 08:40:18,009 [INFO] PluginManage:359 - Loaded plugin pinoutandconfiguration (category:base,tabindex:1)
2025-03-21 08:40:18,009 [INFO] PluginManage:310 - Check plugin pinoutconfig
2025-03-21 08:40:18,167 [WARN] SupportedApi:132 - Cannot load RTOS API schema: s4s-elt-must-match.1: The content of 'definitions' must match (annotation?, (simpleType | complexType)?, (unique | key | keyref)*)). A problem was found starting at: attribute.
2025-03-21 08:40:18,338 [INFO] PluginManage:359 - Loaded plugin pinoutconfig (category:base,tabindex:0)
2025-03-21 08:40:18,338 [INFO] PluginManage:310 - Check plugin power
2025-03-21 08:40:18,371 [INFO] PluginManage:359 - Loaded plugin power (category:power,tabindex:4)
2025-03-21 08:40:18,371 [INFO] PluginManage:310 - Check plugin projectmanager
2025-03-21 08:40:18,389 [INFO] PluginManage:359 - Loaded plugin projectmanager (category:projectmanager,tabindex:3)
2025-03-21 08:40:18,389 [INFO] PluginManage:310 - Check plugin thirdparty
2025-03-21 08:40:18,756 [INFO] PluginManage:359 - Loaded plugin thirdparty (category:base,tabindex:-1)
2025-03-21 08:40:18,756 [WARN] IntegrityCheckThread:84 - waiting for thirdparty lock release [integrity check]
2025-03-21 08:40:18,756 [INFO] PluginManage:310 - Check plugin tools
2025-03-21 08:40:18,757 [INFO] IntegrityCheckThread:86 - entering critical section [integrity check]
2025-03-21 08:40:18,757 [INFO] ThirdPartyUpdaterWithRetryManager:70 - Updater plugin not ready yet. [1/15]
2025-03-21 08:40:18,811 [INFO] PluginManage:359 - Loaded plugin tools (category:base,tabindex:7)
2025-03-21 08:40:18,811 [INFO] PluginManage:310 - Check plugin tutovideos
2025-03-21 08:40:19,071 [INFO] PluginManage:359 - Loaded plugin tutovideos (category:base,tabindex:-1)
2025-03-21 08:40:19,071 [INFO] PluginManage:310 - Check plugin updater
2025-03-21 08:40:19,083 [INFO] PluginManage:359 - Loaded plugin updater (category:base,tabindex:12)
2025-03-21 08:40:19,084 [INFO] PluginManage:310 - Check plugin userauth
2025-03-21 08:40:19,089 [INFO] UserAuth:113 - Init User Auth plugin
2025-03-21 08:40:19,089 [INFO] PluginManage:359 - Loaded plugin userauth (category:base,tabindex:14)
2025-03-21 08:40:19,090 [INFO] PluginManage:283 - PluginManage : Loaded plugins [17]
2025-03-21 08:40:19,340 [INFO] PinOutPanel:1499 - setPackage(No Configuration,No Configuration)
2025-03-21 08:40:19,460 [INFO] CADModel:165 - CPN selected for project level
2025-03-21 08:40:19,461 [INFO] CADModel:114 - Register for checkConnection events
2025-03-21 08:40:19,495 [INFO] IPUIPlugin:80 - create IPUIPlugin
2025-03-21 08:40:19,495 [INFO] PluginManager:220 - loadIPPluginJar : add adc
2025-03-21 08:40:19,539 [INFO] IPUIPlugin:80 - create IPUIPlugin
2025-03-21 08:40:19,539 [INFO] PluginManager:220 - loadIPPluginJar : add aes
2025-03-21 08:40:19,607 [INFO] IPUIPlugin:80 - create IPUIPlugin
2025-03-21 08:40:19,607 [INFO] PluginManager:220 - loadIPPluginJar : add can
2025-03-21 08:40:19,661 [INFO] IPUIPlugin:80 - create IPUIPlugin
2025-03-21 08:40:19,662 [INFO] PluginManager:220 - loadIPPluginJar : add comp
2025-03-21 08:40:19,729 [INFO] IPUIPlugin:80 - create IPUIPlugin
2025-03-21 08:40:19,729 [INFO] PluginManager:220 - loadIPPluginJar : add cryp
2025-03-21 08:40:19,787 [INFO] IPUIPlugin:80 - create IPUIPlugin
2025-03-21 08:40:19,787 [INFO] PluginManager:220 - loadIPPluginJar : add dfsdm
2025-03-21 08:40:19,805 [INFO] IPUIPlugin:80 - create IPUIPlugin
2025-03-21 08:40:19,806 [INFO] PluginManager:220 - loadIPPluginJar : add dma
2025-03-21 08:40:19,862 [INFO] IPUIPlugin:80 - create IPUIPlugin
2025-03-21 08:40:19,862 [INFO] PluginManager:220 - loadIPPluginJar : add dma3
2025-03-21 08:40:19,888 [INFO] IPUIPlugin:80 - create IPUIPlugin
2025-03-21 08:40:19,888 [INFO] PluginManager:220 - loadIPPluginJar : add fatfs
2025-03-21 08:40:19,946 [INFO] IPUIPlugin:80 - create IPUIPlugin
2025-03-21 08:40:19,946 [INFO] PluginManager:220 - loadIPPluginJar : add fmc
2025-03-21 08:40:19,962 [INFO] IPUIPlugin:80 - create IPUIPlugin
2025-03-21 08:40:19,962 [INFO] PluginManager:220 - loadIPPluginJar : add freertos
2025-03-21 08:40:19,988 [INFO] IPUIPlugin:80 - create IPUIPlugin
2025-03-21 08:40:19,989 [INFO] PluginManager:220 - loadIPPluginJar : add genericplugin
2025-03-21 08:40:20,162 [INFO] IPUIPlugin:80 - create IPUIPlugin
2025-03-21 08:40:20,163 [INFO] PluginManager:220 - loadIPPluginJar : add gfxmmu
2025-03-21 08:40:20,409 [INFO] IPUIPlugin:80 - create IPUIPlugin
2025-03-21 08:40:20,409 [INFO] PluginManager:220 - loadIPPluginJar : add gic
2025-03-21 08:40:20,433 [INFO] IPUIPlugin:80 - create IPUIPlugin
2025-03-21 08:40:20,433 [INFO] PluginManager:220 - loadIPPluginJar : add gpio
2025-03-21 08:40:20,597 [INFO] IPUIPlugin:80 - create IPUIPlugin
2025-03-21 08:40:20,597 [INFO] PluginManager:220 - loadIPPluginJar : add gtzc
2025-03-21 08:40:20,643 [INFO] IPUIPlugin:80 - create IPUIPlugin
2025-03-21 08:40:20,643 [INFO] PluginManager:220 - loadIPPluginJar : add hash
2025-03-21 08:40:20,705 [INFO] IPUIPlugin:80 - create IPUIPlugin
2025-03-21 08:40:20,705 [INFO] PluginManager:220 - loadIPPluginJar : add i2c
2025-03-21 08:40:20,755 [INFO] IPUIPlugin:80 - create IPUIPlugin
2025-03-21 08:40:20,755 [INFO] PluginManager:220 - loadIPPluginJar : add i2s
2025-03-21 08:40:20,805 [INFO] IPUIPlugin:80 - create IPUIPlugin
2025-03-21 08:40:20,805 [INFO] PluginManager:220 - loadIPPluginJar : add i3c
2025-03-21 08:40:20,925 [INFO] IPUIPlugin:80 - create IPUIPlugin
2025-03-21 08:40:20,925 [INFO] PluginManager:220 - loadIPPluginJar : add ipddr
2025-03-21 08:40:21,015 [INFO] IPUIPlugin:80 - create IPUIPlugin
2025-03-21 08:40:21,015 [INFO] PluginManager:220 - loadIPPluginJar : add linkedlist
2025-03-21 08:40:21,049 [INFO] IPUIPlugin:80 - create IPUIPlugin
2025-03-21 08:40:21,050 [INFO] PluginManager:220 - loadIPPluginJar : add lorawan
2025-03-21 08:40:21,084 [INFO] IPUIPlugin:80 - create IPUIPlugin
2025-03-21 08:40:21,085 [INFO] PluginManager:220 - loadIPPluginJar : add ltdc
2025-03-21 08:40:21,100 [INFO] IPUIPlugin:80 - create IPUIPlugin
2025-03-21 08:40:21,100 [INFO] PluginManager:220 - loadIPPluginJar : add mdma
2025-03-21 08:40:21,114 [INFO] IPUIPlugin:80 - create IPUIPlugin
2025-03-21 08:40:21,114 [INFO] PluginManager:220 - loadIPPluginJar : add nvic
2025-03-21 08:40:21,156 [INFO] IPUIPlugin:80 - create IPUIPlugin
2025-03-21 08:40:21,156 [INFO] PluginManager:220 - loadIPPluginJar : add opamp
2025-03-21 08:40:21,229 [INFO] IPUIPlugin:80 - create IPUIPlugin
2025-03-21 08:40:21,229 [INFO] PluginManager:220 - loadIPPluginJar : add openamp
2025-03-21 08:40:21,291 [INFO] IPUIPlugin:80 - create IPUIPlugin
2025-03-21 08:40:21,291 [INFO] PluginManager:220 - loadIPPluginJar : add pdm2pcm
2025-03-21 08:40:21,308 [INFO] IPUIPlugin:80 - create IPUIPlugin
2025-03-21 08:40:21,310 [INFO] PluginManager:220 - loadIPPluginJar : add plateformsettings
2025-03-21 08:40:21,338 [INFO] IPUIPlugin:80 - create IPUIPlugin
2025-03-21 08:40:21,338 [INFO] PluginManager:220 - loadIPPluginJar : add quadspi
2025-03-21 08:40:21,354 [INFO] IPUIPlugin:80 - create IPUIPlugin
2025-03-21 08:40:21,355 [INFO] PluginManager:220 - loadIPPluginJar : add resmgrutility
2025-03-21 08:40:21,435 [INFO] IPUIPlugin:80 - create IPUIPlugin
2025-03-21 08:40:21,435 [INFO] PluginManager:220 - loadIPPluginJar : add sai
2025-03-21 08:40:21,484 [INFO] IPUIPlugin:80 - create IPUIPlugin
2025-03-21 08:40:21,484 [INFO] PluginManager:220 - loadIPPluginJar : add spi
2025-03-21 08:40:21,550 [INFO] IPUIPlugin:80 - create IPUIPlugin
2025-03-21 08:40:21,551 [INFO] PluginManager:220 - loadIPPluginJar : add stm32_wpan
2025-03-21 08:40:21,584 [INFO] IPUIPlugin:80 - create IPUIPlugin
2025-03-21 08:40:21,584 [INFO] PluginManager:220 - loadIPPluginJar : add tim
2025-03-21 08:40:21,692 [INFO] IPUIPlugin:80 - create IPUIPlugin
2025-03-21 08:40:21,692 [INFO] PluginManager:220 - loadIPPluginJar : add touchsensing
2025-03-21 08:40:21,718 [INFO] IPUIPlugin:80 - create IPUIPlugin
2025-03-21 08:40:21,718 [INFO] PluginManager:220 - loadIPPluginJar : add tracer_emb
2025-03-21 08:40:21,747 [INFO] IPUIPlugin:80 - create IPUIPlugin
2025-03-21 08:40:21,747 [INFO] PluginManager:220 - loadIPPluginJar : add ts
2025-03-21 08:40:21,769 [INFO] ThirdPartyUpdaterWithRetryManager:70 - Updater plugin not ready yet. [2/15]
2025-03-21 08:40:21,777 [INFO] IPUIPlugin:80 - create IPUIPlugin
2025-03-21 08:40:21,778 [INFO] PluginManager:220 - loadIPPluginJar : add tsc
2025-03-21 08:40:21,807 [INFO] IPUIPlugin:80 - create IPUIPlugin
2025-03-21 08:40:21,807 [INFO] PluginManager:220 - loadIPPluginJar : add ucpd
2025-03-21 08:40:21,861 [INFO] IPUIPlugin:80 - create IPUIPlugin
2025-03-21 08:40:21,861 [INFO] PluginManager:220 - loadIPPluginJar : add usart
2025-03-21 08:40:21,908 [INFO] IPUIPlugin:80 - create IPUIPlugin
2025-03-21 08:40:21,908 [INFO] PluginManager:220 - loadIPPluginJar : add usbx
2025-03-21 08:40:22,041 [INFO] CADModel:165 - CPN selected for project level
2025-03-21 08:40:22,041 [INFO] CADModel:114 - Register for checkConnection events
2025-03-21 08:40:22,041 [FATAL] Updater:308 - Updater called before beeing initialized
2025-03-21 08:40:22,041 [ERROR] CADModel:125 - Updater not yet initialized, retry later 
2025-03-21 08:40:22,484 [INFO] CADModel:165 - CPN selected for project level
2025-03-21 08:40:22,485 [INFO] CADModel:114 - Register for checkConnection events
2025-03-21 08:40:22,485 [FATAL] Updater:308 - Updater called before beeing initialized
2025-03-21 08:40:22,486 [ERROR] CADModel:125 - Updater not yet initialized, retry later 
2025-03-21 08:40:22,492 [FATAL] Updater:308 - Updater called before beeing initialized
2025-03-21 08:40:22,676 [FATAL] Updater:308 - Updater called before beeing initialized
2025-03-21 08:40:22,700 [INFO] DbMcusAds:53 - JSON generation date=Thu Mar 06 21:54:21 ICT 2025 (1741272861825)
2025-03-21 08:40:22,701 [FATAL] Updater:308 - Updater called before beeing initialized
2025-03-21 08:40:22,852 [WARN] DetailPanel:346 - Failed to get advertising image, set to default
2025-03-21 08:40:22,969 [FATAL] Updater:308 - Updater called before beeing initialized
2025-03-21 08:40:22,971 [FATAL] Updater:308 - Updater called before beeing initialized
2025-03-21 08:40:22,971 [FATAL] Updater:308 - Updater called before beeing initialized
2025-03-21 08:40:22,971 [WARN] DetailPanel:346 - Failed to get advertising image, set to default
2025-03-21 08:40:22,972 [FATAL] Updater:308 - Updater called before beeing initialized
2025-03-21 08:40:23,066 [ERROR] Updater:1120 - MainUpdater not yet initialized. External WinMGr cannot be set.
2025-03-21 08:40:23,084 [INFO] Updater:1056 - Updater Version found : 6.9.0
2025-03-21 08:40:23,115 [INFO] ApplicationProperties:184 - Using Application install path: D:\ITC\STM32\STM32CubeIDE_1.13.0\STM32CubeIDE\plugins\com.st.stm32cube.common.mx_6.9.0.202307051724
2025-03-21 08:40:23,532 [INFO] MainUpdater:2868 - connection check result : 10
2025-03-21 08:40:23,534 [INFO] MainUpdater:285 - Updater Check For Update Now.
2025-03-21 08:40:23,534 [INFO] MicroXplorer:498 - Change Database Version : DB.6.0.90
2025-03-21 08:40:23,562 [INFO] McuFinderGlobals:63 - Set McuFinder mode to 2 (CubeIDE integrated)
2025-03-21 08:40:23,843 [INFO] CheckServerUpdateThread:120 - End of CheckServer Thread
2025-03-21 08:40:25,263 [WARN] PackLoader:240 - Cannot read IP mode file for STMicroelectronics.FP-SNS-MOTENVWB1.1.4.0
2025-03-21 08:40:25,290 [WARN] PackLoader:240 - Cannot read IP mode file for STMicroelectronics.FP-ATR-ASTRA1.2.0.2
2025-03-21 08:40:25,306 [WARN] PackLoader:240 - Cannot read IP mode file for STMicroelectronics.FP-ATR-ASTRA1.2.0.1
2025-03-21 08:40:25,325 [WARN] PackLoader:240 - Cannot read IP mode file for STMicroelectronics.X-CUBE-SMBUS.2.1.0
2025-03-21 08:40:25,346 [WARN] PackLoader:240 - Cannot read IP mode file for STMicroelectronics.X-CUBE-WB05N.1.1.0
2025-03-21 08:40:25,368 [WARN] PackLoader:240 - Cannot read IP mode file for STMicroelectronics.X-CUBE-TOUCHGFX.4.23.0
2025-03-21 08:40:25,384 [WARN] PackLoader:240 - Cannot read IP mode file for STMicroelectronics.X-CUBE-TOUCHGFX.4.23.2
2025-03-21 08:40:25,446 [WARN] PackLoader:240 - Cannot read IP mode file for STMicroelectronics.X-CUBE-AZRTOS-F7.1.1.0
2025-03-21 08:40:25,466 [ERROR] RealEvaluatedCondition:428 - Found unsupported composite condition: CLASS='Data Exchange' GROUP='STM32_MetaDataManager'
2025-03-21 08:40:25,466 [ERROR] RealEvaluatedCondition:428 - Found unsupported composite condition: GROUP='STM32_MetaDataManager' CLASS='Data Exchange'
2025-03-21 08:40:25,468 [WARN] PackLoader:240 - Cannot read IP mode file for STMicroelectronics.FP-SNS-MOTENV1.4.3.0
2025-03-21 08:40:25,489 [WARN] PackLoader:240 - Cannot read IP mode file for STMicroelectronics.FP-SNS-MOTENV1.4.3.2
2025-03-21 08:40:25,508 [WARN] PackLoader:240 - Cannot read IP mode file for STMicroelectronics.FP-SNS-FLIGHT1.5.0.0
2025-03-21 08:40:25,525 [WARN] PackLoader:240 - Cannot read IP mode file for STMicroelectronics.X-CUBE-BLE1.6.2.4
2025-03-21 08:40:25,547 [WARN] PackLoader:240 - Cannot read IP mode file for STMicroelectronics.FP-SNS-FLIGHT1.5.0.2
2025-03-21 08:40:25,575 [ERROR] Engine:466 - C:\Users\msi1\.stm32cubemx\thirdparties\pdsc\Infineon.AIROC-Wi-Fi-Bluetooth-STM32.1.7.0.pdsc: PDSC version is not supported
2025-03-21 08:40:25,597 [WARN] PackLoader:240 - Cannot read IP mode file for STMicroelectronics.X-CUBE-DISPLAY.3.0.0
2025-03-21 08:40:25,621 [WARN] PackLoader:240 - Cannot read IP mode file for STMicroelectronics.X-CUBE-BLE1.7.0.0
2025-03-21 08:40:25,643 [WARN] PackLoader:240 - Cannot read IP mode file for STMicroelectronics.X-CUBE-NFC10.1.0.0
2025-03-21 08:40:25,660 [ERROR] Engine:466 - C:\Users\msi1\.stm32cubemx\thirdparties\pdsc\STMicroelectronics.X-CUBE-BLEMGR.4.0.0.pdsc: PDSC version is not supported
2025-03-21 08:40:25,676 [WARN] PackLoader:240 - Cannot read IP mode file for emotas.I-CUBE-CANOPEN.1.3.0
2025-03-21 08:40:25,692 [WARN] PackLoader:240 - Cannot read IP mode file for STMicroelectronics.X-CUBE-TOUCHGFX.4.22.0
2025-03-21 08:40:25,707 [WARN] PackLoader:240 - Cannot read IP mode file for STMicroelectronics.X-CUBE-TOUCHGFX.4.22.1
2025-03-21 08:40:25,730 [WARN] PackLoader:240 - Cannot read IP mode file for STMicroelectronics.X-CUBE-BLEMGR.3.1.0
2025-03-21 08:40:25,747 [WARN] PackLoader:240 - Cannot read IP mode file for STMicroelectronics.X-CUBE-AI.10.0.0
2025-03-21 08:40:25,763 [WARN] PackLoader:240 - Cannot read IP mode file for STMicroelectronics.FP-SNS-SMARTAG2.1.2.0
2025-03-21 08:40:25,777 [ERROR] Engine:466 - C:\Users\msi1\.stm32cubemx\thirdparties\pdsc\STMicroelectronics.FP-SNS-FLIGHT1.5.1.0.pdsc: PDSC version is not supported
2025-03-21 08:40:25,863 [WARN] PackLoader:240 - Cannot read IP mode file for STMicroelectronics.X-CUBE-MEMS1.11.1.0
2025-03-21 08:40:26,054 [INFO] LogOutputStream:77 - [STDOUT_REDIRECT] 1 : Invalid condition id : UX_CORESTACK_Condition cause : null
2025-03-21 08:40:26,054 [INFO] LogOutputStream:77 - [STDOUT_REDIRECT] 1 : Invalid condition id : UX_CORESTACK_Condition cause : null
2025-03-21 08:40:26,056 [INFO] LogOutputStream:77 - [STDOUT_REDIRECT] 1 : Invalid condition id : UX_CORESTACK_Condition cause : null
2025-03-21 08:40:26,057 [INFO] LogOutputStream:77 - [STDOUT_REDIRECT] 1 : Invalid condition id : UX_CORESTACK_Condition cause : null
2025-03-21 08:40:26,058 [INFO] LogOutputStream:77 - [STDOUT_REDIRECT] 1 : Invalid condition id : UX_CORESTACK_Condition cause : null
2025-03-21 08:40:26,061 [WARN] PackLoader:240 - Cannot read IP mode file for STMicroelectronics.X-CUBE-AZRTOS-WL.2.0.0
2025-03-21 08:40:26,079 [WARN] PackLoader:240 - Cannot read IP mode file for STMicroelectronics.FP-SNS-MOTENV1.5.0.0
2025-03-21 08:40:26,105 [WARN] PackLoader:240 - Cannot read IP mode file for wolfSSL.I-CUBE-wolfMQTT.1.19.0
2025-03-21 08:40:26,129 [WARN] PackLoader:240 - Cannot read IP mode file for WES.I-CUBE-Cesium.1.3.0
2025-03-21 08:40:26,149 [WARN] PackLoader:240 - Cannot read IP mode file for STMicroelectronics.X-CUBE-BLE2.3.3.0
2025-03-21 08:40:26,179 [WARN] PackLoader:240 - Cannot read IP mode file for STMicroelectronics.X-CUBE-NFC9.1.0.0
2025-03-21 08:40:26,194 [WARN] PackLoader:240 - Cannot read IP mode file for STMicroelectronics.X-CUBE-BLE1.7.1.0
2025-03-21 08:40:26,214 [WARN] PackLoader:240 - Cannot read IP mode file for STMicroelectronics.X-CUBE-TCPP.4.1.0
2025-03-21 08:40:26,229 [WARN] PackLoader:240 - Cannot read IP mode file for STMicroelectronics.X-CUBE-TOUCHGFX.4.21.4
2025-03-21 08:40:26,248 [WARN] PackLoader:240 - Cannot read IP mode file for STMicroelectronics.X-CUBE-ALGOBUILD.1.3.0
2025-03-21 08:40:26,279 [WARN] PackLoader:240 - Cannot read IP mode file for STMicroelectronics.X-CUBE-AZRTOS-G0.1.1.0
2025-03-21 08:40:26,299 [WARN] PackLoader:240 - Cannot read IP mode file for STMicroelectronics.X-CUBE-SAFEA1.1.2.2
2025-03-21 08:40:26,321 [WARN] PackLoader:240 - Cannot read IP mode file for STMicroelectronics.X-CUBE-NFC4.3.0.0
2025-03-21 08:40:26,338 [WARN] PackLoader:240 - Cannot read IP mode file for wolfSSL.I-CUBE-wolfMQTT.1.18.0
2025-03-21 08:40:26,352 [ERROR] Engine:466 - C:\Users\msi1\.stm32cubemx\thirdparties\pdsc\EmbeddedOffice.I-CUBE-FS-RTOS.1.0.1.pdsc: PDSC version is not supported
2025-03-21 08:40:26,371 [WARN] PackLoader:240 - Cannot read IP mode file for STMicroelectronics.X-CUBE-BLEMGR.3.0.0
2025-03-21 08:40:26,388 [ERROR] Engine:466 - C:\Users\msi1\.stm32cubemx\thirdparties\pdsc\STMicroelectronics.X-CUBE-TCPP.4.2.0.pdsc: PDSC version is not supported
2025-03-21 08:40:26,400 [ERROR] Engine:466 - C:\Users\msi1\.stm32cubemx\thirdparties\pdsc\RealThread.X-CUBE-RT-Thread_Nano.4.1.1.pdsc: PDSC version is not supported
2025-03-21 08:40:26,417 [WARN] PackLoader:240 - Cannot read IP mode file for STMicroelectronics.FP-ATR-SIGFOX1.3.2.0
2025-03-21 08:40:26,431 [ERROR] Engine:466 - C:\Users\msi1\.stm32cubemx\thirdparties\pdsc\quantropi.X-CUBE-qispace-sdk-base.1.9.3.pdsc: PDSC version is not supported
2025-03-21 08:40:26,451 [WARN] PackLoader:240 - Cannot read IP mode file for STMicroelectronics.X-CUBE-EEPRMA1.5.1.0
2025-03-21 08:40:26,464 [WARN] PackLoader:240 - Cannot read IP mode file for wolfSSL.I-CUBE-wolfSSL.5.7.6
2025-03-21 08:40:26,478 [WARN] PackLoader:240 - Cannot read IP mode file for ITTIA_DB.I-CUBE-ITTIADB.8.9.0
2025-03-21 08:40:26,513 [WARN] PackLoader:240 - Cannot read IP mode file for SEGGER.I-CUBE-embOS.1.3.1
2025-03-21 08:40:26,557 [WARN] PackLoader:240 - Cannot read IP mode file for STMicroelectronics.X-CUBE-ALGOBUILD.1.4.0
2025-03-21 08:40:26,571 [WARN] PackLoader:240 - Cannot read IP mode file for STMicroelectronics.X-CUBE-AI.9.1.0
2025-03-21 08:40:26,584 [WARN] PackLoader:240 - Cannot read IP mode file for STMicroelectronics.X-CUBE-GNSS1.6.0.0
2025-03-21 08:40:26,615 [WARN] PackLoader:240 - Cannot read IP mode file for STMicroelectronics.X-CUBE-AZRTOS-F4.1.1.0
2025-03-21 08:40:26,630 [WARN] PackLoader:240 - Cannot read IP mode file for wolfSSL.I-CUBE-wolfSSL.5.6.0
2025-03-21 08:40:26,644 [WARN] PackLoader:240 - Cannot read IP mode file for STMicroelectronics.X-CUBE-ISPU.2.1.0
2025-03-21 08:40:26,658 [WARN] PackLoader:240 - Cannot read IP mode file for STMicroelectronics.X-CUBE-FREERTOS.1.2.0
2025-03-21 08:40:26,692 [WARN] PackLoader:240 - Cannot read IP mode file for STMicroelectronics.X-CUBE-AZRTOS-L5.2.0.0
2025-03-21 08:40:26,761 [WARN] PackLoader:240 - Cannot read IP mode file for STMicroelectronics.X-CUBE-MEMS1.9.6.0
2025-03-21 08:40:26,978 [WARN] PackLoader:240 - Cannot read IP mode file for STMicroelectronics.X-CUBE-EEPRMA1.4.2.0
2025-03-21 08:40:27,004 [WARN] PackLoader:240 - Cannot read IP mode file for STMicroelectronics.X-CUBE-NFC6.3.1.0
2025-03-21 08:40:27,020 [WARN] PackLoader:240 - Cannot read IP mode file for ITTIA_DB.I-CUBE-ITTIADB.8.8.0
2025-03-21 08:40:27,035 [WARN] PackLoader:240 - Cannot read IP mode file for emotas.I-CUBE-CANOPEN.1.1.3
2025-03-21 08:40:27,060 [WARN] PackLoader:240 - Cannot read IP mode file for STMicroelectronics.X-CUBE-BLEMGR.2.0.0
2025-03-21 08:40:27,083 [ERROR] Engine:466 - C:\Users\msi1\.stm32cubemx\thirdparties\pdsc\STMicroelectronics.X-CUBE-DPower.1.2.0.pdsc: PDSC version is not supported
2025-03-21 08:40:27,102 [WARN] PackLoader:240 - Cannot read IP mode file for STMicroelectronics.X-CUBE-AI.9.0.0
2025-03-21 08:40:27,145 [WARN] ConditionMgr:438 - getConditionDescription Invalid condition id : UX DEVICE CLASS RTOS Condition cause : null
2025-03-21 08:40:27,145 [WARN] ConditionMgr:438 - getConditionDescription Invalid condition id : UX DEVICE CLASS RTOS Condition cause : null
2025-03-21 08:40:27,149 [WARN] PackLoader:240 - Cannot read IP mode file for STMicroelectronics.X-CUBE-AZRTOS-H7.3.1.0
2025-03-21 08:40:27,150 [WARN] ConditionMgr:1039 - genDependencies : Invalid condition id : UX DEVICE CLASS RTOS Condition cause : null
2025-03-21 08:40:27,150 [WARN] ConditionMgr:1039 - genDependencies : Invalid condition id : UX DEVICE CLASS RTOS Condition cause : null
2025-03-21 08:40:27,151 [WARN] ConditionMgr:1039 - genDependencies : Invalid condition id : UX DEVICE CLASS RTOS Condition cause : null
2025-03-21 08:40:27,151 [WARN] ConditionMgr:1039 - genDependencies : Invalid condition id : UX DEVICE CLASS RTOS Condition cause : null
2025-03-21 08:40:27,151 [WARN] ConditionMgr:1039 - genDependencies : Invalid condition id : UX DEVICE CLASS RTOS Condition cause : null
2025-03-21 08:40:27,165 [WARN] PackLoader:240 - Cannot read IP mode file for STMicroelectronics.X-CUBE-FREERTOS.1.3.0
2025-03-21 08:40:27,179 [WARN] PackLoader:240 - Cannot read IP mode file for STMicroelectronics.X-CUBE-NFC7.1.0.1
2025-03-21 08:40:27,204 [WARN] PackLoader:240 - Cannot read IP mode file for STMicroelectronics.X-CUBE-NFC7.1.0.0
2025-03-21 08:40:27,219 [WARN] PackLoader:240 - Cannot read IP mode file for wolfSSL.I-CUBE-wolfTPM.3.2.0
2025-03-21 08:40:27,236 [WARN] PackLoader:240 - Cannot read IP mode file for STMicroelectronics.X-CUBE-NFC6.3.0.0
2025-03-21 08:40:27,253 [WARN] PackLoader:240 - Cannot read IP mode file for STMicroelectronics.X-CUBE-EEPRMA1.4.1.0
2025-03-21 08:40:27,267 [WARN] PackLoader:240 - Cannot read IP mode file for STMicroelectronics.X-CUBE-AI.8.1.0
2025-03-21 08:40:27,299 [WARN] ConditionMgr:438 - getConditionDescription Invalid condition id : LAN8742 Phy interface Condition cause : null
2025-03-21 08:40:27,299 [WARN] PackLoader:240 - Cannot read IP mode file for STMicroelectronics.X-CUBE-AZRTOS-L4.2.0.0
2025-03-21 08:40:27,301 [WARN] ConditionMgr:1039 - genDependencies : Invalid condition id : LAN8742 Phy interface Condition cause : null
2025-03-21 08:40:27,301 [WARN] ConditionMgr:1039 - genDependencies : Invalid condition id : LAN8742 Phy interface Condition cause : null
2025-03-21 08:40:27,301 [WARN] ConditionMgr:1039 - genDependencies : Invalid condition id : LAN8742 Phy interface Condition cause : null
2025-03-21 08:40:27,319 [WARN] PackLoader:240 - Cannot read IP mode file for STMicroelectronics.X-CUBE-SFXS2LP1.4.0.0
2025-03-21 08:40:27,334 [WARN] PackLoader:240 - Cannot read IP mode file for STMicroelectronics.X-CUBE-ISPU.1.1.0
2025-03-21 08:40:27,363 [WARN] PackLoader:240 - Cannot read IP mode file for STMicroelectronics.X-CUBE-AZRTOS-H7.3.3.0
2025-03-21 08:40:27,381 [ERROR] Engine:466 - C:\Users\msi1\.stm32cubemx\thirdparties\pdsc\STMicroelectronics.X-CUBE-IPS.3.0.0.pdsc: PDSC version is not supported
2025-03-21 08:40:27,412 [WARN] ConditionMgr:438 - getConditionDescription Invalid condition id : UX DEVICE CLASS RTOS Condition cause : null
2025-03-21 08:40:27,412 [WARN] ConditionMgr:438 - getConditionDescription Invalid condition id : UX DEVICE CLASS RTOS Condition cause : null
2025-03-21 08:40:27,416 [WARN] PackLoader:240 - Cannot read IP mode file for STMicroelectronics.X-CUBE-AZRTOS-WB.2.0.0
2025-03-21 08:40:27,417 [WARN] ConditionMgr:1039 - genDependencies : Invalid condition id : UX DEVICE CLASS RTOS Condition cause : null
2025-03-21 08:40:27,417 [WARN] ConditionMgr:1039 - genDependencies : Invalid condition id : UX DEVICE CLASS RTOS Condition cause : null
2025-03-21 08:40:27,417 [WARN] ConditionMgr:1039 - genDependencies : Invalid condition id : UX DEVICE CLASS RTOS Condition cause : null
2025-03-21 08:40:27,417 [WARN] ConditionMgr:1039 - genDependencies : Invalid condition id : UX DEVICE CLASS RTOS Condition cause : null
2025-03-21 08:40:27,417 [WARN] ConditionMgr:1039 - genDependencies : Invalid condition id : UX DEVICE CLASS RTOS Condition cause : null
2025-03-21 08:40:27,434 [WARN] PackLoader:240 - Cannot read IP mode file for STMicroelectronics.X-CUBE-FREERTOS.1.0.1
2025-03-21 08:40:27,455 [WARN] PackLoader:240 - Cannot read IP mode file for STMicroelectronics.X-CUBE-GNSS1.7.0.1
2025-03-21 08:40:27,474 [WARN] PackLoader:240 - Cannot read IP mode file for STMicroelectronics.X-CUBE-TOUCHGFX.4.25.0
2025-03-21 08:40:27,487 [ERROR] Engine:466 - C:\Users\msi1\.stm32cubemx\thirdparties\pdsc\STMicroelectronics.FP-SNS-STBOX1.2.0.0.pdsc: PDSC version is not supported
2025-03-21 08:40:27,518 [WARN] PackLoader:240 - Cannot read IP mode file for STMicroelectronics.X-CUBE-AZRTOS-L5.1.1.0
2025-03-21 08:40:27,537 [WARN] PackLoader:240 - Cannot read IP mode file for STMicroelectronics.X-CUBE-AI.8.0.1
2025-03-21 08:40:27,557 [WARN] PackLoader:240 - Cannot read IP mode file for STMicroelectronics.X-CUBE-SUBG2.5.0.0
2025-03-21 08:40:27,572 [WARN] PackLoader:240 - Cannot read IP mode file for Cesanta.I-CUBE-Mongoose.7.13.0
2025-03-21 08:40:27,591 [WARN] PackLoader:240 - Cannot read IP mode file for STMicroelectronics.X-CUBE-TOF1.3.3.1
2025-03-21 08:40:27,621 [WARN] PackLoader:240 - Cannot read IP mode file for STMicroelectronics.X-CUBE-AZRTOS-G4.2.0.0
2025-03-21 08:40:27,643 [WARN] PackLoader:240 - Cannot read IP mode file for STMicroelectronics.X-CUBE-TOF1.3.3.0
2025-03-21 08:40:27,677 [WARN] PackLoader:240 - Cannot read IP mode file for Infineon.AIROC-Wi-Fi-Bluetooth-STM32.1.5.1
2025-03-21 08:40:27,693 [WARN] PackLoader:240 - Cannot read IP mode file for STMicroelectronics.FP-SNS-MOTENVWB1.1.3.0
2025-03-21 08:40:27,707 [WARN] PackLoader:240 - Cannot read IP mode file for STMicroelectronics.FP-SNS-MOTENVWB1.1.3.1
2025-03-21 08:40:27,736 [WARN] PackLoader:240 - Cannot read IP mode file for STMicroelectronics.X-CUBE-AZRTOS-L4.1.0.0
2025-03-21 08:40:27,754 [WARN] PackLoader:240 - Cannot read IP mode file for STMicroelectronics.X-CUBE-ISPU.2.0.0
2025-03-21 08:40:27,778 [ERROR] Engine:466 - C:\Users\msi1\.stm32cubemx\thirdparties\pdsc\STMicroelectronics.X-CUBE-IPS.3.1.0.pdsc: PDSC version is not supported
2025-03-21 08:40:27,797 [WARN] PackLoader:240 - Cannot read IP mode file for STMicroelectronics.X-CUBE-ALS.1.0.2
2025-03-21 08:40:27,879 [WARN] PackLoader:240 - Cannot read IP mode file for STMicroelectronics.X-CUBE-MEMS1.10.0.0
2025-03-21 08:40:27,974 [WARN] PackLoader:240 - Cannot read IP mode file for STMicroelectronics.X-CUBE-FREERTOS.1.1.0
2025-03-21 08:40:27,986 [WARN] PackLoader:240 - Cannot read IP mode file for STMicroelectronics.X-CUBE-TOUCHGFX.4.24.0
2025-03-21 08:40:27,998 [WARN] PackLoader:240 - Cannot read IP mode file for STMicroelectronics.X-CUBE-TOUCHGFX.4.24.2
2025-03-21 08:40:28,018 [WARN] PackLoader:240 - Cannot read IP mode file for STMicroelectronics.X-CUBE-AZRTOS-WL.1.0.0
2025-03-21 08:40:28,034 [WARN] PackLoader:240 - Cannot read IP mode file for STMicroelectronics.X-CUBE-TOUCHGFX.4.24.1
2025-03-21 08:40:28,048 [WARN] PackLoader:240 - Cannot read IP mode file for wolfSSL.I-CUBE-wolfTPM.3.4.0
2025-03-21 08:40:28,062 [WARN] PackLoader:240 - Cannot read IP mode file for portGmbH.I-Cube-SoM-uGOAL.1.1.0
2025-03-21 08:40:28,073 [WARN] PackLoader:240 - Cannot read IP mode file for STMicroelectronics.X-CUBE-ALS.1.0.1
2025-03-21 08:40:28,097 [WARN] PackLoader:240 - Cannot read IP mode file for STMicroelectronics.X-CUBE-AZRTOS-WB.1.1.0
2025-03-21 08:40:28,124 [WARN] PackLoader:240 - Cannot read IP mode file for STMicroelectronics.X-CUBE-AZRTOS-H7RS.1.0.0
2025-03-21 08:40:28,139 [WARN] PackLoader:240 - Cannot read IP mode file for STMicroelectronics.FP-ATR-ASTRA1.2.0.0
2025-03-21 08:40:28,156 [ERROR] Engine:466 - C:\Users\msi1\.stm32cubemx\thirdparties\pdsc\STMicroelectronics.X-CUBE-TOF1.3.4.2.pdsc: PDSC version is not supported
2025-03-21 08:40:28,181 [WARN] PackLoader:240 - Cannot read IP mode file for STMicroelectronics.X-CUBE-TOF1.3.4.0
2025-03-21 08:40:28,208 [WARN] PackLoader:240 - Cannot read IP mode file for STMicroelectronics.X-CUBE-TOF1.3.4.1
2025-03-21 08:40:28,240 [WARN] PackLoader:240 - Cannot read IP mode file for STMicroelectronics.X-CUBE-AZRTOS-H7.3.2.0
2025-03-21 08:40:28,258 [WARN] PackLoader:240 - Cannot read IP mode file for wolfSSL.I-CUBE-wolfSSH.1.4.17
2025-03-21 08:40:28,259 [INFO] ThirdParty:978 - Integrity check success = true
2025-03-21 08:40:28,259 [INFO] IntegrityCheckThread:100 - exiting critical section [integrity check]
2025-03-21 08:40:28,259 [INFO] IntegrityCheckThread:103 - End integrity checks thread
2025-03-21 08:40:45,934 [ERROR] LogOutputStream:75 - [STDERR_REDIRECT] SLF4J: Failed to load class "org.slf4j.impl.StaticLoggerBinder".
2025-03-21 08:40:45,935 [ERROR] LogOutputStream:75 - [STDERR_REDIRECT] SLF4J: Defaulting to no-operation (NOP) logger implementation
2025-03-21 08:40:45,937 [ERROR] LogOutputStream:75 - [STDERR_REDIRECT] SLF4J: See http://www.slf4j.org/codes.html#StaticLoggerBinder for further details.
2025-03-21 15:02:14,339 [INFO] Activator:176 - 


2025-03-21 15:02:14,341 [INFO] Activator:177 - !SESSION log4j initialized
2025-03-21 15:02:22,365 [INFO] LogOutputStream:77 - [STDOUT_REDIRECT] 
2025-03-21 15:02:25,114 [INFO] ApplicationProperties:184 - Using Application install path: D:\ITC\STM32\STM32CubeIDE_1.13.0\STM32CubeIDE\plugins\com.st.stm32cube.common.mx_6.9.0.202307051724
2025-03-21 15:02:25,132 [INFO] DbMcusXml:78 - Set database path to: D:\ITC\STM32\STM32CubeIDE_1.13.0\STM32CubeIDE\plugins\com.st.stm32cube.common.mx_6.9.0.202307051724\\db\/mcu/
2025-03-21 15:02:25,133 [INFO] ApiDb:274 - Set plugin database path to: D:\ITC\STM32\STM32CubeIDE_1.13.0\STM32CubeIDE\plugins\com.st.stm32cube.common.mx_6.9.0.202307051724\\db\/plugins/boardmanager/
2025-03-21 15:02:25,133 [WARN] ApiDb:259 - Overriding images path with different value:  => D:\ITC\STM32\STM32CubeIDE_1.13.0\STM32CubeIDE\plugins\com.st.stm32cube.common.mx_6.9.0.202307051724\\db\/plugins/mcufinder/images/
2025-03-21 15:02:25,146 [INFO] ApiDb:250 - Set database path to: C:\Users\msi1\.stmcufinder\plugins\mcufinder//mcu/
2025-03-21 15:02:25,147 [INFO] DbMcusAds:125 - Set database path to: C:\Users\msi1\.stmcufinder\plugins\mcufinder//mcu/
2025-03-21 15:02:25,148 [INFO] CrossReferenceDbSqlite:203 - Set database path to: C:\Users\msi1\.stmcufinder\plugins\mcufinder//mcu/cs/
2025-03-21 15:02:25,258 [INFO] RulesReader:64 - Compatibility file has been processed (293 Rules)
2025-03-21 15:02:25,336 [INFO] DbMcusXml:78 - Set database path to: D:\ITC\STM32\STM32CubeIDE_1.13.0\STM32CubeIDE\plugins\com.st.stm32cube.common.mx_6.9.0.202307051724\\db\/mcu/
2025-03-21 15:02:25,336 [INFO] ApiDb:274 - Set plugin database path to: D:\ITC\STM32\STM32CubeIDE_1.13.0\STM32CubeIDE\plugins\com.st.stm32cube.common.mx_6.9.0.202307051724\\db\/plugins/boardmanager/
2025-03-21 15:02:25,336 [INFO] ApiDb:261 - Set plugin images path to: D:\ITC\STM32\STM32CubeIDE_1.13.0\STM32CubeIDE\plugins\com.st.stm32cube.common.mx_6.9.0.202307051724\\db\/plugins/mcufinder/images/
2025-03-21 15:02:25,336 [WARN] DbFile:41 - Overriding database path with different value: C:\Users\msi1\.stmcufinder\plugins\mcufinder/ => C:\Users\msi1\.stmcufinder\plugins\mcufinder
2025-03-21 15:02:25,337 [INFO] ApiDb:250 - Set database path to: C:\Users\msi1\.stmcufinder\plugins\mcufinder//mcu/
2025-03-21 15:02:25,337 [WARN] DbFile:41 - Overriding database path with different value: C:\Users\msi1\.stmcufinder\plugins\mcufinder/ => C:\Users\msi1\.stmcufinder\plugins\mcufinder
2025-03-21 15:02:25,337 [INFO] DbMcusAds:125 - Set database path to: C:\Users\msi1\.stmcufinder\plugins\mcufinder//mcu/
2025-03-21 15:02:25,337 [WARN] DbFile:41 - Overriding database path with different value: C:\Users\msi1\.stmcufinder\plugins\mcufinder/ => C:\Users\msi1\.stmcufinder\plugins\mcufinder
2025-03-21 15:02:25,337 [WARN] DbFile:41 - Overriding database path with different value: C:\Users\msi1\.stmcufinder\plugins\mcufinder/ => C:\Users\msi1\.stmcufinder\plugins\mcufinder
2025-03-21 15:02:25,337 [INFO] CrossReferenceDbSqlite:203 - Set database path to: C:\Users\msi1\.stmcufinder\plugins\mcufinder//mcu/cs/
2025-03-21 15:02:25,418 [INFO] MainPanel:262 - HeapMemory: 268435456
2025-03-21 15:02:25,508 [INFO] DbMcusXml:78 - Set database path to: D:\ITC\STM32\STM32CubeIDE_1.13.0\STM32CubeIDE\plugins\com.st.stm32cube.common.mx_6.9.0.202307051724\\db\/mcu/
2025-03-21 15:02:25,508 [INFO] ApiDb:274 - Set plugin database path to: D:\ITC\STM32\STM32CubeIDE_1.13.0\STM32CubeIDE\plugins\com.st.stm32cube.common.mx_6.9.0.202307051724\\db\/plugins/boardmanager/
2025-03-21 15:02:25,508 [INFO] ApiDb:261 - Set plugin images path to: D:\ITC\STM32\STM32CubeIDE_1.13.0\STM32CubeIDE\plugins\com.st.stm32cube.common.mx_6.9.0.202307051724\\db\/plugins/mcufinder/images/
2025-03-21 15:02:25,508 [WARN] DbFile:41 - Overriding database path with different value: C:\Users\msi1\.stmcufinder\plugins\mcufinder/ => C:\Users\msi1\.stmcufinder\plugins\mcufinder
2025-03-21 15:02:25,508 [INFO] ApiDb:250 - Set database path to: C:\Users\msi1\.stmcufinder\plugins\mcufinder//mcu/
2025-03-21 15:02:25,508 [WARN] DbFile:41 - Overriding database path with different value: C:\Users\msi1\.stmcufinder\plugins\mcufinder/ => C:\Users\msi1\.stmcufinder\plugins\mcufinder
2025-03-21 15:02:25,508 [INFO] DbMcusAds:125 - Set database path to: C:\Users\msi1\.stmcufinder\plugins\mcufinder//mcu/
2025-03-21 15:02:25,508 [WARN] DbFile:41 - Overriding database path with different value: C:\Users\msi1\.stmcufinder\plugins\mcufinder/ => C:\Users\msi1\.stmcufinder\plugins\mcufinder
2025-03-21 15:02:25,508 [WARN] DbFile:41 - Overriding database path with different value: C:\Users\msi1\.stmcufinder\plugins\mcufinder/ => C:\Users\msi1\.stmcufinder\plugins\mcufinder
2025-03-21 15:02:25,509 [INFO] CrossReferenceDbSqlite:203 - Set database path to: C:\Users\msi1\.stmcufinder\plugins\mcufinder//mcu/cs/
2025-03-21 15:02:25,525 [INFO] ApplicationProperties:184 - Using Application install path: D:\ITC\STM32\STM32CubeIDE_1.13.0\STM32CubeIDE\plugins\com.st.stm32cube.common.mx_6.9.0.202307051724
2025-03-21 15:02:25,527 [INFO] PluginManage:196 - Search for loadable plugins [exclusion list=, ]
2025-03-21 15:02:25,528 [INFO] PluginManage:310 - Check plugin analytics
2025-03-21 15:02:25,654 [INFO] AnalyticsPlugin:253 - Accepted Software Licenses: 
2025-03-21 15:02:25,654 [INFO] AnalyticsPlugin:255 - Accepted CMSIS Pack Licenses: 
2025-03-21 15:02:25,654 [INFO] AnalyticsPlugin:257 - Accepted Firmware Licenses: FW.F4.1.27.0
2025-03-21 15:02:25,656 [INFO] PluginManage:359 - Loaded plugin analytics (category:tool,tabindex:-1)
2025-03-21 15:02:25,657 [INFO] PluginManage:310 - Check plugin cadmodel
2025-03-21 15:02:25,671 [INFO] CADModel:105 - Init CAD model plugin
2025-03-21 15:02:25,671 [INFO] PluginManage:359 - Loaded plugin cadmodel (category:power,tabindex:5)
2025-03-21 15:02:25,672 [INFO] PluginManage:310 - Check plugin clock
2025-03-21 15:02:25,690 [INFO] PluginManage:359 - Loaded plugin clock (category:base,tabindex:2)
2025-03-21 15:02:25,690 [INFO] PluginManage:310 - Check plugin ddr
2025-03-21 15:02:25,692 [INFO] PluginManage:359 - Loaded plugin ddr (category:tool,tabindex:6)
2025-03-21 15:02:25,692 [INFO] PluginManage:310 - Check plugin filemanager
2025-03-21 15:02:25,830 [INFO] PluginManage:359 - Loaded plugin filemanager (category:base,tabindex:10)
2025-03-21 15:02:25,830 [INFO] PluginManage:310 - Check plugin ipmanager
2025-03-21 15:02:25,839 [INFO] PluginManage:359 - Loaded plugin ipmanager (category:base,tabindex:5)
2025-03-21 15:02:25,839 [INFO] PluginManage:310 - Check plugin lpbam
2025-03-21 15:02:25,859 [INFO] PluginManage:359 - Loaded plugin lpbam (category:base,tabindex:0)
2025-03-21 15:02:25,859 [INFO] PluginManage:310 - Check plugin memorymap
2025-03-21 15:02:25,891 [INFO] PluginManage:359 - Loaded plugin memorymap (category:base,tabindex:4)
2025-03-21 15:02:25,891 [INFO] PluginManage:310 - Check plugin pinoutandconfiguration
2025-03-21 15:02:25,909 [INFO] PluginManage:359 - Loaded plugin pinoutandconfiguration (category:base,tabindex:1)
2025-03-21 15:02:25,909 [INFO] PluginManage:310 - Check plugin pinoutconfig
2025-03-21 15:02:26,005 [WARN] SupportedApi:132 - Cannot load RTOS API schema: s4s-elt-must-match.1: The content of 'definitions' must match (annotation?, (simpleType | complexType)?, (unique | key | keyref)*)). A problem was found starting at: attribute.
2025-03-21 15:02:26,117 [INFO] PluginManage:359 - Loaded plugin pinoutconfig (category:base,tabindex:0)
2025-03-21 15:02:26,117 [INFO] PluginManage:310 - Check plugin power
2025-03-21 15:02:26,142 [INFO] PluginManage:359 - Loaded plugin power (category:power,tabindex:4)
2025-03-21 15:02:26,142 [INFO] PluginManage:310 - Check plugin projectmanager
2025-03-21 15:02:26,155 [INFO] PluginManage:359 - Loaded plugin projectmanager (category:projectmanager,tabindex:3)
2025-03-21 15:02:26,155 [INFO] PluginManage:310 - Check plugin thirdparty
2025-03-21 15:02:26,433 [INFO] PluginManage:359 - Loaded plugin thirdparty (category:base,tabindex:-1)
2025-03-21 15:02:26,434 [INFO] PluginManage:310 - Check plugin tools
2025-03-21 15:02:26,434 [WARN] IntegrityCheckThread:84 - waiting for thirdparty lock release [integrity check]
2025-03-21 15:02:26,434 [INFO] IntegrityCheckThread:86 - entering critical section [integrity check]
2025-03-21 15:02:26,434 [INFO] ThirdPartyUpdaterWithRetryManager:70 - Updater plugin not ready yet. [1/15]
2025-03-21 15:02:26,469 [INFO] PluginManage:359 - Loaded plugin tools (category:base,tabindex:7)
2025-03-21 15:02:26,469 [INFO] PluginManage:310 - Check plugin tutovideos
2025-03-21 15:02:26,669 [INFO] PluginManage:359 - Loaded plugin tutovideos (category:base,tabindex:-1)
2025-03-21 15:02:26,669 [INFO] PluginManage:310 - Check plugin updater
2025-03-21 15:02:26,680 [INFO] PluginManage:359 - Loaded plugin updater (category:base,tabindex:12)
2025-03-21 15:02:26,680 [INFO] PluginManage:310 - Check plugin userauth
2025-03-21 15:02:26,686 [INFO] UserAuth:113 - Init User Auth plugin
2025-03-21 15:02:26,687 [INFO] PluginManage:359 - Loaded plugin userauth (category:base,tabindex:14)
2025-03-21 15:02:26,687 [INFO] PluginManage:283 - PluginManage : Loaded plugins [17]
2025-03-21 15:02:26,886 [INFO] PinOutPanel:1499 - setPackage(No Configuration,No Configuration)
2025-03-21 15:02:26,979 [INFO] CADModel:165 - CPN selected for project level
2025-03-21 15:02:26,979 [INFO] CADModel:114 - Register for checkConnection events
2025-03-21 15:02:27,005 [INFO] IPUIPlugin:80 - create IPUIPlugin
2025-03-21 15:02:27,005 [INFO] PluginManager:220 - loadIPPluginJar : add adc
2025-03-21 15:02:27,041 [INFO] IPUIPlugin:80 - create IPUIPlugin
2025-03-21 15:02:27,041 [INFO] PluginManager:220 - loadIPPluginJar : add aes
2025-03-21 15:02:27,081 [INFO] IPUIPlugin:80 - create IPUIPlugin
2025-03-21 15:02:27,081 [INFO] PluginManager:220 - loadIPPluginJar : add can
2025-03-21 15:02:27,105 [INFO] IPUIPlugin:80 - create IPUIPlugin
2025-03-21 15:02:27,105 [INFO] PluginManager:220 - loadIPPluginJar : add comp
2025-03-21 15:02:27,138 [INFO] IPUIPlugin:80 - create IPUIPlugin
2025-03-21 15:02:27,138 [INFO] PluginManager:220 - loadIPPluginJar : add cryp
2025-03-21 15:02:27,170 [INFO] IPUIPlugin:80 - create IPUIPlugin
2025-03-21 15:02:27,170 [INFO] PluginManager:220 - loadIPPluginJar : add dfsdm
2025-03-21 15:02:27,184 [INFO] IPUIPlugin:80 - create IPUIPlugin
2025-03-21 15:02:27,185 [INFO] PluginManager:220 - loadIPPluginJar : add dma
2025-03-21 15:02:27,226 [INFO] IPUIPlugin:80 - create IPUIPlugin
2025-03-21 15:02:27,226 [INFO] PluginManager:220 - loadIPPluginJar : add dma3
2025-03-21 15:02:27,247 [INFO] IPUIPlugin:80 - create IPUIPlugin
2025-03-21 15:02:27,247 [INFO] PluginManager:220 - loadIPPluginJar : add fatfs
2025-03-21 15:02:27,294 [INFO] IPUIPlugin:80 - create IPUIPlugin
2025-03-21 15:02:27,294 [INFO] PluginManager:220 - loadIPPluginJar : add fmc
2025-03-21 15:02:27,308 [INFO] IPUIPlugin:80 - create IPUIPlugin
2025-03-21 15:02:27,309 [INFO] PluginManager:220 - loadIPPluginJar : add freertos
2025-03-21 15:02:27,330 [INFO] IPUIPlugin:80 - create IPUIPlugin
2025-03-21 15:02:27,330 [INFO] PluginManager:220 - loadIPPluginJar : add genericplugin
2025-03-21 15:02:27,417 [INFO] IPUIPlugin:80 - create IPUIPlugin
2025-03-21 15:02:27,417 [INFO] PluginManager:220 - loadIPPluginJar : add gfxmmu
2025-03-21 15:02:27,539 [INFO] IPUIPlugin:80 - create IPUIPlugin
2025-03-21 15:02:27,539 [INFO] PluginManager:220 - loadIPPluginJar : add gic
2025-03-21 15:02:27,553 [INFO] IPUIPlugin:80 - create IPUIPlugin
2025-03-21 15:02:27,553 [INFO] PluginManager:220 - loadIPPluginJar : add gpio
2025-03-21 15:02:27,639 [INFO] IPUIPlugin:80 - create IPUIPlugin
2025-03-21 15:02:27,640 [INFO] PluginManager:220 - loadIPPluginJar : add gtzc
2025-03-21 15:02:27,674 [INFO] IPUIPlugin:80 - create IPUIPlugin
2025-03-21 15:02:27,675 [INFO] PluginManager:220 - loadIPPluginJar : add hash
2025-03-21 15:02:27,723 [INFO] IPUIPlugin:80 - create IPUIPlugin
2025-03-21 15:02:27,723 [INFO] PluginManager:220 - loadIPPluginJar : add i2c
2025-03-21 15:02:27,761 [INFO] IPUIPlugin:80 - create IPUIPlugin
2025-03-21 15:02:27,761 [INFO] PluginManager:220 - loadIPPluginJar : add i2s
2025-03-21 15:02:27,801 [INFO] IPUIPlugin:80 - create IPUIPlugin
2025-03-21 15:02:27,801 [INFO] PluginManager:220 - loadIPPluginJar : add i3c
2025-03-21 15:02:27,921 [INFO] IPUIPlugin:80 - create IPUIPlugin
2025-03-21 15:02:27,921 [INFO] PluginManager:220 - loadIPPluginJar : add ipddr
2025-03-21 15:02:28,024 [INFO] IPUIPlugin:80 - create IPUIPlugin
2025-03-21 15:02:28,024 [INFO] PluginManager:220 - loadIPPluginJar : add linkedlist
2025-03-21 15:02:28,059 [INFO] IPUIPlugin:80 - create IPUIPlugin
2025-03-21 15:02:28,059 [INFO] PluginManager:220 - loadIPPluginJar : add lorawan
2025-03-21 15:02:28,096 [INFO] IPUIPlugin:80 - create IPUIPlugin
2025-03-21 15:02:28,097 [INFO] PluginManager:220 - loadIPPluginJar : add ltdc
2025-03-21 15:02:28,113 [INFO] IPUIPlugin:80 - create IPUIPlugin
2025-03-21 15:02:28,114 [INFO] PluginManager:220 - loadIPPluginJar : add mdma
2025-03-21 15:02:28,128 [INFO] IPUIPlugin:80 - create IPUIPlugin
2025-03-21 15:02:28,128 [INFO] PluginManager:220 - loadIPPluginJar : add nvic
2025-03-21 15:02:28,165 [INFO] IPUIPlugin:80 - create IPUIPlugin
2025-03-21 15:02:28,165 [INFO] PluginManager:220 - loadIPPluginJar : add opamp
2025-03-21 15:02:28,223 [INFO] IPUIPlugin:80 - create IPUIPlugin
2025-03-21 15:02:28,223 [INFO] PluginManager:220 - loadIPPluginJar : add openamp
2025-03-21 15:02:28,268 [INFO] IPUIPlugin:80 - create IPUIPlugin
2025-03-21 15:02:28,268 [INFO] PluginManager:220 - loadIPPluginJar : add pdm2pcm
2025-03-21 15:02:28,284 [INFO] IPUIPlugin:80 - create IPUIPlugin
2025-03-21 15:02:28,286 [INFO] PluginManager:220 - loadIPPluginJar : add plateformsettings
2025-03-21 15:02:28,309 [INFO] IPUIPlugin:80 - create IPUIPlugin
2025-03-21 15:02:28,309 [INFO] PluginManager:220 - loadIPPluginJar : add quadspi
2025-03-21 15:02:28,324 [INFO] IPUIPlugin:80 - create IPUIPlugin
2025-03-21 15:02:28,324 [INFO] PluginManager:220 - loadIPPluginJar : add resmgrutility
2025-03-21 15:02:28,388 [INFO] IPUIPlugin:80 - create IPUIPlugin
2025-03-21 15:02:28,388 [INFO] PluginManager:220 - loadIPPluginJar : add sai
2025-03-21 15:02:28,426 [INFO] IPUIPlugin:80 - create IPUIPlugin
2025-03-21 15:02:28,426 [INFO] PluginManager:220 - loadIPPluginJar : add spi
2025-03-21 15:02:28,482 [INFO] IPUIPlugin:80 - create IPUIPlugin
2025-03-21 15:02:28,482 [INFO] PluginManager:220 - loadIPPluginJar : add stm32_wpan
2025-03-21 15:02:28,507 [INFO] IPUIPlugin:80 - create IPUIPlugin
2025-03-21 15:02:28,507 [INFO] PluginManager:220 - loadIPPluginJar : add tim
2025-03-21 15:02:28,565 [INFO] IPUIPlugin:80 - create IPUIPlugin
2025-03-21 15:02:28,565 [INFO] PluginManager:220 - loadIPPluginJar : add touchsensing
2025-03-21 15:02:28,589 [INFO] IPUIPlugin:80 - create IPUIPlugin
2025-03-21 15:02:28,590 [INFO] PluginManager:220 - loadIPPluginJar : add tracer_emb
2025-03-21 15:02:28,613 [INFO] IPUIPlugin:80 - create IPUIPlugin
2025-03-21 15:02:28,613 [INFO] PluginManager:220 - loadIPPluginJar : add ts
2025-03-21 15:02:28,637 [INFO] IPUIPlugin:80 - create IPUIPlugin
2025-03-21 15:02:28,637 [INFO] PluginManager:220 - loadIPPluginJar : add tsc
2025-03-21 15:02:28,660 [INFO] IPUIPlugin:80 - create IPUIPlugin
2025-03-21 15:02:28,660 [INFO] PluginManager:220 - loadIPPluginJar : add ucpd
2025-03-21 15:02:28,703 [INFO] IPUIPlugin:80 - create IPUIPlugin
2025-03-21 15:02:28,703 [INFO] PluginManager:220 - loadIPPluginJar : add usart
2025-03-21 15:02:28,746 [INFO] IPUIPlugin:80 - create IPUIPlugin
2025-03-21 15:02:28,746 [INFO] PluginManager:220 - loadIPPluginJar : add usbx
2025-03-21 15:02:28,869 [INFO] CADModel:165 - CPN selected for project level
2025-03-21 15:02:28,869 [INFO] CADModel:114 - Register for checkConnection events
2025-03-21 15:02:28,869 [FATAL] Updater:308 - Updater called before beeing initialized
2025-03-21 15:02:28,869 [ERROR] CADModel:125 - Updater not yet initialized, retry later 
2025-03-21 15:02:29,017 [INFO] CADModel:165 - CPN selected for project level
2025-03-21 15:02:29,017 [INFO] CADModel:114 - Register for checkConnection events
2025-03-21 15:02:29,017 [FATAL] Updater:308 - Updater called before beeing initialized
2025-03-21 15:02:29,017 [ERROR] CADModel:125 - Updater not yet initialized, retry later 
2025-03-21 15:02:29,020 [FATAL] Updater:308 - Updater called before beeing initialized
2025-03-21 15:02:29,124 [FATAL] Updater:308 - Updater called before beeing initialized
2025-03-21 15:02:29,137 [INFO] DbMcusAds:53 - JSON generation date=Thu Mar 06 21:54:21 ICT 2025 (1741272861825)
2025-03-21 15:02:29,137 [FATAL] Updater:308 - Updater called before beeing initialized
2025-03-21 15:02:29,222 [WARN] DetailPanel:346 - Failed to get advertising image, set to default
2025-03-21 15:02:29,333 [FATAL] Updater:308 - Updater called before beeing initialized
2025-03-21 15:02:29,336 [FATAL] Updater:308 - Updater called before beeing initialized
2025-03-21 15:02:29,336 [FATAL] Updater:308 - Updater called before beeing initialized
2025-03-21 15:02:29,336 [WARN] DetailPanel:346 - Failed to get advertising image, set to default
2025-03-21 15:02:29,337 [FATAL] Updater:308 - Updater called before beeing initialized
2025-03-21 15:02:29,389 [ERROR] Updater:1120 - MainUpdater not yet initialized. External WinMGr cannot be set.
2025-03-21 15:02:29,399 [INFO] Updater:1056 - Updater Version found : 6.9.0
2025-03-21 15:02:29,415 [INFO] ApplicationProperties:184 - Using Application install path: D:\ITC\STM32\STM32CubeIDE_1.13.0\STM32CubeIDE\plugins\com.st.stm32cube.common.mx_6.9.0.202307051724
2025-03-21 15:02:29,448 [INFO] ThirdPartyUpdaterWithRetryManager:70 - Updater plugin not ready yet. [2/15]
2025-03-21 15:02:29,766 [INFO] MainUpdater:2868 - connection check result : 10
2025-03-21 15:02:29,767 [INFO] MainUpdater:285 - Updater Check For Update Now.
2025-03-21 15:02:29,767 [INFO] MicroXplorer:498 - Change Database Version : DB.6.0.90
2025-03-21 15:02:29,788 [INFO] McuFinderGlobals:63 - Set McuFinder mode to 2 (CubeIDE integrated)
2025-03-21 15:02:30,060 [INFO] CheckServerUpdateThread:120 - End of CheckServer Thread
2025-03-21 15:02:32,756 [WARN] PackLoader:240 - Cannot read IP mode file for STMicroelectronics.FP-SNS-MOTENVWB1.1.4.0
2025-03-21 15:02:32,772 [WARN] PackLoader:240 - Cannot read IP mode file for STMicroelectronics.FP-ATR-ASTRA1.2.0.2
2025-03-21 15:02:32,787 [WARN] PackLoader:240 - Cannot read IP mode file for STMicroelectronics.FP-ATR-ASTRA1.2.0.1
2025-03-21 15:02:32,801 [WARN] PackLoader:240 - Cannot read IP mode file for STMicroelectronics.X-CUBE-SMBUS.2.1.0
2025-03-21 15:02:32,821 [WARN] PackLoader:240 - Cannot read IP mode file for STMicroelectronics.X-CUBE-WB05N.1.1.0
2025-03-21 15:02:32,840 [WARN] PackLoader:240 - Cannot read IP mode file for STMicroelectronics.X-CUBE-TOUCHGFX.4.23.0
2025-03-21 15:02:32,855 [WARN] PackLoader:240 - Cannot read IP mode file for STMicroelectronics.X-CUBE-TOUCHGFX.4.23.2
2025-03-21 15:02:32,906 [WARN] PackLoader:240 - Cannot read IP mode file for STMicroelectronics.X-CUBE-AZRTOS-F7.1.1.0
2025-03-21 15:02:32,928 [ERROR] RealEvaluatedCondition:428 - Found unsupported composite condition: CLASS='Data Exchange' GROUP='STM32_MetaDataManager'
2025-03-21 15:02:32,928 [ERROR] RealEvaluatedCondition:428 - Found unsupported composite condition: GROUP='STM32_MetaDataManager' CLASS='Data Exchange'
2025-03-21 15:02:32,930 [WARN] PackLoader:240 - Cannot read IP mode file for STMicroelectronics.FP-SNS-MOTENV1.4.3.0
2025-03-21 15:02:32,950 [WARN] PackLoader:240 - Cannot read IP mode file for STMicroelectronics.FP-SNS-MOTENV1.4.3.2
2025-03-21 15:02:32,969 [WARN] PackLoader:240 - Cannot read IP mode file for STMicroelectronics.FP-SNS-FLIGHT1.5.0.0
2025-03-21 15:02:32,987 [WARN] PackLoader:240 - Cannot read IP mode file for STMicroelectronics.X-CUBE-BLE1.6.2.4
2025-03-21 15:02:33,004 [WARN] PackLoader:240 - Cannot read IP mode file for STMicroelectronics.FP-SNS-FLIGHT1.5.0.2
2025-03-21 15:02:33,028 [ERROR] Engine:466 - C:\Users\msi1\.stm32cubemx\thirdparties\pdsc\Infineon.AIROC-Wi-Fi-Bluetooth-STM32.1.7.0.pdsc: PDSC version is not supported
2025-03-21 15:02:33,047 [WARN] PackLoader:240 - Cannot read IP mode file for STMicroelectronics.X-CUBE-DISPLAY.3.0.0
2025-03-21 15:02:33,068 [WARN] PackLoader:240 - Cannot read IP mode file for STMicroelectronics.X-CUBE-BLE1.7.0.0
2025-03-21 15:02:33,083 [WARN] PackLoader:240 - Cannot read IP mode file for STMicroelectronics.X-CUBE-NFC10.1.0.0
2025-03-21 15:02:33,099 [ERROR] Engine:466 - C:\Users\msi1\.stm32cubemx\thirdparties\pdsc\STMicroelectronics.X-CUBE-BLEMGR.4.0.0.pdsc: PDSC version is not supported
2025-03-21 15:02:33,114 [WARN] PackLoader:240 - Cannot read IP mode file for emotas.I-CUBE-CANOPEN.1.3.0
2025-03-21 15:02:33,131 [WARN] PackLoader:240 - Cannot read IP mode file for STMicroelectronics.X-CUBE-TOUCHGFX.4.22.0
2025-03-21 15:02:33,146 [WARN] PackLoader:240 - Cannot read IP mode file for STMicroelectronics.X-CUBE-TOUCHGFX.4.22.1
2025-03-21 15:02:33,165 [WARN] PackLoader:240 - Cannot read IP mode file for STMicroelectronics.X-CUBE-BLEMGR.3.1.0
2025-03-21 15:02:33,183 [WARN] PackLoader:240 - Cannot read IP mode file for STMicroelectronics.X-CUBE-AI.10.0.0
2025-03-21 15:02:33,199 [WARN] PackLoader:240 - Cannot read IP mode file for STMicroelectronics.FP-SNS-SMARTAG2.1.2.0
2025-03-21 15:02:33,211 [ERROR] Engine:466 - C:\Users\msi1\.stm32cubemx\thirdparties\pdsc\STMicroelectronics.FP-SNS-FLIGHT1.5.1.0.pdsc: PDSC version is not supported
2025-03-21 15:02:33,283 [WARN] PackLoader:240 - Cannot read IP mode file for STMicroelectronics.X-CUBE-MEMS1.11.1.0
2025-03-21 15:02:33,446 [INFO] LogOutputStream:77 - [STDOUT_REDIRECT] 1 : Invalid condition id : UX_CORESTACK_Condition cause : null
2025-03-21 15:02:33,447 [INFO] LogOutputStream:77 - [STDOUT_REDIRECT] 1 : Invalid condition id : UX_CORESTACK_Condition cause : null
2025-03-21 15:02:33,448 [INFO] LogOutputStream:77 - [STDOUT_REDIRECT] 1 : Invalid condition id : UX_CORESTACK_Condition cause : null
2025-03-21 15:02:33,449 [INFO] LogOutputStream:77 - [STDOUT_REDIRECT] 1 : Invalid condition id : UX_CORESTACK_Condition cause : null
2025-03-21 15:02:33,451 [INFO] LogOutputStream:77 - [STDOUT_REDIRECT] 1 : Invalid condition id : UX_CORESTACK_Condition cause : null
2025-03-21 15:02:33,454 [WARN] PackLoader:240 - Cannot read IP mode file for STMicroelectronics.X-CUBE-AZRTOS-WL.2.0.0
2025-03-21 15:02:33,473 [WARN] PackLoader:240 - Cannot read IP mode file for STMicroelectronics.FP-SNS-MOTENV1.5.0.0
2025-03-21 15:02:33,487 [WARN] PackLoader:240 - Cannot read IP mode file for wolfSSL.I-CUBE-wolfMQTT.1.19.0
2025-03-21 15:02:33,505 [WARN] PackLoader:240 - Cannot read IP mode file for WES.I-CUBE-Cesium.1.3.0
2025-03-21 15:02:33,522 [WARN] PackLoader:240 - Cannot read IP mode file for STMicroelectronics.X-CUBE-BLE2.3.3.0
2025-03-21 15:02:33,539 [WARN] PackLoader:240 - Cannot read IP mode file for STMicroelectronics.X-CUBE-NFC9.1.0.0
2025-03-21 15:02:33,555 [WARN] PackLoader:240 - Cannot read IP mode file for STMicroelectronics.X-CUBE-BLE1.7.1.0
2025-03-21 15:02:33,572 [WARN] PackLoader:240 - Cannot read IP mode file for STMicroelectronics.X-CUBE-TCPP.4.1.0
2025-03-21 15:02:33,591 [WARN] PackLoader:240 - Cannot read IP mode file for STMicroelectronics.X-CUBE-TOUCHGFX.4.21.4
2025-03-21 15:02:33,605 [WARN] PackLoader:240 - Cannot read IP mode file for STMicroelectronics.X-CUBE-ALGOBUILD.1.3.0
2025-03-21 15:02:33,635 [WARN] PackLoader:240 - Cannot read IP mode file for STMicroelectronics.X-CUBE-AZRTOS-G0.1.1.0
2025-03-21 15:02:33,653 [WARN] PackLoader:240 - Cannot read IP mode file for STMicroelectronics.X-CUBE-SAFEA1.1.2.2
2025-03-21 15:02:33,669 [WARN] PackLoader:240 - Cannot read IP mode file for STMicroelectronics.X-CUBE-NFC4.3.0.0
2025-03-21 15:02:33,685 [WARN] PackLoader:240 - Cannot read IP mode file for wolfSSL.I-CUBE-wolfMQTT.1.18.0
2025-03-21 15:02:33,699 [ERROR] Engine:466 - C:\Users\msi1\.stm32cubemx\thirdparties\pdsc\EmbeddedOffice.I-CUBE-FS-RTOS.1.0.1.pdsc: PDSC version is not supported
2025-03-21 15:02:33,719 [WARN] PackLoader:240 - Cannot read IP mode file for STMicroelectronics.X-CUBE-BLEMGR.3.0.0
2025-03-21 15:02:33,737 [ERROR] Engine:466 - C:\Users\msi1\.stm32cubemx\thirdparties\pdsc\STMicroelectronics.X-CUBE-TCPP.4.2.0.pdsc: PDSC version is not supported
2025-03-21 15:02:33,749 [ERROR] Engine:466 - C:\Users\msi1\.stm32cubemx\thirdparties\pdsc\RealThread.X-CUBE-RT-Thread_Nano.4.1.1.pdsc: PDSC version is not supported
2025-03-21 15:02:33,764 [WARN] PackLoader:240 - Cannot read IP mode file for STMicroelectronics.FP-ATR-SIGFOX1.3.2.0
2025-03-21 15:02:33,777 [ERROR] Engine:466 - C:\Users\msi1\.stm32cubemx\thirdparties\pdsc\quantropi.X-CUBE-qispace-sdk-base.1.9.3.pdsc: PDSC version is not supported
2025-03-21 15:02:33,793 [WARN] PackLoader:240 - Cannot read IP mode file for STMicroelectronics.X-CUBE-EEPRMA1.5.1.0
2025-03-21 15:02:33,810 [WARN] PackLoader:240 - Cannot read IP mode file for wolfSSL.I-CUBE-wolfSSL.5.7.6
2025-03-21 15:02:33,829 [WARN] PackLoader:240 - Cannot read IP mode file for ITTIA_DB.I-CUBE-ITTIADB.8.9.0
2025-03-21 15:02:33,872 [WARN] PackLoader:240 - Cannot read IP mode file for SEGGER.I-CUBE-embOS.1.3.1
2025-03-21 15:02:33,919 [WARN] PackLoader:240 - Cannot read IP mode file for STMicroelectronics.X-CUBE-ALGOBUILD.1.4.0
2025-03-21 15:02:33,935 [WARN] PackLoader:240 - Cannot read IP mode file for STMicroelectronics.X-CUBE-AI.9.1.0
2025-03-21 15:02:33,949 [WARN] PackLoader:240 - Cannot read IP mode file for STMicroelectronics.X-CUBE-GNSS1.6.0.0
2025-03-21 15:02:33,978 [WARN] PackLoader:240 - Cannot read IP mode file for STMicroelectronics.X-CUBE-AZRTOS-F4.1.1.0
2025-03-21 15:02:33,992 [WARN] PackLoader:240 - Cannot read IP mode file for wolfSSL.I-CUBE-wolfSSL.5.6.0
2025-03-21 15:02:34,006 [WARN] PackLoader:240 - Cannot read IP mode file for STMicroelectronics.X-CUBE-ISPU.2.1.0
2025-03-21 15:02:34,023 [WARN] PackLoader:240 - Cannot read IP mode file for STMicroelectronics.X-CUBE-FREERTOS.1.2.0
2025-03-21 15:02:34,050 [WARN] PackLoader:240 - Cannot read IP mode file for STMicroelectronics.X-CUBE-AZRTOS-L5.2.0.0
2025-03-21 15:02:34,109 [WARN] PackLoader:240 - Cannot read IP mode file for STMicroelectronics.X-CUBE-MEMS1.9.6.0
2025-03-21 15:02:34,258 [WARN] PackLoader:240 - Cannot read IP mode file for STMicroelectronics.X-CUBE-EEPRMA1.4.2.0
2025-03-21 15:02:34,276 [WARN] PackLoader:240 - Cannot read IP mode file for STMicroelectronics.X-CUBE-NFC6.3.1.0
2025-03-21 15:02:34,294 [WARN] PackLoader:240 - Cannot read IP mode file for ITTIA_DB.I-CUBE-ITTIADB.8.8.0
2025-03-21 15:02:34,311 [WARN] PackLoader:240 - Cannot read IP mode file for emotas.I-CUBE-CANOPEN.1.1.3
2025-03-21 15:02:34,331 [WARN] PackLoader:240 - Cannot read IP mode file for STMicroelectronics.X-CUBE-BLEMGR.2.0.0
2025-03-21 15:02:34,348 [ERROR] Engine:466 - C:\Users\msi1\.stm32cubemx\thirdparties\pdsc\STMicroelectronics.X-CUBE-DPower.1.2.0.pdsc: PDSC version is not supported
2025-03-21 15:02:34,362 [WARN] PackLoader:240 - Cannot read IP mode file for STMicroelectronics.X-CUBE-AI.9.0.0
2025-03-21 15:02:34,391 [WARN] ConditionMgr:438 - getConditionDescription Invalid condition id : UX DEVICE CLASS RTOS Condition cause : null
2025-03-21 15:02:34,392 [WARN] ConditionMgr:438 - getConditionDescription Invalid condition id : UX DEVICE CLASS RTOS Condition cause : null
2025-03-21 15:02:34,395 [WARN] PackLoader:240 - Cannot read IP mode file for STMicroelectronics.X-CUBE-AZRTOS-H7.3.1.0
2025-03-21 15:02:34,396 [WARN] ConditionMgr:1039 - genDependencies : Invalid condition id : UX DEVICE CLASS RTOS Condition cause : null
2025-03-21 15:02:34,396 [WARN] ConditionMgr:1039 - genDependencies : Invalid condition id : UX DEVICE CLASS RTOS Condition cause : null
2025-03-21 15:02:34,397 [WARN] ConditionMgr:1039 - genDependencies : Invalid condition id : UX DEVICE CLASS RTOS Condition cause : null
2025-03-21 15:02:34,397 [WARN] ConditionMgr:1039 - genDependencies : Invalid condition id : UX DEVICE CLASS RTOS Condition cause : null
2025-03-21 15:02:34,397 [WARN] ConditionMgr:1039 - genDependencies : Invalid condition id : UX DEVICE CLASS RTOS Condition cause : null
2025-03-21 15:02:34,413 [WARN] PackLoader:240 - Cannot read IP mode file for STMicroelectronics.X-CUBE-FREERTOS.1.3.0
2025-03-21 15:02:34,429 [WARN] PackLoader:240 - Cannot read IP mode file for STMicroelectronics.X-CUBE-NFC7.1.0.1
2025-03-21 15:02:34,444 [WARN] PackLoader:240 - Cannot read IP mode file for STMicroelectronics.X-CUBE-NFC7.1.0.0
2025-03-21 15:02:34,458 [WARN] PackLoader:240 - Cannot read IP mode file for wolfSSL.I-CUBE-wolfTPM.3.2.0
2025-03-21 15:02:34,476 [WARN] PackLoader:240 - Cannot read IP mode file for STMicroelectronics.X-CUBE-NFC6.3.0.0
2025-03-21 15:02:34,494 [WARN] PackLoader:240 - Cannot read IP mode file for STMicroelectronics.X-CUBE-EEPRMA1.4.1.0
2025-03-21 15:02:34,507 [WARN] PackLoader:240 - Cannot read IP mode file for STMicroelectronics.X-CUBE-AI.8.1.0
2025-03-21 15:02:34,543 [WARN] ConditionMgr:438 - getConditionDescription Invalid condition id : LAN8742 Phy interface Condition cause : null
2025-03-21 15:02:34,543 [WARN] PackLoader:240 - Cannot read IP mode file for STMicroelectronics.X-CUBE-AZRTOS-L4.2.0.0
2025-03-21 15:02:34,544 [WARN] ConditionMgr:1039 - genDependencies : Invalid condition id : LAN8742 Phy interface Condition cause : null
2025-03-21 15:02:34,544 [WARN] ConditionMgr:1039 - genDependencies : Invalid condition id : LAN8742 Phy interface Condition cause : null
2025-03-21 15:02:34,545 [WARN] ConditionMgr:1039 - genDependencies : Invalid condition id : LAN8742 Phy interface Condition cause : null
2025-03-21 15:02:34,563 [WARN] PackLoader:240 - Cannot read IP mode file for STMicroelectronics.X-CUBE-SFXS2LP1.4.0.0
2025-03-21 15:02:34,580 [WARN] PackLoader:240 - Cannot read IP mode file for STMicroelectronics.X-CUBE-ISPU.1.1.0
2025-03-21 15:02:34,617 [WARN] PackLoader:240 - Cannot read IP mode file for STMicroelectronics.X-CUBE-AZRTOS-H7.3.3.0
2025-03-21 15:02:34,636 [ERROR] Engine:466 - C:\Users\msi1\.stm32cubemx\thirdparties\pdsc\STMicroelectronics.X-CUBE-IPS.3.0.0.pdsc: PDSC version is not supported
2025-03-21 15:02:34,659 [WARN] ConditionMgr:438 - getConditionDescription Invalid condition id : UX DEVICE CLASS RTOS Condition cause : null
2025-03-21 15:02:34,660 [WARN] ConditionMgr:438 - getConditionDescription Invalid condition id : UX DEVICE CLASS RTOS Condition cause : null
2025-03-21 15:02:34,668 [WARN] PackLoader:240 - Cannot read IP mode file for STMicroelectronics.X-CUBE-AZRTOS-WB.2.0.0
2025-03-21 15:02:34,669 [WARN] ConditionMgr:1039 - genDependencies : Invalid condition id : UX DEVICE CLASS RTOS Condition cause : null
2025-03-21 15:02:34,669 [WARN] ConditionMgr:1039 - genDependencies : Invalid condition id : UX DEVICE CLASS RTOS Condition cause : null
2025-03-21 15:02:34,670 [WARN] ConditionMgr:1039 - genDependencies : Invalid condition id : UX DEVICE CLASS RTOS Condition cause : null
2025-03-21 15:02:34,670 [WARN] ConditionMgr:1039 - genDependencies : Invalid condition id : UX DEVICE CLASS RTOS Condition cause : null
2025-03-21 15:02:34,670 [WARN] ConditionMgr:1039 - genDependencies : Invalid condition id : UX DEVICE CLASS RTOS Condition cause : null
2025-03-21 15:02:34,686 [WARN] PackLoader:240 - Cannot read IP mode file for STMicroelectronics.X-CUBE-FREERTOS.1.0.1
2025-03-21 15:02:34,700 [WARN] PackLoader:240 - Cannot read IP mode file for STMicroelectronics.X-CUBE-GNSS1.7.0.1
2025-03-21 15:02:34,715 [WARN] PackLoader:240 - Cannot read IP mode file for STMicroelectronics.X-CUBE-TOUCHGFX.4.25.0
2025-03-21 15:02:34,732 [ERROR] Engine:466 - C:\Users\msi1\.stm32cubemx\thirdparties\pdsc\STMicroelectronics.FP-SNS-STBOX1.2.0.0.pdsc: PDSC version is not supported
2025-03-21 15:02:34,759 [WARN] PackLoader:240 - Cannot read IP mode file for STMicroelectronics.X-CUBE-AZRTOS-L5.1.1.0
2025-03-21 15:02:34,775 [WARN] PackLoader:240 - Cannot read IP mode file for STMicroelectronics.X-CUBE-AI.8.0.1
2025-03-21 15:02:34,797 [WARN] PackLoader:240 - Cannot read IP mode file for STMicroelectronics.X-CUBE-SUBG2.5.0.0
2025-03-21 15:02:34,816 [WARN] PackLoader:240 - Cannot read IP mode file for Cesanta.I-CUBE-Mongoose.7.13.0
2025-03-21 15:02:34,835 [WARN] PackLoader:240 - Cannot read IP mode file for STMicroelectronics.X-CUBE-TOF1.3.3.1
2025-03-21 15:02:34,871 [WARN] PackLoader:240 - Cannot read IP mode file for STMicroelectronics.X-CUBE-AZRTOS-G4.2.0.0
2025-03-21 15:02:34,892 [WARN] PackLoader:240 - Cannot read IP mode file for STMicroelectronics.X-CUBE-TOF1.3.3.0
2025-03-21 15:02:34,923 [WARN] PackLoader:240 - Cannot read IP mode file for Infineon.AIROC-Wi-Fi-Bluetooth-STM32.1.5.1
2025-03-21 15:02:34,942 [WARN] PackLoader:240 - Cannot read IP mode file for STMicroelectronics.FP-SNS-MOTENVWB1.1.3.0
2025-03-21 15:02:34,959 [WARN] PackLoader:240 - Cannot read IP mode file for STMicroelectronics.FP-SNS-MOTENVWB1.1.3.1
2025-03-21 15:02:34,984 [WARN] PackLoader:240 - Cannot read IP mode file for STMicroelectronics.X-CUBE-AZRTOS-L4.1.0.0
2025-03-21 15:02:35,002 [WARN] PackLoader:240 - Cannot read IP mode file for STMicroelectronics.X-CUBE-ISPU.2.0.0
2025-03-21 15:02:35,016 [ERROR] Engine:466 - C:\Users\msi1\.stm32cubemx\thirdparties\pdsc\STMicroelectronics.X-CUBE-IPS.3.1.0.pdsc: PDSC version is not supported
2025-03-21 15:02:35,031 [WARN] PackLoader:240 - Cannot read IP mode file for STMicroelectronics.X-CUBE-ALS.1.0.2
2025-03-21 15:02:35,077 [WARN] PackLoader:240 - Cannot read IP mode file for STMicroelectronics.X-CUBE-MEMS1.10.0.0
2025-03-21 15:02:35,186 [WARN] PackLoader:240 - Cannot read IP mode file for STMicroelectronics.X-CUBE-FREERTOS.1.1.0
2025-03-21 15:02:35,202 [WARN] PackLoader:240 - Cannot read IP mode file for STMicroelectronics.X-CUBE-TOUCHGFX.4.24.0
2025-03-21 15:02:35,217 [WARN] PackLoader:240 - Cannot read IP mode file for STMicroelectronics.X-CUBE-TOUCHGFX.4.24.2
2025-03-21 15:02:35,240 [WARN] PackLoader:240 - Cannot read IP mode file for STMicroelectronics.X-CUBE-AZRTOS-WL.1.0.0
2025-03-21 15:02:35,258 [WARN] PackLoader:240 - Cannot read IP mode file for STMicroelectronics.X-CUBE-TOUCHGFX.4.24.1
2025-03-21 15:02:35,272 [WARN] PackLoader:240 - Cannot read IP mode file for wolfSSL.I-CUBE-wolfTPM.3.4.0
2025-03-21 15:02:35,290 [WARN] PackLoader:240 - Cannot read IP mode file for portGmbH.I-Cube-SoM-uGOAL.1.1.0
2025-03-21 15:02:35,305 [WARN] PackLoader:240 - Cannot read IP mode file for STMicroelectronics.X-CUBE-ALS.1.0.1
2025-03-21 15:02:35,331 [WARN] PackLoader:240 - Cannot read IP mode file for STMicroelectronics.X-CUBE-AZRTOS-WB.1.1.0
2025-03-21 15:02:35,365 [WARN] PackLoader:240 - Cannot read IP mode file for STMicroelectronics.X-CUBE-AZRTOS-H7RS.1.0.0
2025-03-21 15:02:35,382 [WARN] PackLoader:240 - Cannot read IP mode file for STMicroelectronics.FP-ATR-ASTRA1.2.0.0
2025-03-21 15:02:35,398 [ERROR] Engine:466 - C:\Users\msi1\.stm32cubemx\thirdparties\pdsc\STMicroelectronics.X-CUBE-TOF1.3.4.2.pdsc: PDSC version is not supported
2025-03-21 15:02:35,419 [WARN] PackLoader:240 - Cannot read IP mode file for STMicroelectronics.X-CUBE-TOF1.3.4.0
2025-03-21 15:02:35,447 [WARN] PackLoader:240 - Cannot read IP mode file for STMicroelectronics.X-CUBE-TOF1.3.4.1
2025-03-21 15:02:35,488 [WARN] PackLoader:240 - Cannot read IP mode file for STMicroelectronics.X-CUBE-AZRTOS-H7.3.2.0
2025-03-21 15:02:35,504 [WARN] PackLoader:240 - Cannot read IP mode file for wolfSSL.I-CUBE-wolfSSH.1.4.17
2025-03-21 15:02:35,505 [INFO] ThirdParty:978 - Integrity check success = true
2025-03-21 15:02:35,505 [INFO] IntegrityCheckThread:100 - exiting critical section [integrity check]
2025-03-21 15:02:35,505 [INFO] IntegrityCheckThread:103 - End integrity checks thread
2025-03-21 15:02:51,182 [ERROR] LogOutputStream:75 - [STDERR_REDIRECT] SLF4J: Failed to load class "org.slf4j.impl.StaticLoggerBinder".
2025-03-21 15:02:51,183 [ERROR] LogOutputStream:75 - [STDERR_REDIRECT] SLF4J: Defaulting to no-operation (NOP) logger implementation
2025-03-21 15:02:51,184 [ERROR] LogOutputStream:75 - [STDERR_REDIRECT] SLF4J: See http://www.slf4j.org/codes.html#StaticLoggerBinder for further details.
