2025-05-13 15:20:02,955 [INFO] Activator:176 - 


2025-05-13 15:20:02,968 [INFO] Activator:177 - !SESSION log4j initialized
2025-05-13 15:20:16,929 [INFO] LogOutputStream:77 - [STDOUT_REDIRECT] 
2025-05-13 15:20:22,322 [INFO] ApplicationProperties:184 - Using Application install path: D:\ITC\STM32\STM32CubeIDE_1.13.0\STM32CubeIDE\plugins\com.st.stm32cube.common.mx_6.9.0.202307051724
2025-05-13 15:20:22,354 [INFO] DbMcusXml:78 - Set database path to: D:\ITC\STM32\STM32CubeIDE_1.13.0\STM32CubeIDE\plugins\com.st.stm32cube.common.mx_6.9.0.202307051724\\db\/mcu/
2025-05-13 15:20:22,355 [INFO] ApiDb:274 - Set plugin database path to: D:\ITC\STM32\STM32CubeIDE_1.13.0\STM32CubeIDE\plugins\com.st.stm32cube.common.mx_6.9.0.202307051724\\db\/plugins/boardmanager/
2025-05-13 15:20:22,356 [WARN] ApiDb:259 - Overriding images path with different value:  => D:\ITC\STM32\STM32CubeIDE_1.13.0\STM32CubeIDE\plugins\com.st.stm32cube.common.mx_6.9.0.202307051724\\db\/plugins/mcufinder/images/
2025-05-13 15:20:22,379 [INFO] ApiDb:250 - Set database path to: C:\Users\msi1\.stmcufinder\plugins\mcufinder//mcu/
2025-05-13 15:20:22,381 [INFO] DbMcusAds:125 - Set database path to: C:\Users\msi1\.stmcufinder\plugins\mcufinder//mcu/
2025-05-13 15:20:22,383 [INFO] CrossReferenceDbSqlite:203 - Set database path to: C:\Users\msi1\.stmcufinder\plugins\mcufinder//mcu/cs/
2025-05-13 15:20:22,548 [INFO] RulesReader:64 - Compatibility file has been processed (293 Rules)
2025-05-13 15:20:22,702 [INFO] DbMcusXml:78 - Set database path to: D:\ITC\STM32\STM32CubeIDE_1.13.0\STM32CubeIDE\plugins\com.st.stm32cube.common.mx_6.9.0.202307051724\\db\/mcu/
2025-05-13 15:20:22,702 [INFO] ApiDb:274 - Set plugin database path to: D:\ITC\STM32\STM32CubeIDE_1.13.0\STM32CubeIDE\plugins\com.st.stm32cube.common.mx_6.9.0.202307051724\\db\/plugins/boardmanager/
2025-05-13 15:20:22,703 [INFO] ApiDb:261 - Set plugin images path to: D:\ITC\STM32\STM32CubeIDE_1.13.0\STM32CubeIDE\plugins\com.st.stm32cube.common.mx_6.9.0.202307051724\\db\/plugins/mcufinder/images/
2025-05-13 15:20:22,704 [WARN] DbFile:41 - Overriding database path with different value: C:\Users\msi1\.stmcufinder\plugins\mcufinder/ => C:\Users\msi1\.stmcufinder\plugins\mcufinder
2025-05-13 15:20:22,704 [INFO] ApiDb:250 - Set database path to: C:\Users\msi1\.stmcufinder\plugins\mcufinder//mcu/
2025-05-13 15:20:22,704 [WARN] DbFile:41 - Overriding database path with different value: C:\Users\msi1\.stmcufinder\plugins\mcufinder/ => C:\Users\msi1\.stmcufinder\plugins\mcufinder
2025-05-13 15:20:22,704 [INFO] DbMcusAds:125 - Set database path to: C:\Users\msi1\.stmcufinder\plugins\mcufinder//mcu/
2025-05-13 15:20:22,704 [WARN] DbFile:41 - Overriding database path with different value: C:\Users\msi1\.stmcufinder\plugins\mcufinder/ => C:\Users\msi1\.stmcufinder\plugins\mcufinder
2025-05-13 15:20:22,704 [WARN] DbFile:41 - Overriding database path with different value: C:\Users\msi1\.stmcufinder\plugins\mcufinder/ => C:\Users\msi1\.stmcufinder\plugins\mcufinder
2025-05-13 15:20:22,704 [INFO] CrossReferenceDbSqlite:203 - Set database path to: C:\Users\msi1\.stmcufinder\plugins\mcufinder//mcu/cs/
2025-05-13 15:20:22,832 [INFO] MainPanel:262 - HeapMemory: 268435456
2025-05-13 15:20:22,992 [INFO] DbMcusXml:78 - Set database path to: D:\ITC\STM32\STM32CubeIDE_1.13.0\STM32CubeIDE\plugins\com.st.stm32cube.common.mx_6.9.0.202307051724\\db\/mcu/
2025-05-13 15:20:22,992 [INFO] ApiDb:274 - Set plugin database path to: D:\ITC\STM32\STM32CubeIDE_1.13.0\STM32CubeIDE\plugins\com.st.stm32cube.common.mx_6.9.0.202307051724\\db\/plugins/boardmanager/
2025-05-13 15:20:22,992 [INFO] ApiDb:261 - Set plugin images path to: D:\ITC\STM32\STM32CubeIDE_1.13.0\STM32CubeIDE\plugins\com.st.stm32cube.common.mx_6.9.0.202307051724\\db\/plugins/mcufinder/images/
2025-05-13 15:20:22,993 [WARN] DbFile:41 - Overriding database path with different value: C:\Users\msi1\.stmcufinder\plugins\mcufinder/ => C:\Users\msi1\.stmcufinder\plugins\mcufinder
2025-05-13 15:20:22,993 [INFO] ApiDb:250 - Set database path to: C:\Users\msi1\.stmcufinder\plugins\mcufinder//mcu/
2025-05-13 15:20:22,993 [WARN] DbFile:41 - Overriding database path with different value: C:\Users\msi1\.stmcufinder\plugins\mcufinder/ => C:\Users\msi1\.stmcufinder\plugins\mcufinder
2025-05-13 15:20:22,993 [INFO] DbMcusAds:125 - Set database path to: C:\Users\msi1\.stmcufinder\plugins\mcufinder//mcu/
2025-05-13 15:20:22,993 [WARN] DbFile:41 - Overriding database path with different value: C:\Users\msi1\.stmcufinder\plugins\mcufinder/ => C:\Users\msi1\.stmcufinder\plugins\mcufinder
2025-05-13 15:20:22,994 [WARN] DbFile:41 - Overriding database path with different value: C:\Users\msi1\.stmcufinder\plugins\mcufinder/ => C:\Users\msi1\.stmcufinder\plugins\mcufinder
2025-05-13 15:20:22,994 [INFO] CrossReferenceDbSqlite:203 - Set database path to: C:\Users\msi1\.stmcufinder\plugins\mcufinder//mcu/cs/
2025-05-13 15:20:23,031 [INFO] ApplicationProperties:184 - Using Application install path: D:\ITC\STM32\STM32CubeIDE_1.13.0\STM32CubeIDE\plugins\com.st.stm32cube.common.mx_6.9.0.202307051724
2025-05-13 15:20:23,033 [INFO] PluginManage:196 - Search for loadable plugins [exclusion list=, ]
2025-05-13 15:20:23,033 [INFO] PluginManage:310 - Check plugin analytics
2025-05-13 15:20:23,291 [INFO] AnalyticsPlugin:253 - Accepted Software Licenses: 
2025-05-13 15:20:23,292 [INFO] AnalyticsPlugin:255 - Accepted CMSIS Pack Licenses: 
2025-05-13 15:20:23,292 [INFO] AnalyticsPlugin:257 - Accepted Firmware Licenses: FW.F4.1.27.0
2025-05-13 15:20:23,296 [INFO] PluginManage:359 - Loaded plugin analytics (category:tool,tabindex:-1)
2025-05-13 15:20:23,297 [INFO] PluginManage:310 - Check plugin cadmodel
2025-05-13 15:20:23,325 [INFO] CADModel:105 - Init CAD model plugin
2025-05-13 15:20:23,325 [INFO] PluginManage:359 - Loaded plugin cadmodel (category:power,tabindex:5)
2025-05-13 15:20:23,326 [INFO] PluginManage:310 - Check plugin clock
2025-05-13 15:20:23,355 [INFO] PluginManage:359 - Loaded plugin clock (category:base,tabindex:2)
2025-05-13 15:20:23,355 [INFO] PluginManage:310 - Check plugin ddr
2025-05-13 15:20:23,363 [INFO] PluginManage:359 - Loaded plugin ddr (category:tool,tabindex:6)
2025-05-13 15:20:23,363 [INFO] PluginManage:310 - Check plugin filemanager
2025-05-13 15:20:23,553 [INFO] PluginManage:359 - Loaded plugin filemanager (category:base,tabindex:10)
2025-05-13 15:20:23,553 [INFO] PluginManage:310 - Check plugin ipmanager
2025-05-13 15:20:23,563 [INFO] PluginManage:359 - Loaded plugin ipmanager (category:base,tabindex:5)
2025-05-13 15:20:23,563 [INFO] PluginManage:310 - Check plugin lpbam
2025-05-13 15:20:23,584 [INFO] PluginManage:359 - Loaded plugin lpbam (category:base,tabindex:0)
2025-05-13 15:20:23,584 [INFO] PluginManage:310 - Check plugin memorymap
2025-05-13 15:20:23,625 [INFO] PluginManage:359 - Loaded plugin memorymap (category:base,tabindex:4)
2025-05-13 15:20:23,626 [INFO] PluginManage:310 - Check plugin pinoutandconfiguration
2025-05-13 15:20:23,659 [INFO] PluginManage:359 - Loaded plugin pinoutandconfiguration (category:base,tabindex:1)
2025-05-13 15:20:23,659 [INFO] PluginManage:310 - Check plugin pinoutconfig
2025-05-13 15:20:23,831 [WARN] SupportedApi:132 - Cannot load RTOS API schema: s4s-elt-must-match.1: The content of 'definitions' must match (annotation?, (simpleType | complexType)?, (unique | key | keyref)*)). A problem was found starting at: attribute.
2025-05-13 15:20:24,014 [INFO] PluginManage:359 - Loaded plugin pinoutconfig (category:base,tabindex:0)
2025-05-13 15:20:24,014 [INFO] PluginManage:310 - Check plugin power
2025-05-13 15:20:24,059 [INFO] PluginManage:359 - Loaded plugin power (category:power,tabindex:4)
2025-05-13 15:20:24,060 [INFO] PluginManage:310 - Check plugin projectmanager
2025-05-13 15:20:24,083 [INFO] PluginManage:359 - Loaded plugin projectmanager (category:projectmanager,tabindex:3)
2025-05-13 15:20:24,084 [INFO] PluginManage:310 - Check plugin thirdparty
2025-05-13 15:20:24,582 [INFO] PluginManage:359 - Loaded plugin thirdparty (category:base,tabindex:-1)
2025-05-13 15:20:24,582 [WARN] IntegrityCheckThread:84 - waiting for thirdparty lock release [integrity check]
2025-05-13 15:20:24,582 [INFO] PluginManage:310 - Check plugin tools
2025-05-13 15:20:24,583 [INFO] IntegrityCheckThread:86 - entering critical section [integrity check]
2025-05-13 15:20:24,583 [INFO] ThirdPartyUpdaterWithRetryManager:70 - Updater plugin not ready yet. [1/15]
2025-05-13 15:20:24,652 [INFO] PluginManage:359 - Loaded plugin tools (category:base,tabindex:7)
2025-05-13 15:20:24,653 [INFO] PluginManage:310 - Check plugin tutovideos
2025-05-13 15:20:24,953 [INFO] PluginManage:359 - Loaded plugin tutovideos (category:base,tabindex:-1)
2025-05-13 15:20:24,953 [INFO] PluginManage:310 - Check plugin updater
2025-05-13 15:20:24,970 [INFO] PluginManage:359 - Loaded plugin updater (category:base,tabindex:12)
2025-05-13 15:20:24,970 [INFO] PluginManage:310 - Check plugin userauth
2025-05-13 15:20:24,978 [INFO] UserAuth:113 - Init User Auth plugin
2025-05-13 15:20:24,978 [INFO] PluginManage:359 - Loaded plugin userauth (category:base,tabindex:14)
2025-05-13 15:20:24,979 [INFO] PluginManage:283 - PluginManage : Loaded plugins [17]
2025-05-13 15:20:25,318 [INFO] PinOutPanel:1499 - setPackage(No Configuration,No Configuration)
2025-05-13 15:20:25,466 [INFO] CADModel:165 - CPN selected for project level
2025-05-13 15:20:25,467 [INFO] CADModel:114 - Register for checkConnection events
2025-05-13 15:20:25,511 [INFO] IPUIPlugin:80 - create IPUIPlugin
2025-05-13 15:20:25,511 [INFO] PluginManager:220 - loadIPPluginJar : add adc
2025-05-13 15:20:25,570 [INFO] IPUIPlugin:80 - create IPUIPlugin
2025-05-13 15:20:25,570 [INFO] PluginManager:220 - loadIPPluginJar : add aes
2025-05-13 15:20:25,646 [INFO] IPUIPlugin:80 - create IPUIPlugin
2025-05-13 15:20:25,646 [INFO] PluginManager:220 - loadIPPluginJar : add can
2025-05-13 15:20:25,682 [INFO] IPUIPlugin:80 - create IPUIPlugin
2025-05-13 15:20:25,682 [INFO] PluginManager:220 - loadIPPluginJar : add comp
2025-05-13 15:20:25,733 [INFO] IPUIPlugin:80 - create IPUIPlugin
2025-05-13 15:20:25,733 [INFO] PluginManager:220 - loadIPPluginJar : add cryp
2025-05-13 15:20:25,783 [INFO] IPUIPlugin:80 - create IPUIPlugin
2025-05-13 15:20:25,783 [INFO] PluginManager:220 - loadIPPluginJar : add dfsdm
2025-05-13 15:20:25,808 [INFO] IPUIPlugin:80 - create IPUIPlugin
2025-05-13 15:20:25,809 [INFO] PluginManager:220 - loadIPPluginJar : add dma
2025-05-13 15:20:25,882 [INFO] IPUIPlugin:80 - create IPUIPlugin
2025-05-13 15:20:25,882 [INFO] PluginManager:220 - loadIPPluginJar : add dma3
2025-05-13 15:20:25,920 [INFO] IPUIPlugin:80 - create IPUIPlugin
2025-05-13 15:20:25,920 [INFO] PluginManager:220 - loadIPPluginJar : add fatfs
2025-05-13 15:20:26,005 [INFO] IPUIPlugin:80 - create IPUIPlugin
2025-05-13 15:20:26,005 [INFO] PluginManager:220 - loadIPPluginJar : add fmc
2025-05-13 15:20:26,025 [INFO] IPUIPlugin:80 - create IPUIPlugin
2025-05-13 15:20:26,025 [INFO] PluginManager:220 - loadIPPluginJar : add freertos
2025-05-13 15:20:26,061 [INFO] IPUIPlugin:80 - create IPUIPlugin
2025-05-13 15:20:26,061 [INFO] PluginManager:220 - loadIPPluginJar : add genericplugin
2025-05-13 15:20:26,213 [INFO] IPUIPlugin:80 - create IPUIPlugin
2025-05-13 15:20:26,213 [INFO] PluginManager:220 - loadIPPluginJar : add gfxmmu
2025-05-13 15:20:26,403 [INFO] IPUIPlugin:80 - create IPUIPlugin
2025-05-13 15:20:26,404 [INFO] PluginManager:220 - loadIPPluginJar : add gic
2025-05-13 15:20:26,430 [INFO] IPUIPlugin:80 - create IPUIPlugin
2025-05-13 15:20:26,430 [INFO] PluginManager:220 - loadIPPluginJar : add gpio
2025-05-13 15:20:26,572 [INFO] IPUIPlugin:80 - create IPUIPlugin
2025-05-13 15:20:26,572 [INFO] PluginManager:220 - loadIPPluginJar : add gtzc
2025-05-13 15:20:26,647 [INFO] IPUIPlugin:80 - create IPUIPlugin
2025-05-13 15:20:26,647 [INFO] PluginManager:220 - loadIPPluginJar : add hash
2025-05-13 15:20:26,727 [INFO] IPUIPlugin:80 - create IPUIPlugin
2025-05-13 15:20:26,727 [INFO] PluginManager:220 - loadIPPluginJar : add i2c
2025-05-13 15:20:26,791 [INFO] IPUIPlugin:80 - create IPUIPlugin
2025-05-13 15:20:26,791 [INFO] PluginManager:220 - loadIPPluginJar : add i2s
2025-05-13 15:20:26,859 [INFO] IPUIPlugin:80 - create IPUIPlugin
2025-05-13 15:20:26,859 [INFO] PluginManager:220 - loadIPPluginJar : add i3c
2025-05-13 15:20:27,027 [INFO] IPUIPlugin:80 - create IPUIPlugin
2025-05-13 15:20:27,027 [INFO] PluginManager:220 - loadIPPluginJar : add ipddr
2025-05-13 15:20:27,229 [INFO] IPUIPlugin:80 - create IPUIPlugin
2025-05-13 15:20:27,229 [INFO] PluginManager:220 - loadIPPluginJar : add linkedlist
2025-05-13 15:20:27,284 [INFO] IPUIPlugin:80 - create IPUIPlugin
2025-05-13 15:20:27,284 [INFO] PluginManager:220 - loadIPPluginJar : add lorawan
2025-05-13 15:20:27,340 [INFO] IPUIPlugin:80 - create IPUIPlugin
2025-05-13 15:20:27,340 [INFO] PluginManager:220 - loadIPPluginJar : add ltdc
2025-05-13 15:20:27,367 [INFO] IPUIPlugin:80 - create IPUIPlugin
2025-05-13 15:20:27,367 [INFO] PluginManager:220 - loadIPPluginJar : add mdma
2025-05-13 15:20:27,394 [INFO] IPUIPlugin:80 - create IPUIPlugin
2025-05-13 15:20:27,394 [INFO] PluginManager:220 - loadIPPluginJar : add nvic
2025-05-13 15:20:27,464 [INFO] IPUIPlugin:80 - create IPUIPlugin
2025-05-13 15:20:27,464 [INFO] PluginManager:220 - loadIPPluginJar : add opamp
2025-05-13 15:20:27,563 [INFO] IPUIPlugin:80 - create IPUIPlugin
2025-05-13 15:20:27,563 [INFO] PluginManager:220 - loadIPPluginJar : add openamp
2025-05-13 15:20:27,589 [INFO] ThirdPartyUpdaterWithRetryManager:70 - Updater plugin not ready yet. [2/15]
2025-05-13 15:20:27,631 [INFO] IPUIPlugin:80 - create IPUIPlugin
2025-05-13 15:20:27,631 [INFO] PluginManager:220 - loadIPPluginJar : add pdm2pcm
2025-05-13 15:20:27,652 [INFO] IPUIPlugin:80 - create IPUIPlugin
2025-05-13 15:20:27,653 [INFO] PluginManager:220 - loadIPPluginJar : add plateformsettings
2025-05-13 15:20:27,688 [INFO] IPUIPlugin:80 - create IPUIPlugin
2025-05-13 15:20:27,688 [INFO] PluginManager:220 - loadIPPluginJar : add quadspi
2025-05-13 15:20:27,719 [INFO] IPUIPlugin:80 - create IPUIPlugin
2025-05-13 15:20:27,720 [INFO] PluginManager:220 - loadIPPluginJar : add resmgrutility
2025-05-13 15:20:27,818 [INFO] IPUIPlugin:80 - create IPUIPlugin
2025-05-13 15:20:27,818 [INFO] PluginManager:220 - loadIPPluginJar : add sai
2025-05-13 15:20:27,884 [INFO] IPUIPlugin:80 - create IPUIPlugin
2025-05-13 15:20:27,885 [INFO] PluginManager:220 - loadIPPluginJar : add spi
2025-05-13 15:20:27,997 [INFO] IPUIPlugin:80 - create IPUIPlugin
2025-05-13 15:20:27,997 [INFO] PluginManager:220 - loadIPPluginJar : add stm32_wpan
2025-05-13 15:20:28,032 [INFO] IPUIPlugin:80 - create IPUIPlugin
2025-05-13 15:20:28,032 [INFO] PluginManager:220 - loadIPPluginJar : add tim
2025-05-13 15:20:28,120 [INFO] IPUIPlugin:80 - create IPUIPlugin
2025-05-13 15:20:28,120 [INFO] PluginManager:220 - loadIPPluginJar : add touchsensing
2025-05-13 15:20:28,160 [INFO] IPUIPlugin:80 - create IPUIPlugin
2025-05-13 15:20:28,160 [INFO] PluginManager:220 - loadIPPluginJar : add tracer_emb
2025-05-13 15:20:28,192 [INFO] IPUIPlugin:80 - create IPUIPlugin
2025-05-13 15:20:28,192 [INFO] PluginManager:220 - loadIPPluginJar : add ts
2025-05-13 15:20:28,230 [INFO] IPUIPlugin:80 - create IPUIPlugin
2025-05-13 15:20:28,231 [INFO] PluginManager:220 - loadIPPluginJar : add tsc
2025-05-13 15:20:28,269 [INFO] IPUIPlugin:80 - create IPUIPlugin
2025-05-13 15:20:28,269 [INFO] PluginManager:220 - loadIPPluginJar : add ucpd
2025-05-13 15:20:28,333 [INFO] IPUIPlugin:80 - create IPUIPlugin
2025-05-13 15:20:28,333 [INFO] PluginManager:220 - loadIPPluginJar : add usart
2025-05-13 15:20:28,394 [INFO] IPUIPlugin:80 - create IPUIPlugin
2025-05-13 15:20:28,394 [INFO] PluginManager:220 - loadIPPluginJar : add usbx
2025-05-13 15:20:28,547 [INFO] CADModel:165 - CPN selected for project level
2025-05-13 15:20:28,548 [INFO] CADModel:114 - Register for checkConnection events
2025-05-13 15:20:28,548 [FATAL] Updater:308 - Updater called before beeing initialized
2025-05-13 15:20:28,548 [ERROR] CADModel:125 - Updater not yet initialized, retry later 
2025-05-13 15:20:28,728 [INFO] CADModel:165 - CPN selected for project level
2025-05-13 15:20:28,728 [INFO] CADModel:114 - Register for checkConnection events
2025-05-13 15:20:28,728 [FATAL] Updater:308 - Updater called before beeing initialized
2025-05-13 15:20:28,728 [ERROR] CADModel:125 - Updater not yet initialized, retry later 
2025-05-13 15:20:28,732 [FATAL] Updater:308 - Updater called before beeing initialized
2025-05-13 15:20:28,892 [FATAL] Updater:308 - Updater called before beeing initialized
2025-05-13 15:20:28,906 [INFO] DbMcusAds:53 - JSON generation date=Tue Dec 17 23:01:15 ICT 2024 (1734451275230)
2025-05-13 15:20:28,906 [FATAL] Updater:308 - Updater called before beeing initialized
2025-05-13 15:20:29,021 [WARN] DetailPanel:346 - Failed to get advertising image, set to default
2025-05-13 15:20:29,168 [FATAL] Updater:308 - Updater called before beeing initialized
2025-05-13 15:20:29,170 [FATAL] Updater:308 - Updater called before beeing initialized
2025-05-13 15:20:29,170 [FATAL] Updater:308 - Updater called before beeing initialized
2025-05-13 15:20:29,171 [WARN] DetailPanel:346 - Failed to get advertising image, set to default
2025-05-13 15:20:29,171 [FATAL] Updater:308 - Updater called before beeing initialized
2025-05-13 15:20:29,244 [ERROR] Updater:1120 - MainUpdater not yet initialized. External WinMGr cannot be set.
2025-05-13 15:20:29,258 [INFO] Updater:1056 - Updater Version found : 6.9.0
2025-05-13 15:20:29,285 [INFO] ApplicationProperties:184 - Using Application install path: D:\ITC\STM32\STM32CubeIDE_1.13.0\STM32CubeIDE\plugins\com.st.stm32cube.common.mx_6.9.0.202307051724
2025-05-13 15:20:29,805 [INFO] MainUpdater:2868 - connection check result : 10
2025-05-13 15:20:29,807 [INFO] MainUpdater:285 - Updater Check For Update Now.
2025-05-13 15:20:29,808 [INFO] MicroXplorer:498 - Change Database Version : DB.6.0.90
2025-05-13 15:20:29,836 [INFO] McuFinderGlobals:63 - Set McuFinder mode to 2 (CubeIDE integrated)
2025-05-13 15:20:30,124 [INFO] CheckServerUpdateThread:120 - End of CheckServer Thread
2025-05-13 15:20:31,351 [WARN] PackLoader:240 - Cannot read IP mode file for STMicroelectronics.FP-SNS-MOTENVWB1.1.4.0
2025-05-13 15:20:31,389 [WARN] PackLoader:240 - Cannot read IP mode file for STMicroelectronics.FP-ATR-ASTRA1.2.0.2
2025-05-13 15:20:31,412 [WARN] PackLoader:240 - Cannot read IP mode file for STMicroelectronics.FP-ATR-ASTRA1.2.0.1
2025-05-13 15:20:31,447 [WARN] PackLoader:240 - Cannot read IP mode file for STMicroelectronics.X-CUBE-SMBUS.2.1.0
2025-05-13 15:20:31,493 [WARN] PackLoader:240 - Cannot read IP mode file for STMicroelectronics.X-CUBE-WB05N.1.1.0
2025-05-13 15:20:31,581 [WARN] PackLoader:240 - Cannot read IP mode file for STMicroelectronics.X-CUBE-TOUCHGFX.4.23.0
2025-05-13 15:20:31,678 [WARN] PackLoader:240 - Cannot read IP mode file for STMicroelectronics.X-CUBE-TOUCHGFX.4.23.2
2025-05-13 15:20:31,900 [WARN] PackLoader:240 - Cannot read IP mode file for STMicroelectronics.X-CUBE-AZRTOS-F7.1.1.0
2025-05-13 15:20:31,950 [ERROR] RealEvaluatedCondition:428 - Found unsupported composite condition: GROUP='STM32_MetaDataManager' CLASS='Data Exchange'
2025-05-13 15:20:31,951 [ERROR] RealEvaluatedCondition:428 - Found unsupported composite condition: CLASS='Data Exchange' GROUP='STM32_MetaDataManager'
2025-05-13 15:20:31,964 [WARN] PackLoader:240 - Cannot read IP mode file for STMicroelectronics.FP-SNS-MOTENV1.4.3.0
2025-05-13 15:20:32,030 [WARN] PackLoader:240 - Cannot read IP mode file for STMicroelectronics.FP-SNS-MOTENV1.4.3.2
2025-05-13 15:20:32,070 [WARN] PackLoader:240 - Cannot read IP mode file for STMicroelectronics.FP-SNS-FLIGHT1.5.0.0
2025-05-13 15:20:32,183 [WARN] PackLoader:240 - Cannot read IP mode file for STMicroelectronics.X-CUBE-BLE1.6.2.4
2025-05-13 15:20:32,236 [WARN] PackLoader:240 - Cannot read IP mode file for STMicroelectronics.FP-SNS-FLIGHT1.5.0.2
2025-05-13 15:20:32,336 [ERROR] Engine:466 - C:\Users\msi1\.stm32cubemx\thirdparties\pdsc\Infineon.AIROC-Wi-Fi-Bluetooth-STM32.1.7.0.pdsc: PDSC version is not supported
2025-05-13 15:20:32,371 [WARN] PackLoader:240 - Cannot read IP mode file for STMicroelectronics.X-CUBE-DISPLAY.3.0.0
2025-05-13 15:20:32,448 [WARN] PackLoader:240 - Cannot read IP mode file for STMicroelectronics.X-CUBE-BLE1.7.0.0
2025-05-13 15:20:32,511 [WARN] PackLoader:240 - Cannot read IP mode file for STMicroelectronics.X-CUBE-NFC10.1.0.0
2025-05-13 15:20:32,587 [ERROR] Engine:466 - C:\Users\msi1\.stm32cubemx\thirdparties\pdsc\STMicroelectronics.X-CUBE-BLEMGR.4.0.0.pdsc: PDSC version is not supported
2025-05-13 15:20:32,646 [WARN] PackLoader:240 - Cannot read IP mode file for emotas.I-CUBE-CANOPEN.1.3.0
2025-05-13 15:20:32,693 [WARN] PackLoader:240 - Cannot read IP mode file for STMicroelectronics.X-CUBE-TOUCHGFX.4.22.0
2025-05-13 15:20:32,734 [WARN] PackLoader:240 - Cannot read IP mode file for STMicroelectronics.X-CUBE-TOUCHGFX.4.22.1
2025-05-13 15:20:32,781 [WARN] PackLoader:240 - Cannot read IP mode file for STMicroelectronics.X-CUBE-BLEMGR.3.1.0
2025-05-13 15:20:32,850 [WARN] PackLoader:240 - Cannot read IP mode file for STMicroelectronics.X-CUBE-AI.10.0.0
2025-05-13 15:20:32,929 [WARN] PackLoader:240 - Cannot read IP mode file for STMicroelectronics.FP-SNS-SMARTAG2.1.2.0
2025-05-13 15:20:32,997 [ERROR] Engine:466 - C:\Users\msi1\.stm32cubemx\thirdparties\pdsc\STMicroelectronics.FP-SNS-FLIGHT1.5.1.0.pdsc: PDSC version is not supported
2025-05-13 15:20:33,229 [WARN] PackLoader:240 - Cannot read IP mode file for STMicroelectronics.X-CUBE-MEMS1.11.1.0
2025-05-13 15:20:33,560 [INFO] LogOutputStream:77 - [STDOUT_REDIRECT] 1 : Invalid condition id : UX_CORESTACK_Condition cause : null
2025-05-13 15:20:33,561 [INFO] LogOutputStream:77 - [STDOUT_REDIRECT] 1 : Invalid condition id : UX_CORESTACK_Condition cause : null
2025-05-13 15:20:33,563 [INFO] LogOutputStream:77 - [STDOUT_REDIRECT] 1 : Invalid condition id : UX_CORESTACK_Condition cause : null
2025-05-13 15:20:33,566 [INFO] LogOutputStream:77 - [STDOUT_REDIRECT] 1 : Invalid condition id : UX_CORESTACK_Condition cause : null
2025-05-13 15:20:33,568 [INFO] LogOutputStream:77 - [STDOUT_REDIRECT] 1 : Invalid condition id : UX_CORESTACK_Condition cause : null
2025-05-13 15:20:33,578 [WARN] PackLoader:240 - Cannot read IP mode file for STMicroelectronics.X-CUBE-AZRTOS-WL.2.0.0
2025-05-13 15:20:33,620 [WARN] PackLoader:240 - Cannot read IP mode file for STMicroelectronics.FP-SNS-MOTENV1.5.0.0
2025-05-13 15:20:33,655 [WARN] PackLoader:240 - Cannot read IP mode file for wolfSSL.I-CUBE-wolfMQTT.1.19.0
2025-05-13 15:20:33,700 [WARN] PackLoader:240 - Cannot read IP mode file for WES.I-CUBE-Cesium.1.3.0
2025-05-13 15:20:33,736 [WARN] PackLoader:240 - Cannot read IP mode file for STMicroelectronics.X-CUBE-BLE2.3.3.0
2025-05-13 15:20:33,788 [WARN] PackLoader:240 - Cannot read IP mode file for STMicroelectronics.X-CUBE-NFC9.1.0.0
2025-05-13 15:20:33,831 [WARN] PackLoader:240 - Cannot read IP mode file for STMicroelectronics.X-CUBE-BLE1.7.1.0
2025-05-13 15:20:33,868 [WARN] PackLoader:240 - Cannot read IP mode file for STMicroelectronics.X-CUBE-TCPP.4.1.0
2025-05-13 15:20:33,913 [WARN] PackLoader:240 - Cannot read IP mode file for STMicroelectronics.X-CUBE-TOUCHGFX.4.21.4
2025-05-13 15:20:34,000 [WARN] PackLoader:240 - Cannot read IP mode file for STMicroelectronics.X-CUBE-ALGOBUILD.1.3.0
2025-05-13 15:20:34,356 [WARN] PackLoader:240 - Cannot read IP mode file for STMicroelectronics.X-CUBE-MEMS1.11.2.0
2025-05-13 15:20:34,602 [WARN] PackLoader:240 - Cannot read IP mode file for STMicroelectronics.X-CUBE-AZRTOS-G0.1.1.0
2025-05-13 15:20:34,637 [WARN] PackLoader:240 - Cannot read IP mode file for STMicroelectronics.X-CUBE-SAFEA1.1.2.2
2025-05-13 15:20:34,679 [WARN] PackLoader:240 - Cannot read IP mode file for STMicroelectronics.X-CUBE-NFC4.3.0.0
2025-05-13 15:20:34,703 [WARN] PackLoader:240 - Cannot read IP mode file for wolfSSL.I-CUBE-wolfMQTT.1.18.0
2025-05-13 15:20:34,731 [ERROR] Engine:466 - C:\Users\msi1\.stm32cubemx\thirdparties\pdsc\EmbeddedOffice.I-CUBE-FS-RTOS.1.0.1.pdsc: PDSC version is not supported
2025-05-13 15:20:34,756 [WARN] PackLoader:240 - Cannot read IP mode file for STMicroelectronics.X-CUBE-WB05N.2.0.0
2025-05-13 15:20:34,816 [WARN] PackLoader:240 - Cannot read IP mode file for STMicroelectronics.X-CUBE-BLEMGR.3.0.0
2025-05-13 15:20:34,870 [ERROR] Engine:466 - C:\Users\msi1\.stm32cubemx\thirdparties\pdsc\STMicroelectronics.X-CUBE-TCPP.4.2.0.pdsc: PDSC version is not supported
2025-05-13 15:20:34,904 [ERROR] Engine:466 - C:\Users\msi1\.stm32cubemx\thirdparties\pdsc\RealThread.X-CUBE-RT-Thread_Nano.4.1.1.pdsc: PDSC version is not supported
2025-05-13 15:20:34,950 [WARN] PackLoader:240 - Cannot read IP mode file for STMicroelectronics.FP-ATR-SIGFOX1.3.2.0
2025-05-13 15:20:34,974 [ERROR] Engine:466 - C:\Users\msi1\.stm32cubemx\thirdparties\pdsc\quantropi.X-CUBE-qispace-sdk-base.1.9.3.pdsc: PDSC version is not supported
2025-05-13 15:20:35,005 [WARN] PackLoader:240 - Cannot read IP mode file for STMicroelectronics.X-CUBE-EEPRMA1.5.1.0
2025-05-13 15:20:35,042 [WARN] PackLoader:240 - Cannot read IP mode file for wolfSSL.I-CUBE-wolfSSL.5.7.6
2025-05-13 15:20:35,079 [WARN] PackLoader:240 - Cannot read IP mode file for ITTIA_DB.I-CUBE-ITTIADB.8.9.0
2025-05-13 15:20:35,151 [WARN] PackLoader:240 - Cannot read IP mode file for SEGGER.I-CUBE-embOS.1.3.1
2025-05-13 15:20:35,247 [WARN] PackLoader:240 - Cannot read IP mode file for STMicroelectronics.X-CUBE-ALGOBUILD.1.4.0
2025-05-13 15:20:35,314 [WARN] PackLoader:240 - Cannot read IP mode file for STMicroelectronics.X-CUBE-AI.9.1.0
2025-05-13 15:20:35,351 [WARN] PackLoader:240 - Cannot read IP mode file for STMicroelectronics.X-CUBE-GNSS1.6.0.0
2025-05-13 15:20:35,409 [WARN] PackLoader:240 - Cannot read IP mode file for STMicroelectronics.X-CUBE-AZRTOS-F4.1.1.0
2025-05-13 15:20:35,446 [ERROR] Engine:466 - C:\Users\msi1\.stm32cubemx\thirdparties\pdsc\Avnet-IotConnect.X-CUBE-IoTC-DA16k-PMOD.1.0.0.pdsc: PDSC version is not supported
2025-05-13 15:20:35,480 [WARN] PackLoader:240 - Cannot read IP mode file for wolfSSL.I-CUBE-wolfSSL.5.6.0
2025-05-13 15:20:35,498 [WARN] PackLoader:240 - Cannot read IP mode file for STMicroelectronics.X-CUBE-ISPU.2.1.0
2025-05-13 15:20:35,528 [WARN] PackLoader:240 - Cannot read IP mode file for STMicroelectronics.X-CUBE-FREERTOS.1.2.0
2025-05-13 15:20:35,571 [WARN] PackLoader:240 - Cannot read IP mode file for STMicroelectronics.X-CUBE-AZRTOS-L5.2.0.0
2025-05-13 15:20:35,658 [WARN] PackLoader:240 - Cannot read IP mode file for STMicroelectronics.X-CUBE-MEMS1.9.6.0
2025-05-13 15:20:36,030 [WARN] PackLoader:240 - Cannot read IP mode file for STMicroelectronics.X-CUBE-EEPRMA1.4.2.0
2025-05-13 15:20:36,070 [WARN] PackLoader:240 - Cannot read IP mode file for STMicroelectronics.X-CUBE-NFC6.3.1.0
2025-05-13 15:20:36,098 [WARN] PackLoader:240 - Cannot read IP mode file for ITTIA_DB.I-CUBE-ITTIADB.8.8.0
2025-05-13 15:20:36,150 [WARN] PackLoader:240 - Cannot read IP mode file for emotas.I-CUBE-CANOPEN.1.1.3
2025-05-13 15:20:36,188 [WARN] PackLoader:240 - Cannot read IP mode file for STMicroelectronics.X-CUBE-BLEMGR.2.0.0
2025-05-13 15:20:36,221 [ERROR] Engine:466 - C:\Users\msi1\.stm32cubemx\thirdparties\pdsc\STMicroelectronics.X-CUBE-DPower.1.2.0.pdsc: PDSC version is not supported
2025-05-13 15:20:36,247 [WARN] PackLoader:240 - Cannot read IP mode file for STMicroelectronics.X-CUBE-AI.9.0.0
2025-05-13 15:20:36,299 [WARN] ConditionMgr:438 - getConditionDescription Invalid condition id : UX DEVICE CLASS RTOS Condition cause : null
2025-05-13 15:20:36,307 [WARN] ConditionMgr:438 - getConditionDescription Invalid condition id : UX DEVICE CLASS RTOS Condition cause : null
2025-05-13 15:20:36,311 [WARN] PackLoader:240 - Cannot read IP mode file for STMicroelectronics.X-CUBE-AZRTOS-H7.3.1.0
2025-05-13 15:20:36,312 [WARN] ConditionMgr:1039 - genDependencies : Invalid condition id : UX DEVICE CLASS RTOS Condition cause : null
2025-05-13 15:20:36,313 [WARN] ConditionMgr:1039 - genDependencies : Invalid condition id : UX DEVICE CLASS RTOS Condition cause : null
2025-05-13 15:20:36,313 [WARN] ConditionMgr:1039 - genDependencies : Invalid condition id : UX DEVICE CLASS RTOS Condition cause : null
2025-05-13 15:20:36,314 [WARN] ConditionMgr:1039 - genDependencies : Invalid condition id : UX DEVICE CLASS RTOS Condition cause : null
2025-05-13 15:20:36,314 [WARN] ConditionMgr:1039 - genDependencies : Invalid condition id : UX DEVICE CLASS RTOS Condition cause : null
2025-05-13 15:20:36,344 [WARN] PackLoader:240 - Cannot read IP mode file for STMicroelectronics.X-CUBE-FREERTOS.1.3.1
2025-05-13 15:20:36,376 [WARN] PackLoader:240 - Cannot read IP mode file for STMicroelectronics.X-CUBE-FREERTOS.1.3.0
2025-05-13 15:20:36,398 [WARN] PackLoader:240 - Cannot read IP mode file for STMicroelectronics.X-CUBE-NFC7.1.0.1
2025-05-13 15:20:36,432 [WARN] PackLoader:240 - Cannot read IP mode file for STMicroelectronics.X-CUBE-NFC7.1.0.0
2025-05-13 15:20:36,462 [WARN] PackLoader:240 - Cannot read IP mode file for wolfSSL.I-CUBE-wolfTPM.3.2.0
2025-05-13 15:20:36,506 [WARN] PackLoader:240 - Cannot read IP mode file for STMicroelectronics.X-CUBE-NFC6.3.0.0
2025-05-13 15:20:36,538 [WARN] PackLoader:240 - Cannot read IP mode file for STMicroelectronics.X-CUBE-EEPRMA1.4.1.0
2025-05-13 15:20:36,569 [ERROR] Engine:466 - C:\Users\msi1\.stm32cubemx\thirdparties\pdsc\STMicroelectronics.X-CUBE-DPower.1.3.0.pdsc: PDSC version is not supported
2025-05-13 15:20:36,602 [WARN] PackLoader:240 - Cannot read IP mode file for STMicroelectronics.X-CUBE-AI.8.1.0
2025-05-13 15:20:36,661 [WARN] ConditionMgr:438 - getConditionDescription Invalid condition id : LAN8742 Phy interface Condition cause : null
2025-05-13 15:20:36,662 [WARN] PackLoader:240 - Cannot read IP mode file for STMicroelectronics.X-CUBE-AZRTOS-L4.2.0.0
2025-05-13 15:20:36,663 [WARN] ConditionMgr:1039 - genDependencies : Invalid condition id : LAN8742 Phy interface Condition cause : null
2025-05-13 15:20:36,663 [WARN] ConditionMgr:1039 - genDependencies : Invalid condition id : LAN8742 Phy interface Condition cause : null
2025-05-13 15:20:36,664 [WARN] ConditionMgr:1039 - genDependencies : Invalid condition id : LAN8742 Phy interface Condition cause : null
2025-05-13 15:20:36,705 [WARN] PackLoader:240 - Cannot read IP mode file for STMicroelectronics.X-CUBE-SFXS2LP1.4.0.0
2025-05-13 15:20:36,776 [WARN] PackLoader:240 - Cannot read IP mode file for STMicroelectronics.X-CUBE-ISPU.1.1.0
2025-05-13 15:20:36,847 [WARN] PackLoader:240 - Cannot read IP mode file for STMicroelectronics.X-CUBE-AZRTOS-H7.3.3.0
2025-05-13 15:20:36,900 [ERROR] Engine:466 - C:\Users\msi1\.stm32cubemx\thirdparties\pdsc\STMicroelectronics.X-CUBE-IPS.3.0.0.pdsc: PDSC version is not supported
2025-05-13 15:20:36,938 [WARN] ConditionMgr:438 - getConditionDescription Invalid condition id : UX DEVICE CLASS RTOS Condition cause : null
2025-05-13 15:20:36,946 [WARN] ConditionMgr:438 - getConditionDescription Invalid condition id : UX DEVICE CLASS RTOS Condition cause : null
2025-05-13 15:20:36,949 [WARN] PackLoader:240 - Cannot read IP mode file for STMicroelectronics.X-CUBE-AZRTOS-WB.2.0.0
2025-05-13 15:20:36,951 [WARN] ConditionMgr:1039 - genDependencies : Invalid condition id : UX DEVICE CLASS RTOS Condition cause : null
2025-05-13 15:20:36,951 [WARN] ConditionMgr:1039 - genDependencies : Invalid condition id : UX DEVICE CLASS RTOS Condition cause : null
2025-05-13 15:20:36,952 [WARN] ConditionMgr:1039 - genDependencies : Invalid condition id : UX DEVICE CLASS RTOS Condition cause : null
2025-05-13 15:20:36,952 [WARN] ConditionMgr:1039 - genDependencies : Invalid condition id : UX DEVICE CLASS RTOS Condition cause : null
2025-05-13 15:20:36,952 [WARN] ConditionMgr:1039 - genDependencies : Invalid condition id : UX DEVICE CLASS RTOS Condition cause : null
2025-05-13 15:20:36,985 [WARN] PackLoader:240 - Cannot read IP mode file for STMicroelectronics.X-CUBE-FREERTOS.1.0.1
2025-05-13 15:20:37,015 [WARN] PackLoader:240 - Cannot read IP mode file for STMicroelectronics.X-CUBE-GNSS1.7.0.1
2025-05-13 15:20:37,046 [WARN] PackLoader:240 - Cannot read IP mode file for STMicroelectronics.X-CUBE-TOUCHGFX.4.25.0
2025-05-13 15:20:37,090 [ERROR] Engine:466 - C:\Users\msi1\.stm32cubemx\thirdparties\pdsc\STMicroelectronics.FP-SNS-STBOX1.2.0.0.pdsc: PDSC version is not supported
2025-05-13 15:20:37,153 [WARN] PackLoader:240 - Cannot read IP mode file for STMicroelectronics.X-CUBE-AZRTOS-L5.1.1.0
2025-05-13 15:20:37,197 [WARN] PackLoader:240 - Cannot read IP mode file for STMicroelectronics.X-CUBE-AI.8.0.1
2025-05-13 15:20:37,399 [WARN] PackLoader:240 - Cannot read IP mode file for STMicroelectronics.X-CUBE-SUBG2.5.0.0
2025-05-13 15:20:37,619 [WARN] PackLoader:240 - Cannot read IP mode file for STMicroelectronics.X-CUBE-AZRTOS-H7RS.1.1.0
2025-05-13 15:20:37,658 [WARN] PackLoader:240 - Cannot read IP mode file for Cesanta.I-CUBE-Mongoose.7.13.0
2025-05-13 15:20:37,726 [WARN] PackLoader:240 - Cannot read IP mode file for STMicroelectronics.X-CUBE-TOF1.3.3.1
2025-05-13 15:20:37,813 [WARN] PackLoader:240 - Cannot read IP mode file for STMicroelectronics.X-CUBE-AZRTOS-G4.2.0.0
2025-05-13 15:20:37,868 [WARN] PackLoader:240 - Cannot read IP mode file for STMicroelectronics.X-CUBE-TOF1.3.3.0
2025-05-13 15:20:37,938 [WARN] PackLoader:240 - Cannot read IP mode file for Infineon.AIROC-Wi-Fi-Bluetooth-STM32.1.5.1
2025-05-13 15:20:38,026 [WARN] PackLoader:240 - Cannot read IP mode file for STMicroelectronics.FP-SNS-MOTENVWB1.1.3.0
2025-05-13 15:20:38,081 [WARN] PackLoader:240 - Cannot read IP mode file for STMicroelectronics.X-CUBE-NFC7.2.0.0
2025-05-13 15:20:38,149 [WARN] PackLoader:240 - Cannot read IP mode file for STMicroelectronics.FP-SNS-MOTENVWB1.1.3.1
2025-05-13 15:20:38,253 [WARN] PackLoader:240 - Cannot read IP mode file for STMicroelectronics.X-CUBE-AZRTOS-L4.1.0.0
2025-05-13 15:20:38,287 [WARN] PackLoader:240 - Cannot read IP mode file for STMicroelectronics.X-CUBE-ISPU.2.0.0
2025-05-13 15:20:38,317 [ERROR] Engine:466 - C:\Users\msi1\.stm32cubemx\thirdparties\pdsc\STMicroelectronics.X-CUBE-IPS.3.1.0.pdsc: PDSC version is not supported
2025-05-13 15:20:38,351 [WARN] PackLoader:240 - Cannot read IP mode file for STMicroelectronics.X-CUBE-ALS.1.0.2
2025-05-13 15:20:38,459 [WARN] PackLoader:240 - Cannot read IP mode file for STMicroelectronics.X-CUBE-MEMS1.10.0.0
2025-05-13 15:20:38,602 [WARN] PackLoader:240 - Cannot read IP mode file for STMicroelectronics.X-CUBE-FREERTOS.1.1.0
2025-05-13 15:20:38,630 [WARN] PackLoader:240 - Cannot read IP mode file for STMicroelectronics.X-CUBE-TOUCHGFX.4.24.0
2025-05-13 15:20:38,656 [WARN] PackLoader:240 - Cannot read IP mode file for STMicroelectronics.X-CUBE-TOUCHGFX.4.24.2
2025-05-13 15:20:38,701 [WARN] PackLoader:240 - Cannot read IP mode file for STMicroelectronics.X-CUBE-AZRTOS-WL.1.0.0
2025-05-13 15:20:38,731 [WARN] PackLoader:240 - Cannot read IP mode file for STMicroelectronics.X-CUBE-TOUCHGFX.4.24.1
2025-05-13 15:20:38,761 [WARN] PackLoader:240 - Cannot read IP mode file for wolfSSL.I-CUBE-wolfTPM.3.4.0
2025-05-13 15:20:38,818 [WARN] PackLoader:240 - Cannot read IP mode file for portGmbH.I-Cube-SoM-uGOAL.1.1.0
2025-05-13 15:20:38,856 [WARN] PackLoader:240 - Cannot read IP mode file for STMicroelectronics.X-CUBE-ALS.1.0.1
2025-05-13 15:20:38,887 [WARN] PackLoader:240 - Cannot read IP mode file for STMicroelectronics.X-CUBE-AZRTOS-WB.1.1.0
2025-05-13 15:20:38,925 [WARN] PackLoader:240 - Cannot read IP mode file for STMicroelectronics.X-CUBE-AZRTOS-H7RS.1.0.0
2025-05-13 15:20:38,946 [WARN] PackLoader:240 - Cannot read IP mode file for STMicroelectronics.FP-ATR-ASTRA1.2.0.0
2025-05-13 15:20:38,983 [ERROR] Engine:466 - C:\Users\msi1\.stm32cubemx\thirdparties\pdsc\STMicroelectronics.X-CUBE-TOF1.3.4.2.pdsc: PDSC version is not supported
2025-05-13 15:20:39,020 [ERROR] Engine:466 - C:\Users\msi1\.stm32cubemx\thirdparties\pdsc\STMicroelectronics.X-CUBE-TOF1.3.4.3.pdsc: PDSC version is not supported
2025-05-13 15:20:39,056 [WARN] PackLoader:240 - Cannot read IP mode file for STMicroelectronics.X-CUBE-TOF1.3.4.0
2025-05-13 15:20:39,095 [WARN] PackLoader:240 - Cannot read IP mode file for STMicroelectronics.X-CUBE-TOF1.3.4.1
2025-05-13 15:20:39,145 [WARN] PackLoader:240 - Cannot read IP mode file for STMicroelectronics.X-CUBE-AZRTOS-H7.3.2.0
2025-05-13 15:20:39,171 [WARN] PackLoader:240 - Cannot read IP mode file for wolfSSL.I-CUBE-wolfSSH.1.4.17
2025-05-13 15:20:39,172 [INFO] ThirdParty:978 - Integrity check success = true
2025-05-13 15:20:39,172 [INFO] IntegrityCheckThread:100 - exiting critical section [integrity check]
2025-05-13 15:20:39,172 [INFO] IntegrityCheckThread:103 - End integrity checks thread
2025-05-13 15:20:54,088 [ERROR] LogOutputStream:75 - [STDERR_REDIRECT] SLF4J: Failed to load class "org.slf4j.impl.StaticLoggerBinder".
2025-05-13 15:20:54,088 [ERROR] LogOutputStream:75 - [STDERR_REDIRECT] SLF4J: Defaulting to no-operation (NOP) logger implementation
2025-05-13 15:20:54,089 [ERROR] LogOutputStream:75 - [STDERR_REDIRECT] SLF4J: See http://www.slf4j.org/codes.html#StaticLoggerBinder for further details.
