14:43:08 **** Incremental Build of configuration Debug for project stm32f303_pumpcontroller ****
make -j12 all 
arm-none-eabi-size   stm32f303_pumpcontroller.elf 
   text	   data	    bss	    dec	    hex	filename
  16052	    100	   2044	  18196	   4714	stm32f303_pumpcontroller.elf
Finished building: default.size.stdout
 
14:47:21 **** Incremental Build of configuration Debug for project stm32f303_pumpcontroller ****
make -j12 all 
arm-none-eabi-size   stm32f303_pumpcontroller.elf 
   text	   data	    bss	    dec	    hex	filename
  16052	    100	   2044	  18196	   4714	stm32f303_pumpcontroller.elf
Finished building: default.size.stdout
 
14:50:17 **** Incremental Build of configuration Debug for project stm32f303_pumpcontroller ****
make -j12 all 
arm-none-eabi-size   stm32f303_pumpcontroller.elf 
   text	   data	    bss	    dec	    hex	filename
  16052	    100	   2044	  18196	   4714	stm32f303_pumpcontroller.elf
Finished building: default.size.stdout
 
14:55:52 **** Incremental Build of configuration Debug for project stm32f303_pumpcontroller ****
make -j12 all 
arm-none-eabi-gcc "../Core/Src/stm32f3xx_hal_msp.c" -mcpu=cortex-m4 -std=gnu11 -g3 -DDEBUG -DUSE_HAL_DRIVER -DSTM32F303xC -c -I../Core/Inc -I../Drivers/STM32F3xx_HAL_Driver/Inc/Legacy -I../Drivers/STM32F3xx_HAL_Driver/Inc -I../Drivers/CMSIS/Device/ST/STM32F3xx/Include -I../Drivers/CMSIS/Include -O0 -ffunction-sections -fdata-sections -Wall -fstack-usage -fcyclomatic-complexity -MMD -MP -MF"Core/Src/stm32f3xx_hal_msp.d" -MT"Core/Src/stm32f3xx_hal_msp.o" --specs=nano.specs -mfpu=fpv4-sp-d16 -mfloat-abi=hard -mthumb -o "Core/Src/stm32f3xx_hal_msp.o"
arm-none-eabi-gcc "../Core/Src/stm32f3xx_it.c" -mcpu=cortex-m4 -std=gnu11 -g3 -DDEBUG -DUSE_HAL_DRIVER -DSTM32F303xC -c -I../Core/Inc -I../Drivers/STM32F3xx_HAL_Driver/Inc/Legacy -I../Drivers/STM32F3xx_HAL_Driver/Inc -I../Drivers/CMSIS/Device/ST/STM32F3xx/Include -I../Drivers/CMSIS/Include -O0 -ffunction-sections -fdata-sections -Wall -fstack-usage -fcyclomatic-complexity -MMD -MP -MF"Core/Src/stm32f3xx_it.d" -MT"Core/Src/stm32f3xx_it.o" --specs=nano.specs -mfpu=fpv4-sp-d16 -mfloat-abi=hard -mthumb -o "Core/Src/stm32f3xx_it.o"
arm-none-eabi-gcc -o "stm32f303_pumpcontroller.elf" @"objects.list"   -mcpu=cortex-m4 -T"D:\AIFARM\STM32_GREENB\stm32f303_pumpcontroller\STM32F303VCTX_FLASH.ld" --specs=nosys.specs -Wl,-Map="stm32f303_pumpcontroller.map" -Wl,--gc-sections -static --specs=nano.specs -mfpu=fpv4-sp-d16 -mfloat-abi=hard -mthumb -Wl,--start-group -lc -lm -Wl,--end-group
Finished building target: stm32f303_pumpcontroller.elf
 
arm-none-eabi-size   stm32f303_pumpcontroller.elf 
arm-none-eabi-objdump -h -S  stm32f303_pumpcontroller.elf  > "stm32f303_pumpcontroller.list"
   text	   data	    bss	    dec	    hex	filename
  18096	    100	   2044	  20240	   4f10	stm32f303_pumpcontroller.elf
Finished building: default.size.stdout
 
Finished building: stm32f303_pumpcontroller.list
 
