15:12:54 **** Incremental Build of configuration Debug for project stm32f401ccu6_pump ****
make -j12 all 
arm-none-eabi-gcc "../Core/Src/main.c" -mcpu=cortex-m4 -std=gnu11 -g3 -DDEBUG -DUSE_HAL_DRIVER -DSTM32F401xC -c -I../Core/Inc -I../Drivers/STM32F4xx_HAL_Driver/Inc -I../Drivers/STM32F4xx_HAL_Driver/Inc/Legacy -I../Drivers/CMSIS/Device/ST/STM32F4xx/Include -I../Drivers/CMSIS/Include -O0 -ffunction-sections -fdata-sections -Wall -fstack-usage -fcyclomatic-complexity -MMD -MP -MF"Core/Src/main.d" -MT"Core/Src/main.o" --specs=nano.specs -mfpu=fpv4-sp-d16 -mfloat-abi=hard -mthumb -o "Core/Src/main.o"
arm-none-eabi-gcc -o "stm32f401ccu6_pump.elf" @"objects.list"   -mcpu=cortex-m4 -T"D:\AIFARM\STM32_GREENB\stm32f401ccu6_pump\STM32F401CCUX_FLASH.ld" --specs=nosys.specs -Wl,-Map="stm32f401ccu6_pump.map" -Wl,--gc-sections -static --specs=nano.specs -mfpu=fpv4-sp-d16 -mfloat-abi=hard -mthumb -Wl,--start-group -lc -lm -Wl,--end-group
Finished building target: stm32f401ccu6_pump.elf
 
arm-none-eabi-size   stm32f401ccu6_pump.elf 
arm-none-eabi-objdump -h -S  stm32f401ccu6_pump.elf  > "stm32f401ccu6_pump.list"
   text	   data	    bss	    dec	    hex	filename
   8236	     20	   1644	   9900	   26ac	stm32f401ccu6_pump.elf
Finished building: default.size.stdout
 
Finished building: stm32f401ccu6_pump.list
 

15:12:55 Build Finished. 0 errors, 0 warnings. (took 707ms)

