15:33:38 **** Build of configuration Debug for project stm32f303_soil_sensor ****
make -j12 all 
arm-none-eabi-gcc "../Core/Src/main.c" -mcpu=cortex-m4 -std=gnu11 -g3 -DDEBUG -DUSE_HAL_DRIVER -DSTM32F303xC -c -I../Core/Inc -I../Drivers/STM32F3xx_HAL_Driver/Inc/Legacy -I../Drivers/STM32F3xx_HAL_Driver/Inc -I../Drivers/CMSIS/Device/ST/STM32F3xx/Include -I../Drivers/CMSIS/Include -O0 -ffunction-sections -fdata-sections -Wall -fstack-usage -fcyclomatic-complexity -MMD -MP -MF"Core/Src/main.d" -MT"Core/Src/main.o" --specs=nano.specs -mfpu=fpv4-sp-d16 -mfloat-abi=hard -mthumb -o "Core/Src/main.o"
arm-none-eabi-gcc -o "stm32f303_soil_sensor.elf" @"objects.list"   -mcpu=cortex-m4 -T"D:\AIFARM\STM32_GREENB\stm32f303_soil_sensor\STM32F303VCTX_FLASH.ld" --specs=nosys.specs -Wl,-Map="stm32f303_soil_sensor.map" -Wl,--gc-sections -static --specs=nano.specs -mfpu=fpv4-sp-d16 -mfloat-abi=hard -mthumb -Wl,--start-group -lc -lm -Wl,--end-group
Finished building target: stm32f303_soil_sensor.elf
 
arm-none-eabi-size   stm32f303_soil_sensor.elf 
arm-none-eabi-objdump -h -S  stm32f303_soil_sensor.elf  > "stm32f303_soil_sensor.list"
   text	   data	    bss	    dec	    hex	filename
  14796	     20	   1732	  16548	   40a4	stm32f303_soil_sensor.elf
Finished building: default.size.stdout
 
Finished building: stm32f303_soil_sensor.list
 

15:33:42 Build Finished. 0 errors, 0 warnings. (took 4s.152ms)

