10:18:41 **** Incremental Build of configuration Debug for project stm32f103cbt6_soil_sensor ****
make -j12 all 
arm-none-eabi-gcc "../Core/Src/main.c" -mcpu=cortex-m3 -std=gnu11 -g3 -DDEBUG -DUSE_HAL_DRIVER -DSTM32F103xB -c -I../Core/Inc -I../Drivers/STM32F1xx_HAL_Driver/Inc/Legacy -I../Drivers/STM32F1xx_HAL_Driver/Inc -I../Drivers/CMSIS/Device/ST/STM32F1xx/Include -I../Drivers/CMSIS/Include -O0 -ffunction-sections -fdata-sections -Wall -fstack-usage -fcyclomatic-complexity -MMD -MP -MF"Core/Src/main.d" -MT"Core/Src/main.o" --specs=nano.specs -mfloat-abi=soft -mthumb -o "Core/Src/main.o"
arm-none-eabi-gcc -o "stm32f103cbt6_soil_sensor.elf" @"objects.list"   -mcpu=cortex-m3 -T"D:\AIFARM\STM32_GREENB\stm32f103cbt6_soil_sensor\STM32F103CBTX_FLASH.ld" --specs=nosys.specs -Wl,-Map="stm32f103cbt6_soil_sensor.map" -Wl,--gc-sections -static --specs=nano.specs -mfloat-abi=soft -mthumb -Wl,--start-group -lc -lm -Wl,--end-group
Finished building target: stm32f103cbt6_soil_sensor.elf
 
arm-none-eabi-size   stm32f103cbt6_soil_sensor.elf 
arm-none-eabi-objdump -h -S  stm32f103cbt6_soil_sensor.elf  > "stm32f103cbt6_soil_sensor.list"
   text	   data	    bss	    dec	    hex	filename
   9136	     20	   1660	  10816	   2a40	stm32f103cbt6_soil_sensor.elf
Finished building: default.size.stdout
 
Finished building: stm32f103cbt6_soil_sensor.list
 

10:18:42 Build Finished. 0 errors, 0 warnings. (took 784ms)

